<?xml version="1.0" encoding="ISO-8859-1" ?>
<link_info>
   <banner>TI ARM Linker PC v18.12.2.LTS</banner>
   <copyright>Copyright (c) 1996-2018 Texas Instruments Incorporated</copyright>
   <link_time>0x5fa85ec1</link_time>
   <link_errors>0x0</link_errors>
   <output_file>JubileuBot.out</output_file>
   <entry_point>
      <name>_c_int00_noargs</name>
      <address>0xe1c5</address>
   </entry_point>
   <input_file_list>
      <input_file id="fl-2">
         <path>.\</path>
         <kind>object</kind>
         <file>tm4c1294ncpdt_startup_ccs.obj</file>
         <name>tm4c1294ncpdt_startup_ccs.obj</name>
      </input_file>
      <input_file id="fl-3">
         <path>.\driverlib\</path>
         <kind>object</kind>
         <file>adc.obj</file>
         <name>adc.obj</name>
      </input_file>
      <input_file id="fl-4">
         <path>.\driverlib\</path>
         <kind>object</kind>
         <file>aes.obj</file>
         <name>aes.obj</name>
      </input_file>
      <input_file id="fl-5">
         <path>.\driverlib\</path>
         <kind>object</kind>
         <file>can.obj</file>
         <name>can.obj</name>
      </input_file>
      <input_file id="fl-6">
         <path>.\driverlib\</path>
         <kind>object</kind>
         <file>comp.obj</file>
         <name>comp.obj</name>
      </input_file>
      <input_file id="fl-7">
         <path>.\driverlib\</path>
         <kind>object</kind>
         <file>cpu.obj</file>
         <name>cpu.obj</name>
      </input_file>
      <input_file id="fl-8">
         <path>.\driverlib\</path>
         <kind>object</kind>
         <file>crc.obj</file>
         <name>crc.obj</name>
      </input_file>
      <input_file id="fl-9">
         <path>.\driverlib\</path>
         <kind>object</kind>
         <file>des.obj</file>
         <name>des.obj</name>
      </input_file>
      <input_file id="fl-a">
         <path>.\driverlib\</path>
         <kind>object</kind>
         <file>eeprom.obj</file>
         <name>eeprom.obj</name>
      </input_file>
      <input_file id="fl-b">
         <path>.\driverlib\</path>
         <kind>object</kind>
         <file>emac.obj</file>
         <name>emac.obj</name>
      </input_file>
      <input_file id="fl-c">
         <path>.\driverlib\</path>
         <kind>object</kind>
         <file>epi.obj</file>
         <name>epi.obj</name>
      </input_file>
      <input_file id="fl-d">
         <path>.\driverlib\</path>
         <kind>object</kind>
         <file>epi_workaround_ccs.obj</file>
         <name>epi_workaround_ccs.obj</name>
      </input_file>
      <input_file id="fl-e">
         <path>.\driverlib\</path>
         <kind>object</kind>
         <file>flash.obj</file>
         <name>flash.obj</name>
      </input_file>
      <input_file id="fl-f">
         <path>.\driverlib\</path>
         <kind>object</kind>
         <file>fpu.obj</file>
         <name>fpu.obj</name>
      </input_file>
      <input_file id="fl-10">
         <path>.\driverlib\</path>
         <kind>object</kind>
         <file>gpio.obj</file>
         <name>gpio.obj</name>
      </input_file>
      <input_file id="fl-11">
         <path>.\driverlib\</path>
         <kind>object</kind>
         <file>hibernate.obj</file>
         <name>hibernate.obj</name>
      </input_file>
      <input_file id="fl-12">
         <path>.\driverlib\</path>
         <kind>object</kind>
         <file>i2c.obj</file>
         <name>i2c.obj</name>
      </input_file>
      <input_file id="fl-13">
         <path>.\driverlib\</path>
         <kind>object</kind>
         <file>interrupt.obj</file>
         <name>interrupt.obj</name>
      </input_file>
      <input_file id="fl-14">
         <path>.\driverlib\</path>
         <kind>object</kind>
         <file>lcd.obj</file>
         <name>lcd.obj</name>
      </input_file>
      <input_file id="fl-15">
         <path>.\driverlib\</path>
         <kind>object</kind>
         <file>mpu.obj</file>
         <name>mpu.obj</name>
      </input_file>
      <input_file id="fl-16">
         <path>.\driverlib\</path>
         <kind>object</kind>
         <file>onewire.obj</file>
         <name>onewire.obj</name>
      </input_file>
      <input_file id="fl-17">
         <path>.\driverlib\</path>
         <kind>object</kind>
         <file>pwm.obj</file>
         <name>pwm.obj</name>
      </input_file>
      <input_file id="fl-18">
         <path>.\driverlib\</path>
         <kind>object</kind>
         <file>qei.obj</file>
         <name>qei.obj</name>
      </input_file>
      <input_file id="fl-19">
         <path>.\driverlib\</path>
         <kind>object</kind>
         <file>shamd5.obj</file>
         <name>shamd5.obj</name>
      </input_file>
      <input_file id="fl-1a">
         <path>.\driverlib\</path>
         <kind>object</kind>
         <file>ssi.obj</file>
         <name>ssi.obj</name>
      </input_file>
      <input_file id="fl-1b">
         <path>.\driverlib\</path>
         <kind>object</kind>
         <file>sw_crc.obj</file>
         <name>sw_crc.obj</name>
      </input_file>
      <input_file id="fl-1c">
         <path>.\driverlib\</path>
         <kind>object</kind>
         <file>sysctl.obj</file>
         <name>sysctl.obj</name>
      </input_file>
      <input_file id="fl-1d">
         <path>.\driverlib\</path>
         <kind>object</kind>
         <file>sysexc.obj</file>
         <name>sysexc.obj</name>
      </input_file>
      <input_file id="fl-1e">
         <path>.\driverlib\</path>
         <kind>object</kind>
         <file>systick.obj</file>
         <name>systick.obj</name>
      </input_file>
      <input_file id="fl-1f">
         <path>.\driverlib\</path>
         <kind>object</kind>
         <file>timer.obj</file>
         <name>timer.obj</name>
      </input_file>
      <input_file id="fl-20">
         <path>.\driverlib\</path>
         <kind>object</kind>
         <file>uart.obj</file>
         <name>uart.obj</name>
      </input_file>
      <input_file id="fl-21">
         <path>.\driverlib\</path>
         <kind>object</kind>
         <file>udma.obj</file>
         <name>udma.obj</name>
      </input_file>
      <input_file id="fl-22">
         <path>.\driverlib\</path>
         <kind>object</kind>
         <file>usb.obj</file>
         <name>usb.obj</name>
      </input_file>
      <input_file id="fl-23">
         <path>.\driverlib\</path>
         <kind>object</kind>
         <file>watchdog.obj</file>
         <name>watchdog.obj</name>
      </input_file>
      <input_file id="fl-24">
         <path>.\src\</path>
         <kind>object</kind>
         <file>LinkedList.obj</file>
         <name>LinkedList.obj</name>
      </input_file>
      <input_file id="fl-25">
         <path>.\src\</path>
         <kind>object</kind>
         <file>StateMachineComm.obj</file>
         <name>StateMachineComm.obj</name>
      </input_file>
      <input_file id="fl-26">
         <path>.\src\</path>
         <kind>object</kind>
         <file>StateMachineSupervisores.obj</file>
         <name>StateMachineSupervisores.obj</name>
      </input_file>
      <input_file id="fl-27">
         <path>.\src\</path>
         <kind>object</kind>
         <file>SupervisorFuzzy.obj</file>
         <name>SupervisorFuzzy.obj</name>
      </input_file>
      <input_file id="fl-28">
         <path>.\src\</path>
         <kind>object</kind>
         <file>SupervisorHibrido.obj</file>
         <name>SupervisorHibrido.obj</name>
      </input_file>
      <input_file id="fl-29">
         <path>.\src\</path>
         <kind>object</kind>
         <file>main.obj</file>
         <name>main.obj</name>
      </input_file>
      <input_file id="fl-2a">
         <path>.\utils\</path>
         <kind>object</kind>
         <file>uartstdio.obj</file>
         <name>uartstdio.obj</name>
      </input_file>
      <input_file id="fl-2e">
         <kind>object</kind>
         <file>&lt;internal&gt;</file>
         <name>&lt;internal&gt;</name>
      </input_file>
      <input_file id="fl-e4">
         <path>C:\ti\ccs910\ccs\tools\compiler\ti-cgt-arm_18.12.2.LTS\lib\</path>
         <kind>archive</kind>
         <file>rtsv7M4_T_le_v4SPD16_eabi.lib</file>
         <name>s_cosf.c.obj</name>
      </input_file>
      <input_file id="fl-e5">
         <path>C:\ti\ccs910\ccs\tools\compiler\ti-cgt-arm_18.12.2.LTS\lib\</path>
         <kind>archive</kind>
         <file>rtsv7M4_T_le_v4SPD16_eabi.lib</file>
         <name>s_sinf.c.obj</name>
      </input_file>
      <input_file id="fl-e6">
         <path>C:\ti\ccs910\ccs\tools\compiler\ti-cgt-arm_18.12.2.LTS\lib\</path>
         <kind>archive</kind>
         <file>rtsv7M4_T_le_v4SPD16_eabi.lib</file>
         <name>ti_fmax.c.obj</name>
      </input_file>
      <input_file id="fl-e7">
         <path>C:\ti\ccs910\ccs\tools\compiler\ti-cgt-arm_18.12.2.LTS\lib\</path>
         <kind>archive</kind>
         <file>rtsv7M4_T_le_v4SPD16_eabi.lib</file>
         <name>e_atan2.c.obj</name>
      </input_file>
      <input_file id="fl-e8">
         <path>C:\ti\ccs910\ccs\tools\compiler\ti-cgt-arm_18.12.2.LTS\lib\</path>
         <kind>archive</kind>
         <file>rtsv7M4_T_le_v4SPD16_eabi.lib</file>
         <name>e_sqrt.c.obj</name>
      </input_file>
      <input_file id="fl-e9">
         <path>C:\ti\ccs910\ccs\tools\compiler\ti-cgt-arm_18.12.2.LTS\lib\</path>
         <kind>archive</kind>
         <file>rtsv7M4_T_le_v4SPD16_eabi.lib</file>
         <name>s_atan.c.obj</name>
      </input_file>
      <input_file id="fl-ea">
         <path>C:\ti\ccs910\ccs\tools\compiler\ti-cgt-arm_18.12.2.LTS\lib\</path>
         <kind>archive</kind>
         <file>rtsv7M4_T_le_v4SPD16_eabi.lib</file>
         <name>s_cos.c.obj</name>
      </input_file>
      <input_file id="fl-eb">
         <path>C:\ti\ccs910\ccs\tools\compiler\ti-cgt-arm_18.12.2.LTS\lib\</path>
         <kind>archive</kind>
         <file>rtsv7M4_T_le_v4SPD16_eabi.lib</file>
         <name>s_sin.c.obj</name>
      </input_file>
      <input_file id="fl-ec">
         <path>C:\ti\ccs910\ccs\tools\compiler\ti-cgt-arm_18.12.2.LTS\lib\</path>
         <kind>archive</kind>
         <file>rtsv7M4_T_le_v4SPD16_eabi.lib</file>
         <name>fd_add_t2.asm.obj</name>
      </input_file>
      <input_file id="fl-ed">
         <path>C:\ti\ccs910\ccs\tools\compiler\ti-cgt-arm_18.12.2.LTS\lib\</path>
         <kind>archive</kind>
         <file>rtsv7M4_T_le_v4SPD16_eabi.lib</file>
         <name>fd_cmp_t2.asm.obj</name>
      </input_file>
      <input_file id="fl-ee">
         <path>C:\ti\ccs910\ccs\tools\compiler\ti-cgt-arm_18.12.2.LTS\lib\</path>
         <kind>archive</kind>
         <file>rtsv7M4_T_le_v4SPD16_eabi.lib</file>
         <name>fd_div_t2.asm.obj</name>
      </input_file>
      <input_file id="fl-ef">
         <path>C:\ti\ccs910\ccs\tools\compiler\ti-cgt-arm_18.12.2.LTS\lib\</path>
         <kind>archive</kind>
         <file>rtsv7M4_T_le_v4SPD16_eabi.lib</file>
         <name>fd_mul_t2.asm.obj</name>
      </input_file>
      <input_file id="fl-f0">
         <path>C:\ti\ccs910\ccs\tools\compiler\ti-cgt-arm_18.12.2.LTS\lib\</path>
         <kind>archive</kind>
         <file>rtsv7M4_T_le_v4SPD16_eabi.lib</file>
         <name>fd_toi_t2.asm.obj</name>
      </input_file>
      <input_file id="fl-f1">
         <path>C:\ti\ccs910\ccs\tools\compiler\ti-cgt-arm_18.12.2.LTS\lib\</path>
         <kind>archive</kind>
         <file>rtsv7M4_T_le_v4SPD16_eabi.lib</file>
         <name>fd_tos_t2.asm.obj</name>
      </input_file>
      <input_file id="fl-f2">
         <path>C:\ti\ccs910\ccs\tools\compiler\ti-cgt-arm_18.12.2.LTS\lib\</path>
         <kind>archive</kind>
         <file>rtsv7M4_T_le_v4SPD16_eabi.lib</file>
         <name>fs_tod_t2.asm.obj</name>
      </input_file>
      <input_file id="fl-f3">
         <path>C:\ti\ccs910\ccs\tools\compiler\ti-cgt-arm_18.12.2.LTS\lib\</path>
         <kind>archive</kind>
         <file>rtsv7M4_T_le_v4SPD16_eabi.lib</file>
         <name>i_tofd_t2.asm.obj</name>
      </input_file>
      <input_file id="fl-f4">
         <path>C:\ti\ccs910\ccs\tools\compiler\ti-cgt-arm_18.12.2.LTS\lib\</path>
         <kind>archive</kind>
         <file>rtsv7M4_T_le_v4SPD16_eabi.lib</file>
         <name>u_tofd_t2.asm.obj</name>
      </input_file>
      <input_file id="fl-f5">
         <path>C:\ti\ccs910\ccs\tools\compiler\ti-cgt-arm_18.12.2.LTS\lib\</path>
         <kind>archive</kind>
         <file>rtsv7M4_T_le_v4SPD16_eabi.lib</file>
         <name>u_divt2.asm.obj</name>
      </input_file>
      <input_file id="fl-f6">
         <path>C:\ti\ccs910\ccs\tools\compiler\ti-cgt-arm_18.12.2.LTS\lib\</path>
         <kind>archive</kind>
         <file>rtsv7M4_T_le_v4SPD16_eabi.lib</file>
         <name>copy_zero_init.c.obj</name>
      </input_file>
      <input_file id="fl-f7">
         <path>C:\ti\ccs910\ccs\tools\compiler\ti-cgt-arm_18.12.2.LTS\lib\</path>
         <kind>archive</kind>
         <file>rtsv7M4_T_le_v4SPD16_eabi.lib</file>
         <name>copy_decompress_none.c.obj</name>
      </input_file>
      <input_file id="fl-f8">
         <path>C:\ti\ccs910\ccs\tools\compiler\ti-cgt-arm_18.12.2.LTS\lib\</path>
         <kind>archive</kind>
         <file>rtsv7M4_T_le_v4SPD16_eabi.lib</file>
         <name>copy_decompress_lzss.c.obj</name>
      </input_file>
      <input_file id="fl-f9">
         <path>C:\ti\ccs910\ccs\tools\compiler\ti-cgt-arm_18.12.2.LTS\lib\</path>
         <kind>archive</kind>
         <file>rtsv7M4_T_le_v4SPD16_eabi.lib</file>
         <name>k_rem_pio2.c.obj</name>
      </input_file>
      <input_file id="fl-fa">
         <path>C:\ti\ccs910\ccs\tools\compiler\ti-cgt-arm_18.12.2.LTS\lib\</path>
         <kind>archive</kind>
         <file>rtsv7M4_T_le_v4SPD16_eabi.lib</file>
         <name>boot_cortex_m.c.obj</name>
      </input_file>
      <input_file id="fl-fb">
         <path>C:\ti\ccs910\ccs\tools\compiler\ti-cgt-arm_18.12.2.LTS\lib\</path>
         <kind>archive</kind>
         <file>rtsv7M4_T_le_v4SPD16_eabi.lib</file>
         <name>errno.c.obj</name>
      </input_file>
      <input_file id="fl-fc">
         <path>C:\ti\ccs910\ccs\tools\compiler\ti-cgt-arm_18.12.2.LTS\lib\</path>
         <kind>archive</kind>
         <file>rtsv7M4_T_le_v4SPD16_eabi.lib</file>
         <name>k_cos.c.obj</name>
      </input_file>
      <input_file id="fl-fd">
         <path>C:\ti\ccs910\ccs\tools\compiler\ti-cgt-arm_18.12.2.LTS\lib\</path>
         <kind>archive</kind>
         <file>rtsv7M4_T_le_v4SPD16_eabi.lib</file>
         <name>k_sin.c.obj</name>
      </input_file>
      <input_file id="fl-fe">
         <path>C:\ti\ccs910\ccs\tools\compiler\ti-cgt-arm_18.12.2.LTS\lib\</path>
         <kind>archive</kind>
         <file>rtsv7M4_T_le_v4SPD16_eabi.lib</file>
         <name>s_floor.c.obj</name>
      </input_file>
      <input_file id="fl-ff">
         <path>C:\ti\ccs910\ccs\tools\compiler\ti-cgt-arm_18.12.2.LTS\lib\</path>
         <kind>archive</kind>
         <file>rtsv7M4_T_le_v4SPD16_eabi.lib</file>
         <name>s_scalbn.c.obj</name>
      </input_file>
      <input_file id="fl-100">
         <path>C:\ti\ccs910\ccs\tools\compiler\ti-cgt-arm_18.12.2.LTS\lib\</path>
         <kind>archive</kind>
         <file>rtsv7M4_T_le_v4SPD16_eabi.lib</file>
         <name>div0.asm.obj</name>
      </input_file>
      <input_file id="fl-101">
         <path>C:\ti\ccs910\ccs\tools\compiler\ti-cgt-arm_18.12.2.LTS\lib\</path>
         <kind>archive</kind>
         <file>rtsv7M4_T_le_v4SPD16_eabi.lib</file>
         <name>memset_t2.asm.obj</name>
      </input_file>
      <input_file id="fl-102">
         <path>C:\ti\ccs910\ccs\tools\compiler\ti-cgt-arm_18.12.2.LTS\lib\</path>
         <kind>archive</kind>
         <file>rtsv7M4_T_le_v4SPD16_eabi.lib</file>
         <name>memcpy_t2.asm.obj</name>
      </input_file>
      <input_file id="fl-103">
         <path>C:\ti\ccs910\ccs\tools\compiler\ti-cgt-arm_18.12.2.LTS\lib\</path>
         <kind>archive</kind>
         <file>rtsv7M4_T_le_v4SPD16_eabi.lib</file>
         <name>autoinit.c.obj</name>
      </input_file>
      <input_file id="fl-104">
         <path>C:\ti\ccs910\ccs\tools\compiler\ti-cgt-arm_18.12.2.LTS\lib\</path>
         <kind>archive</kind>
         <file>rtsv7M4_T_le_v4SPD16_eabi.lib</file>
         <name>pre_init.c.obj</name>
      </input_file>
      <input_file id="fl-105">
         <path>C:\ti\ccs910\ccs\tools\compiler\ti-cgt-arm_18.12.2.LTS\lib\</path>
         <kind>archive</kind>
         <file>rtsv7M4_T_le_v4SPD16_eabi.lib</file>
         <name>cpy_tbl.c.obj</name>
      </input_file>
      <input_file id="fl-106">
         <path>C:\ti\ccs910\ccs\tools\compiler\ti-cgt-arm_18.12.2.LTS\lib\</path>
         <kind>archive</kind>
         <file>rtsv7M4_T_le_v4SPD16_eabi.lib</file>
         <name>exit.c.obj</name>
      </input_file>
      <input_file id="fl-107">
         <path>C:\ti\ccs910\ccs\tools\compiler\ti-cgt-arm_18.12.2.LTS\lib\</path>
         <kind>archive</kind>
         <file>rtsv7M4_T_le_v4SPD16_eabi.lib</file>
         <name>_lock.c.obj</name>
      </input_file>
      <input_file id="fl-108">
         <path>C:\ti\ccs910\ccs\tools\compiler\ti-cgt-arm_18.12.2.LTS\lib\</path>
         <kind>archive</kind>
         <file>rtsv7M4_T_le_v4SPD16_eabi.lib</file>
         <name>args_main.c.obj</name>
      </input_file>
      <input_file id="fl-109">
         <path>C:\ti\ccs910\ccs\tools\compiler\ti-cgt-arm_18.12.2.LTS\lib\</path>
         <kind>archive</kind>
         <file>rtsv7M4_T_le_v4SPD16_eabi.lib</file>
         <name>s_copysign.c.obj</name>
      </input_file>
   </input_file_list>
   <object_component_list>
      <object_component id="oc-f">
         <name>.intvecs</name>
         <load_address>0x0</load_address>
         <run_address>0x0</run_address>
         <size>0x208</size>
         <input_file_ref idref="fl-2"/>
      </object_component>
      <object_component id="oc-1ad">
         <name>.text</name>
         <load_address>0x208</load_address>
         <run_address>0x208</run_address>
         <size>0x39d0</size>
         <input_file_ref idref="fl-27"/>
      </object_component>
      <object_component id="oc-1a7">
         <name>.text</name>
         <load_address>0x3bd8</load_address>
         <run_address>0x3bd8</run_address>
         <size>0x1b7c</size>
         <input_file_ref idref="fl-28"/>
      </object_component>
      <object_component id="oc-2a">
         <name>.text</name>
         <load_address>0x5754</load_address>
         <run_address>0x5754</run_address>
         <size>0x131c</size>
         <input_file_ref idref="fl-29"/>
      </object_component>
      <object_component id="oc-71">
         <name>.text</name>
         <load_address>0x6a70</load_address>
         <run_address>0x6a70</run_address>
         <size>0xf80</size>
         <input_file_ref idref="fl-1c"/>
      </object_component>
      <object_component id="oc-287">
         <name>.text</name>
         <load_address>0x79f0</load_address>
         <run_address>0x79f0</run_address>
         <size>0xef4</size>
         <input_file_ref idref="fl-24"/>
      </object_component>
      <object_component id="oc-77">
         <name>.text</name>
         <load_address>0x88e4</load_address>
         <run_address>0x88e4</run_address>
         <size>0xb94</size>
         <input_file_ref idref="fl-10"/>
      </object_component>
      <object_component id="oc-83">
         <name>.text</name>
         <load_address>0x9478</load_address>
         <run_address>0x9478</run_address>
         <size>0x83a</size>
         <input_file_ref idref="fl-3"/>
      </object_component>
      <object_component id="oc-2d2">
         <name>.text:__kernel_rem_pio2</name>
         <load_address>0x9cb4</load_address>
         <run_address>0x9cb4</run_address>
         <size>0x738</size>
         <input_file_ref idref="fl-f9"/>
      </object_component>
      <object_component id="oc-89">
         <name>.text</name>
         <load_address>0xa3ec</load_address>
         <run_address>0xa3ec</run_address>
         <size>0x718</size>
         <input_file_ref idref="fl-17"/>
      </object_component>
      <object_component id="oc-7d">
         <name>.text</name>
         <load_address>0xab04</load_address>
         <run_address>0xab04</run_address>
         <size>0x642</size>
         <input_file_ref idref="fl-1f"/>
      </object_component>
      <object_component id="oc-8f">
         <name>.text</name>
         <load_address>0xb148</load_address>
         <run_address>0xb148</run_address>
         <size>0x62e</size>
         <input_file_ref idref="fl-20"/>
      </object_component>
      <object_component id="oc-273">
         <name>.text:cos</name>
         <load_address>0xb778</load_address>
         <run_address>0xb778</run_address>
         <size>0x5dc</size>
         <input_file_ref idref="fl-ea"/>
      </object_component>
      <object_component id="oc-26d">
         <name>.text:sin</name>
         <load_address>0xbd54</load_address>
         <run_address>0xbd54</run_address>
         <size>0x5c4</size>
         <input_file_ref idref="fl-eb"/>
      </object_component>
      <object_component id="oc-9b">
         <name>.text</name>
         <load_address>0xc318</load_address>
         <run_address>0xc318</run_address>
         <size>0x42c</size>
         <input_file_ref idref="fl-25"/>
      </object_component>
      <object_component id="oc-95">
         <name>.text</name>
         <load_address>0xc744</load_address>
         <run_address>0xc744</run_address>
         <size>0x3c0</size>
         <input_file_ref idref="fl-13"/>
      </object_component>
      <object_component id="oc-2bf">
         <name>.text:atan</name>
         <load_address>0xcb04</load_address>
         <run_address>0xcb04</run_address>
         <size>0x2ec</size>
         <input_file_ref idref="fl-e9"/>
      </object_component>
      <object_component id="oc-267">
         <name>.text:atan2</name>
         <load_address>0xcdf0</load_address>
         <run_address>0xcdf0</run_address>
         <size>0x1d8</size>
         <input_file_ref idref="fl-e7"/>
      </object_component>
      <object_component id="oc-c5">
         <name>.text</name>
         <load_address>0xcfc8</load_address>
         <run_address>0xcfc8</run_address>
         <size>0x1b6</size>
         <input_file_ref idref="fl-ec"/>
      </object_component>
      <object_component id="oc-2cc">
         <name>.text:__kernel_sin</name>
         <load_address>0xd180</load_address>
         <run_address>0xd180</run_address>
         <size>0x174</size>
         <input_file_ref idref="fl-fd"/>
      </object_component>
      <object_component id="oc-2d8">
         <name>.text:__kernel_cos</name>
         <load_address>0xd2f4</load_address>
         <run_address>0xd2f4</run_address>
         <size>0x16c</size>
         <input_file_ref idref="fl-fc"/>
      </object_component>
      <object_component id="oc-ba">
         <name>.text:sqrt</name>
         <load_address>0xd460</load_address>
         <run_address>0xd460</run_address>
         <size>0x158</size>
         <input_file_ref idref="fl-e8"/>
      </object_component>
      <object_component id="oc-cf">
         <name>.text</name>
         <load_address>0xd5b8</load_address>
         <run_address>0xd5b8</run_address>
         <size>0x136</size>
         <input_file_ref idref="fl-ee"/>
      </object_component>
      <object_component id="oc-318">
         <name>.text:scalbn</name>
         <load_address>0xd6f0</load_address>
         <run_address>0xd6f0</run_address>
         <size>0x110</size>
         <input_file_ref idref="fl-ff"/>
      </object_component>
      <object_component id="oc-c0">
         <name>.text</name>
         <load_address>0xd800</load_address>
         <run_address>0xd800</run_address>
         <size>0xfc</size>
         <input_file_ref idref="fl-ef"/>
      </object_component>
      <object_component id="oc-31e">
         <name>.text:floor</name>
         <load_address>0xd8fc</load_address>
         <run_address>0xd8fc</run_address>
         <size>0xf8</size>
         <input_file_ref idref="fl-fe"/>
      </object_component>
      <object_component id="oc-aa">
         <name>.text</name>
         <load_address>0xd9f4</load_address>
         <run_address>0xd9f4</run_address>
         <size>0xdc</size>
         <input_file_ref idref="fl-26"/>
      </object_component>
      <object_component id="oc-279">
         <name>.text:fmin</name>
         <load_address>0xdad0</load_address>
         <run_address>0xdad0</run_address>
         <size>0xd4</size>
         <input_file_ref idref="fl-e6"/>
      </object_component>
      <object_component id="oc-27f">
         <name>.text:fmax</name>
         <load_address>0xdba4</load_address>
         <run_address>0xdba4</run_address>
         <size>0xcc</size>
         <input_file_ref idref="fl-e6"/>
      </object_component>
      <object_component id="oc-d4">
         <name>.text:cosf</name>
         <load_address>0xdc70</load_address>
         <run_address>0xdc70</run_address>
         <size>0xb4</size>
         <input_file_ref idref="fl-e4"/>
      </object_component>
      <object_component id="oc-da">
         <name>.text:sinf</name>
         <load_address>0xdd24</load_address>
         <run_address>0xdd24</run_address>
         <size>0xa4</size>
         <input_file_ref idref="fl-e5"/>
      </object_component>
      <object_component id="oc-3e">
         <name>.text</name>
         <load_address>0xddc8</load_address>
         <run_address>0xddc8</run_address>
         <size>0x9c</size>
         <input_file_ref idref="fl-102"/>
      </object_component>
      <object_component id="oc-e5">
         <name>.text:__aeabi_cdcmple</name>
         <load_address>0xde64</load_address>
         <run_address>0xde64</run_address>
         <size>0x86</size>
         <input_file_ref idref="fl-ed"/>
      </object_component>
      <object_component id="oc-e0">
         <name>.text:__aeabi_cdrcmple</name>
         <load_address>0xdeea</load_address>
         <run_address>0xdeea</run_address>
         <size>0x86</size>
         <input_file_ref idref="fl-ed"/>
      </object_component>
      <object_component id="oc-123">
         <name>.text</name>
         <load_address>0xdf70</load_address>
         <run_address>0xdf70</run_address>
         <size>0x7a</size>
         <input_file_ref idref="fl-101"/>
      </object_component>
      <object_component id="oc-b0">
         <name>.text</name>
         <load_address>0xdfea</load_address>
         <run_address>0xdfea</run_address>
         <size>0x6e</size>
         <input_file_ref idref="fl-f1"/>
      </object_component>
      <object_component id="oc-12">
         <name>.text:decompress:lzss:__TI_decompress_lzss</name>
         <load_address>0xe058</load_address>
         <run_address>0xe058</run_address>
         <size>0x68</size>
         <input_file_ref idref="fl-f8"/>
      </object_component>
      <object_component id="oc-2c7">
         <name>.text</name>
         <load_address>0xe0c0</load_address>
         <run_address>0xe0c0</run_address>
         <size>0x48</size>
         <input_file_ref idref="fl-f0"/>
      </object_component>
      <object_component id="oc-1ef">
         <name>.text:__TI_auto_init_nobinit_nopinit:__TI_auto_init_nobinit_nopinit</name>
         <load_address>0xe108</load_address>
         <run_address>0xe108</run_address>
         <size>0x44</size>
         <input_file_ref idref="fl-103"/>
      </object_component>
      <object_component id="oc-13e">
         <name>.text</name>
         <load_address>0xe14c</load_address>
         <run_address>0xe14c</run_address>
         <size>0x3e</size>
         <input_file_ref idref="fl-7"/>
      </object_component>
      <object_component id="oc-a5">
         <name>.text</name>
         <load_address>0xe18a</load_address>
         <run_address>0xe18a</run_address>
         <size>0x38</size>
         <input_file_ref idref="fl-f2"/>
      </object_component>
      <object_component id="oc-5c">
         <name>.text:_c_int00_noargs:_c_int00_noargs</name>
         <load_address>0xe1c4</load_address>
         <run_address>0xe1c4</run_address>
         <size>0x34</size>
         <input_file_ref idref="fl-fa"/>
      </object_component>
      <object_component id="oc-ca">
         <name>.text</name>
         <load_address>0xe1f8</load_address>
         <run_address>0xe1f8</run_address>
         <size>0x2e</size>
         <input_file_ref idref="fl-f3"/>
      </object_component>
      <object_component id="oc-ea">
         <name>.text</name>
         <load_address>0xe226</load_address>
         <run_address>0xe226</run_address>
         <size>0x20</size>
         <input_file_ref idref="fl-f4"/>
      </object_component>
      <object_component id="oc-34c">
         <name>.text:copysign</name>
         <load_address>0xe246</load_address>
         <run_address>0xe246</run_address>
         <size>0x1a</size>
         <input_file_ref idref="fl-109"/>
      </object_component>
      <object_component id="oc-18">
         <name>.text:decompress:none:__TI_decompress_none</name>
         <load_address>0xe260</load_address>
         <run_address>0xe260</run_address>
         <size>0xe</size>
         <input_file_ref idref="fl-f7"/>
      </object_component>
      <object_component id="oc-50">
         <name>.text:decompress:ZI:__TI_zero_init</name>
         <load_address>0xe26e</load_address>
         <run_address>0xe26e</run_address>
         <size>0xc</size>
         <input_file_ref idref="fl-f6"/>
      </object_component>
      <object_component id="oc-24">
         <name>.text</name>
         <load_address>0xe27a</load_address>
         <run_address>0xe27a</run_address>
         <size>0xc</size>
         <input_file_ref idref="fl-2"/>
      </object_component>
      <object_component id="oc-1b6">
         <name>.text:__aeabi_errno_addr</name>
         <load_address>0xe288</load_address>
         <run_address>0xe288</run_address>
         <size>0x8</size>
         <input_file_ref idref="fl-fb"/>
      </object_component>
      <object_component id="oc-14d">
         <name>.text:SysCtlDelay</name>
         <load_address>0xe290</load_address>
         <run_address>0xe290</run_address>
         <size>0x6</size>
         <input_file_ref idref="fl-1c"/>
      </object_component>
      <object_component id="oc-129">
         <name>.text:_system_pre_init</name>
         <load_address>0xe296</load_address>
         <run_address>0xe296</run_address>
         <size>0x4</size>
         <input_file_ref idref="fl-104"/>
      </object_component>
      <object_component id="oc-1e3">
         <name>.text:abort:abort</name>
         <load_address>0xe29a</load_address>
         <run_address>0xe29a</run_address>
         <size>0x4</size>
         <input_file_ref idref="fl-106"/>
      </object_component>
      <object_component id="oc-14a">
         <name>.const:g_pppui32XTALtoVCO</name>
         <load_address>0xe2a0</load_address>
         <run_address>0xe2a0</run_address>
         <size>0x1b0</size>
         <input_file_ref idref="fl-1c"/>
      </object_component>
      <object_component id="oc-324">
         <name>.const:$O1$$</name>
         <load_address>0xe450</load_address>
         <run_address>0xe450</run_address>
         <size>0x158</size>
         <input_file_ref idref="fl-f9"/>
      </object_component>
      <object_component id="oc-158">
         <name>.const:g_ppui32GPIOIntMapSnowflake</name>
         <load_address>0xe5a8</load_address>
         <run_address>0xe5a8</run_address>
         <size>0xd8</size>
         <input_file_ref idref="fl-10"/>
      </object_component>
      <object_component id="oc-155">
         <name>.const:g_ppui32GPIOIntMapBlizzard</name>
         <load_address>0xe680</load_address>
         <run_address>0xe680</run_address>
         <size>0xc0</size>
         <input_file_ref idref="fl-10"/>
      </object_component>
      <object_component id="oc-17d">
         <name>.const:g_pui32Regs</name>
         <load_address>0xe740</load_address>
         <run_address>0xe740</run_address>
         <size>0x9c</size>
         <input_file_ref idref="fl-13"/>
      </object_component>
      <object_component id="oc-30f">
         <name>.const:$O1$$</name>
         <load_address>0xe7e0</load_address>
         <run_address>0xe7e0</run_address>
         <size>0x98</size>
         <input_file_ref idref="fl-e9"/>
      </object_component>
      <object_component id="oc-15b">
         <name>.const:g_pui32GPIOBaseAddrs</name>
         <load_address>0xe878</load_address>
         <run_address>0xe878</run_address>
         <size>0x90</size>
         <input_file_ref idref="fl-10"/>
      </object_component>
      <object_component id="oc-144">
         <name>.const:g_pui32Xtals</name>
         <load_address>0xe908</load_address>
         <run_address>0xe908</run_address>
         <size>0x6c</size>
         <input_file_ref idref="fl-1c"/>
      </object_component>
      <object_component id="oc-160">
         <name>.const:g_ppui32TimerIntMap</name>
         <load_address>0xe974</load_address>
         <run_address>0xe974</run_address>
         <size>0x60</size>
         <input_file_ref idref="fl-1f"/>
      </object_component>
      <object_component id="oc-163">
         <name>.const:g_ppui32TimerIntMapSnowflake</name>
         <load_address>0xe9d4</load_address>
         <run_address>0xe9d4</run_address>
         <size>0x40</size>
         <input_file_ref idref="fl-1f"/>
      </object_component>
      <object_component id="oc-16f">
         <name>.const:g_ppui32UARTIntMap</name>
         <load_address>0xea14</load_address>
         <run_address>0xea14</run_address>
         <size>0x40</size>
         <input_file_ref idref="fl-20"/>
      </object_component>
      <object_component id="oc-172">
         <name>.const:g_ppui32UARTIntMapSnowflake</name>
         <load_address>0xea54</load_address>
         <run_address>0xea54</run_address>
         <size>0x40</size>
         <input_file_ref idref="fl-20"/>
      </object_component>
      <object_component id="oc-13b">
         <name>.const:g_sXTALtoMEMTIM</name>
         <load_address>0xea94</load_address>
         <run_address>0xea94</run_address>
         <size>0x30</size>
         <input_file_ref idref="fl-1c"/>
      </object_component>
      <object_component id="oc-17a">
         <name>.const:g_pui32Priority</name>
         <load_address>0xeac4</load_address>
         <run_address>0xeac4</run_address>
         <size>0x20</size>
         <input_file_ref idref="fl-13"/>
      </object_component>
      <object_component id="oc-183">
         <name>.const:g_pui32Dii16Regs</name>
         <load_address>0xeae4</load_address>
         <run_address>0xeae4</run_address>
         <size>0x14</size>
         <input_file_ref idref="fl-13"/>
      </object_component>
      <object_component id="oc-180">
         <name>.const:g_pui32EnRegs</name>
         <load_address>0xeaf8</load_address>
         <run_address>0xeaf8</run_address>
         <size>0x14</size>
         <input_file_ref idref="fl-13"/>
      </object_component>
      <object_component id="oc-186">
         <name>.const:g_pui32PendRegs</name>
         <load_address>0xeb0c</load_address>
         <run_address>0xeb0c</run_address>
         <size>0x14</size>
         <input_file_ref idref="fl-13"/>
      </object_component>
      <object_component id="oc-189">
         <name>.const:g_pui32UnpendRegs</name>
         <load_address>0xeb20</load_address>
         <run_address>0xeb20</run_address>
         <size>0x14</size>
         <input_file_ref idref="fl-13"/>
      </object_component>
      <object_component id="oc-147">
         <name>.const:g_pui32VCOFrequencies</name>
         <load_address>0xeb34</load_address>
         <run_address>0xeb34</run_address>
         <size>0x8</size>
         <input_file_ref idref="fl-1c"/>
      </object_component>
      <object_component id="oc-38f">
         <name>__TI_handler_table</name>
         <load_address>0xeb40</load_address>
         <run_address>0xeb40</run_address>
         <size>0xc</size>
      </object_component>
      <object_component id="oc-392">
         <name>.cinit..data.load</name>
         <load_address>0xeb4c</load_address>
         <run_address>0xeb4c</run_address>
         <size>0xb</size>
      </object_component>
      <object_component id="oc-393">
         <name>.cinit..bss.load</name>
         <load_address>0xeb58</load_address>
         <run_address>0xeb58</run_address>
         <size>0x8</size>
      </object_component>
      <object_component id="oc-391">
         <name>.cinit..vtable.load</name>
         <load_address>0xeb60</load_address>
         <run_address>0xeb60</run_address>
         <size>0x8</size>
      </object_component>
      <object_component id="oc-390">
         <name>__TI_cinit_table</name>
         <load_address>0xeb68</load_address>
         <run_address>0xeb68</run_address>
         <size>0x18</size>
      </object_component>
      <object_component id="oc-177">
         <name>.vtable</name>
         <uninitialized>true</uninitialized>
         <run_address>0x20000000</run_address>
         <size>0x26c</size>
         <input_file_ref idref="fl-13"/>
      </object_component>
      <object_component id="oc-ef">
         <name>.data</name>
         <load_address>0x20002870</load_address>
         <run_address>0x20002870</run_address>
         <size>0x8</size>
         <input_file_ref idref="fl-29"/>
      </object_component>
      <object_component id="oc-291">
         <name>.data</name>
         <load_address>0x20002878</load_address>
         <run_address>0x20002878</run_address>
         <size>0x4</size>
         <input_file_ref idref="fl-fb"/>
      </object_component>
      <object_component id="oc-168">
         <name>.bss:g_pui8OversampleFactor</name>
         <uninitialized>true</uninitialized>
         <run_address>0x20002654</run_address>
         <size>0x8</size>
         <input_file_ref idref="fl-3"/>
      </object_component>
      <object_component id="oc-b9">
         <name>.common:JubileuData</name>
         <uninitialized>true</uninitialized>
         <run_address>0x20000270</run_address>
         <size>0x21f0</size>
      </object_component>
      <object_component id="oc-b7">
         <name>.common:StateMachineComm</name>
         <uninitialized>true</uninitialized>
         <run_address>0x20002460</run_address>
         <size>0x1bc</size>
      </object_component>
      <object_component id="oc-b8">
         <name>.common:retornoADC</name>
         <uninitialized>true</uninitialized>
         <run_address>0x2000261c</run_address>
         <size>0x38</size>
      </object_component>
      <object_component id="oc-a1">
         <name>.common:ui32SysClkFreq</name>
         <uninitialized>true</uninitialized>
         <run_address>0x20002668</run_address>
         <size>0x4</size>
      </object_component>
      <object_component id="oc-a4">
         <name>.common:ui32Period</name>
         <uninitialized>true</uninitialized>
         <run_address>0x20002664</run_address>
         <size>0x4</size>
      </object_component>
      <object_component id="oc-b6">
         <name>.common:ui32Load</name>
         <uninitialized>true</uninitialized>
         <run_address>0x2000265c</run_address>
         <size>0x4</size>
      </object_component>
      <object_component id="oc-b5">
         <name>.common:ui32PWMClock</name>
         <uninitialized>true</uninitialized>
         <run_address>0x20002660</run_address>
         <size>0x4</size>
      </object_component>
      <object_component id="oc-21">
         <name>.stack</name>
         <uninitialized>true</uninitialized>
         <run_address>0x20002670</run_address>
         <size>0x4</size>
         <input_file_ref idref="fl-fa"/>
      </object_component>
      <object_component id="oc-394">
         <name>.stack</name>
         <uninitialized>true</uninitialized>
         <run_address>0x20002670</run_address>
         <size>0x0</size>
      </object_component>
      <object_component id="oc-32">
         <name>.debug_info</name>
         <load_address>0x0</load_address>
         <run_address>0x0</run_address>
         <size>0x41c</size>
         <input_file_ref idref="fl-2"/>
      </object_component>
      <object_component id="oc-10">
         <name>.debug_info</name>
         <load_address>0x41c</load_address>
         <run_address>0x41c</run_address>
         <size>0xe9</size>
         <input_file_ref idref="fl-2"/>
      </object_component>
      <object_component id="oc-25">
         <name>.debug_info</name>
         <load_address>0x505</load_address>
         <run_address>0x505</run_address>
         <size>0x26a</size>
         <input_file_ref idref="fl-2"/>
      </object_component>
      <object_component id="oc-109">
         <name>.debug_info</name>
         <load_address>0x76f</load_address>
         <run_address>0x76f</run_address>
         <size>0x1aa</size>
         <input_file_ref idref="fl-2"/>
      </object_component>
      <object_component id="oc-104">
         <name>.debug_info</name>
         <load_address>0x919</load_address>
         <run_address>0x919</run_address>
         <size>0x26b</size>
         <input_file_ref idref="fl-2"/>
      </object_component>
      <object_component id="oc-197">
         <name>.debug_info</name>
         <load_address>0xb84</load_address>
         <run_address>0xb84</run_address>
         <size>0x154</size>
         <input_file_ref idref="fl-2"/>
      </object_component>
      <object_component id="oc-39">
         <name>.debug_info</name>
         <load_address>0xcd8</load_address>
         <run_address>0xcd8</run_address>
         <size>0x84</size>
         <input_file_ref idref="fl-2"/>
      </object_component>
      <object_component id="oc-ff">
         <name>.debug_info</name>
         <load_address>0xd5c</load_address>
         <run_address>0xd5c</run_address>
         <size>0x39</size>
         <input_file_ref idref="fl-2"/>
      </object_component>
      <object_component id="oc-1ce">
         <name>.debug_info</name>
         <load_address>0xd95</load_address>
         <run_address>0xd95</run_address>
         <size>0x297</size>
         <input_file_ref idref="fl-2"/>
      </object_component>
      <object_component id="oc-14f">
         <name>.debug_info</name>
         <load_address>0x102c</load_address>
         <run_address>0x102c</run_address>
         <size>0xef</size>
         <input_file_ref idref="fl-2"/>
      </object_component>
      <object_component id="oc-f8">
         <name>.debug_info</name>
         <load_address>0x111b</load_address>
         <run_address>0x111b</run_address>
         <size>0xbb</size>
         <input_file_ref idref="fl-2"/>
      </object_component>
      <object_component id="oc-16c">
         <name>.debug_info</name>
         <load_address>0x11d6</load_address>
         <run_address>0x11d6</run_address>
         <size>0x32f</size>
         <input_file_ref idref="fl-3"/>
      </object_component>
      <object_component id="oc-169">
         <name>.debug_info</name>
         <load_address>0x1505</load_address>
         <run_address>0x1505</run_address>
         <size>0xf0</size>
         <input_file_ref idref="fl-3"/>
      </object_component>
      <object_component id="oc-84">
         <name>.debug_info</name>
         <load_address>0x15f5</load_address>
         <run_address>0x15f5</run_address>
         <size>0x2b44</size>
         <input_file_ref idref="fl-3"/>
      </object_component>
      <object_component id="oc-f3">
         <name>.debug_info</name>
         <load_address>0x4139</load_address>
         <run_address>0x4139</run_address>
         <size>0x8b</size>
         <input_file_ref idref="fl-3"/>
      </object_component>
      <object_component id="oc-142">
         <name>.debug_info</name>
         <load_address>0x41c4</load_address>
         <run_address>0x41c4</run_address>
         <size>0x335</size>
         <input_file_ref idref="fl-7"/>
      </object_component>
      <object_component id="oc-15f">
         <name>.debug_info</name>
         <load_address>0x44f9</load_address>
         <run_address>0x44f9</run_address>
         <size>0x359</size>
         <input_file_ref idref="fl-10"/>
      </object_component>
      <object_component id="oc-156">
         <name>.debug_info</name>
         <load_address>0x4852</load_address>
         <run_address>0x4852</run_address>
         <size>0xf9</size>
         <input_file_ref idref="fl-10"/>
      </object_component>
      <object_component id="oc-159">
         <name>.debug_info</name>
         <load_address>0x494b</load_address>
         <run_address>0x494b</run_address>
         <size>0xfb</size>
         <input_file_ref idref="fl-10"/>
      </object_component>
      <object_component id="oc-15c">
         <name>.debug_info</name>
         <load_address>0x4a46</load_address>
         <run_address>0x4a46</run_address>
         <size>0xed</size>
         <input_file_ref idref="fl-10"/>
      </object_component>
      <object_component id="oc-7b">
         <name>.debug_info</name>
         <load_address>0x4b33</load_address>
         <run_address>0x4b33</run_address>
         <size>0x311c</size>
         <input_file_ref idref="fl-10"/>
      </object_component>
      <object_component id="oc-18d">
         <name>.debug_info</name>
         <load_address>0x7c4f</load_address>
         <run_address>0x7c4f</run_address>
         <size>0x336</size>
         <input_file_ref idref="fl-13"/>
      </object_component>
      <object_component id="oc-17b">
         <name>.debug_info</name>
         <load_address>0x7f85</load_address>
         <run_address>0x7f85</run_address>
         <size>0xe8</size>
         <input_file_ref idref="fl-13"/>
      </object_component>
      <object_component id="oc-17e">
         <name>.debug_info</name>
         <load_address>0x806d</load_address>
         <run_address>0x806d</run_address>
         <size>0xe0</size>
         <input_file_ref idref="fl-13"/>
      </object_component>
      <object_component id="oc-181">
         <name>.debug_info</name>
         <load_address>0x814d</load_address>
         <run_address>0x814d</run_address>
         <size>0xe4</size>
         <input_file_ref idref="fl-13"/>
      </object_component>
      <object_component id="oc-184">
         <name>.debug_info</name>
         <load_address>0x8231</load_address>
         <run_address>0x8231</run_address>
         <size>0xea</size>
         <input_file_ref idref="fl-13"/>
      </object_component>
      <object_component id="oc-187">
         <name>.debug_info</name>
         <load_address>0x831b</load_address>
         <run_address>0x831b</run_address>
         <size>0xe8</size>
         <input_file_ref idref="fl-13"/>
      </object_component>
      <object_component id="oc-18a">
         <name>.debug_info</name>
         <load_address>0x8403</load_address>
         <run_address>0x8403</run_address>
         <size>0xec</size>
         <input_file_ref idref="fl-13"/>
      </object_component>
      <object_component id="oc-178">
         <name>.debug_info</name>
         <load_address>0x84ef</load_address>
         <run_address>0x84ef</run_address>
         <size>0xe9</size>
         <input_file_ref idref="fl-13"/>
      </object_component>
      <object_component id="oc-97">
         <name>.debug_info</name>
         <load_address>0x85d8</load_address>
         <run_address>0x85d8</run_address>
         <size>0xce9</size>
         <input_file_ref idref="fl-13"/>
      </object_component>
      <object_component id="oc-16e">
         <name>.debug_info</name>
         <load_address>0x92c1</load_address>
         <run_address>0x92c1</run_address>
         <size>0x30b</size>
         <input_file_ref idref="fl-17"/>
      </object_component>
      <object_component id="oc-8a">
         <name>.debug_info</name>
         <load_address>0x95cc</load_address>
         <run_address>0x95cc</run_address>
         <size>0x277a</size>
         <input_file_ref idref="fl-17"/>
      </object_component>
      <object_component id="oc-154">
         <name>.debug_info</name>
         <load_address>0xbd46</load_address>
         <run_address>0xbd46</run_address>
         <size>0x3bb</size>
         <input_file_ref idref="fl-1c"/>
      </object_component>
      <object_component id="oc-145">
         <name>.debug_info</name>
         <load_address>0xc101</load_address>
         <run_address>0xc101</run_address>
         <size>0xdf</size>
         <input_file_ref idref="fl-1c"/>
      </object_component>
      <object_component id="oc-14b">
         <name>.debug_info</name>
         <load_address>0xc1e0</load_address>
         <run_address>0xc1e0</run_address>
         <size>0xeb</size>
         <input_file_ref idref="fl-1c"/>
      </object_component>
      <object_component id="oc-13c">
         <name>.debug_info</name>
         <load_address>0xc2cb</load_address>
         <run_address>0xc2cb</run_address>
         <size>0xe5</size>
         <input_file_ref idref="fl-1c"/>
      </object_component>
      <object_component id="oc-148">
         <name>.debug_info</name>
         <load_address>0xc3b0</load_address>
         <run_address>0xc3b0</run_address>
         <size>0xf2</size>
         <input_file_ref idref="fl-1c"/>
      </object_component>
      <object_component id="oc-75">
         <name>.debug_info</name>
         <load_address>0xc4a2</load_address>
         <run_address>0xc4a2</run_address>
         <size>0x2b2f</size>
         <input_file_ref idref="fl-1c"/>
      </object_component>
      <object_component id="oc-22c">
         <name>.debug_info</name>
         <load_address>0xefd1</load_address>
         <run_address>0xefd1</run_address>
         <size>0x51</size>
         <input_file_ref idref="fl-1c"/>
      </object_component>
      <object_component id="oc-167">
         <name>.debug_info</name>
         <load_address>0xf022</load_address>
         <run_address>0xf022</run_address>
         <size>0x346</size>
         <input_file_ref idref="fl-1f"/>
      </object_component>
      <object_component id="oc-161">
         <name>.debug_info</name>
         <load_address>0xf368</load_address>
         <run_address>0xf368</run_address>
         <size>0xec</size>
         <input_file_ref idref="fl-1f"/>
      </object_component>
      <object_component id="oc-164">
         <name>.debug_info</name>
         <load_address>0xf454</load_address>
         <run_address>0xf454</run_address>
         <size>0xfe</size>
         <input_file_ref idref="fl-1f"/>
      </object_component>
      <object_component id="oc-80">
         <name>.debug_info</name>
         <load_address>0xf552</load_address>
         <run_address>0xf552</run_address>
         <size>0x2474</size>
         <input_file_ref idref="fl-1f"/>
      </object_component>
      <object_component id="oc-176">
         <name>.debug_info</name>
         <load_address>0x119c6</load_address>
         <run_address>0x119c6</run_address>
         <size>0x33b</size>
         <input_file_ref idref="fl-20"/>
      </object_component>
      <object_component id="oc-170">
         <name>.debug_info</name>
         <load_address>0x11d01</load_address>
         <run_address>0x11d01</run_address>
         <size>0xe9</size>
         <input_file_ref idref="fl-20"/>
      </object_component>
      <object_component id="oc-173">
         <name>.debug_info</name>
         <load_address>0x11dea</load_address>
         <run_address>0x11dea</run_address>
         <size>0xfb</size>
         <input_file_ref idref="fl-20"/>
      </object_component>
      <object_component id="oc-90">
         <name>.debug_info</name>
         <load_address>0x11ee5</load_address>
         <run_address>0x11ee5</run_address>
         <size>0x26fb</size>
         <input_file_ref idref="fl-20"/>
      </object_component>
      <object_component id="oc-25c">
         <name>.debug_info</name>
         <load_address>0x145e0</load_address>
         <run_address>0x145e0</run_address>
         <size>0x288</size>
         <input_file_ref idref="fl-24"/>
      </object_component>
      <object_component id="oc-289">
         <name>.debug_info</name>
         <load_address>0x14868</load_address>
         <run_address>0x14868</run_address>
         <size>0x1c74</size>
         <input_file_ref idref="fl-24"/>
      </object_component>
      <object_component id="oc-192">
         <name>.debug_info</name>
         <load_address>0x164dc</load_address>
         <run_address>0x164dc</run_address>
         <size>0x10c</size>
         <input_file_ref idref="fl-24"/>
      </object_component>
      <object_component id="oc-18f">
         <name>.debug_info</name>
         <load_address>0x165e8</load_address>
         <run_address>0x165e8</run_address>
         <size>0x2e5</size>
         <input_file_ref idref="fl-25"/>
      </object_component>
      <object_component id="oc-9f">
         <name>.debug_info</name>
         <load_address>0x168cd</load_address>
         <run_address>0x168cd</run_address>
         <size>0xd3d</size>
         <input_file_ref idref="fl-25"/>
      </object_component>
      <object_component id="oc-1b4">
         <name>.debug_info</name>
         <load_address>0x1760a</load_address>
         <run_address>0x1760a</run_address>
         <size>0x543</size>
         <input_file_ref idref="fl-26"/>
      </object_component>
      <object_component id="oc-ac">
         <name>.debug_info</name>
         <load_address>0x17b4d</load_address>
         <run_address>0x17b4d</run_address>
         <size>0x4f5</size>
         <input_file_ref idref="fl-26"/>
      </object_component>
      <object_component id="oc-262">
         <name>.debug_info</name>
         <load_address>0x18042</load_address>
         <run_address>0x18042</run_address>
         <size>0x496</size>
         <input_file_ref idref="fl-26"/>
      </object_component>
      <object_component id="oc-19c">
         <name>.debug_info</name>
         <load_address>0x184d8</load_address>
         <run_address>0x184d8</run_address>
         <size>0x124</size>
         <input_file_ref idref="fl-26"/>
      </object_component>
      <object_component id="oc-25d">
         <name>.debug_info</name>
         <load_address>0x185fc</load_address>
         <run_address>0x185fc</run_address>
         <size>0x1e0</size>
         <input_file_ref idref="fl-26"/>
      </object_component>
      <object_component id="oc-28e">
         <name>.debug_info</name>
         <load_address>0x187dc</load_address>
         <run_address>0x187dc</run_address>
         <size>0x5a7</size>
         <input_file_ref idref="fl-27"/>
      </object_component>
      <object_component id="oc-1ae">
         <name>.debug_info</name>
         <load_address>0x18d83</load_address>
         <run_address>0x18d83</run_address>
         <size>0x3a8d</size>
         <input_file_ref idref="fl-27"/>
      </object_component>
      <object_component id="oc-286">
         <name>.debug_info</name>
         <load_address>0x1c810</load_address>
         <run_address>0x1c810</run_address>
         <size>0x440</size>
         <input_file_ref idref="fl-28"/>
      </object_component>
      <object_component id="oc-1aa">
         <name>.debug_info</name>
         <load_address>0x1cc50</load_address>
         <run_address>0x1cc50</run_address>
         <size>0x33fd</size>
         <input_file_ref idref="fl-28"/>
      </object_component>
      <object_component id="oc-a2">
         <name>.debug_info</name>
         <load_address>0x2004d</load_address>
         <run_address>0x2004d</run_address>
         <size>0xfbb</size>
         <input_file_ref idref="fl-29"/>
      </object_component>
      <object_component id="oc-f0">
         <name>.debug_info</name>
         <load_address>0x21008</load_address>
         <run_address>0x21008</run_address>
         <size>0x144</size>
         <input_file_ref idref="fl-29"/>
      </object_component>
      <object_component id="oc-2b">
         <name>.debug_info</name>
         <load_address>0x2114c</load_address>
         <run_address>0x2114c</run_address>
         <size>0x1d8e</size>
         <input_file_ref idref="fl-29"/>
      </object_component>
      <object_component id="oc-1a1">
         <name>.debug_info</name>
         <load_address>0x22eda</load_address>
         <run_address>0x22eda</run_address>
         <size>0x133</size>
         <input_file_ref idref="fl-29"/>
      </object_component>
      <object_component id="oc-d5">
         <name>.debug_info</name>
         <load_address>0x2300d</load_address>
         <run_address>0x2300d</run_address>
         <size>0x172</size>
         <input_file_ref idref="fl-e4"/>
      </object_component>
      <object_component id="oc-dc">
         <name>.debug_info</name>
         <load_address>0x2317f</load_address>
         <run_address>0x2317f</run_address>
         <size>0x183</size>
         <input_file_ref idref="fl-e5"/>
      </object_component>
      <object_component id="oc-2e3">
         <name>.debug_info</name>
         <load_address>0x23302</load_address>
         <run_address>0x23302</run_address>
         <size>0x290</size>
         <input_file_ref idref="fl-e6"/>
      </object_component>
      <object_component id="oc-27a">
         <name>.debug_info</name>
         <load_address>0x23592</load_address>
         <run_address>0x23592</run_address>
         <size>0x182</size>
         <input_file_ref idref="fl-e6"/>
      </object_component>
      <object_component id="oc-280">
         <name>.debug_info</name>
         <load_address>0x23714</load_address>
         <run_address>0x23714</run_address>
         <size>0x183</size>
         <input_file_ref idref="fl-e6"/>
      </object_component>
      <object_component id="oc-2c6">
         <name>.debug_info</name>
         <load_address>0x23897</load_address>
         <run_address>0x23897</run_address>
         <size>0x2af</size>
         <input_file_ref idref="fl-e7"/>
      </object_component>
      <object_component id="oc-268">
         <name>.debug_info</name>
         <load_address>0x23b46</load_address>
         <run_address>0x23b46</run_address>
         <size>0x248</size>
         <input_file_ref idref="fl-e7"/>
      </object_component>
      <object_component id="oc-296">
         <name>.debug_info</name>
         <load_address>0x23d8e</load_address>
         <run_address>0x23d8e</run_address>
         <size>0x46</size>
         <input_file_ref idref="fl-e7"/>
      </object_component>
      <object_component id="oc-1bd">
         <name>.debug_info</name>
         <load_address>0x23dd4</load_address>
         <run_address>0x23dd4</run_address>
         <size>0x39</size>
         <input_file_ref idref="fl-e7"/>
      </object_component>
      <object_component id="oc-1c2">
         <name>.debug_info</name>
         <load_address>0x23e0d</load_address>
         <run_address>0x23e0d</run_address>
         <size>0x2cb</size>
         <input_file_ref idref="fl-e8"/>
      </object_component>
      <object_component id="oc-bb">
         <name>.debug_info</name>
         <load_address>0x240d8</load_address>
         <run_address>0x240d8</run_address>
         <size>0x24e</size>
         <input_file_ref idref="fl-e8"/>
      </object_component>
      <object_component id="oc-348">
         <name>.debug_info</name>
         <load_address>0x24326</load_address>
         <run_address>0x24326</run_address>
         <size>0x2f8</size>
         <input_file_ref idref="fl-e9"/>
      </object_component>
      <object_component id="oc-310">
         <name>.debug_info</name>
         <load_address>0x2461e</load_address>
         <run_address>0x2461e</run_address>
         <size>0x132</size>
         <input_file_ref idref="fl-e9"/>
      </object_component>
      <object_component id="oc-2c0">
         <name>.debug_info</name>
         <load_address>0x24750</load_address>
         <run_address>0x24750</run_address>
         <size>0x4ad</size>
         <input_file_ref idref="fl-e9"/>
      </object_component>
      <object_component id="oc-2e1">
         <name>.debug_info</name>
         <load_address>0x24bfd</load_address>
         <run_address>0x24bfd</run_address>
         <size>0x367</size>
         <input_file_ref idref="fl-ea"/>
      </object_component>
      <object_component id="oc-274">
         <name>.debug_info</name>
         <load_address>0x24f64</load_address>
         <run_address>0x24f64</run_address>
         <size>0x79c</size>
         <input_file_ref idref="fl-ea"/>
      </object_component>
      <object_component id="oc-2df">
         <name>.debug_info</name>
         <load_address>0x25700</load_address>
         <run_address>0x25700</run_address>
         <size>0x367</size>
         <input_file_ref idref="fl-eb"/>
      </object_component>
      <object_component id="oc-26e">
         <name>.debug_info</name>
         <load_address>0x25a67</load_address>
         <run_address>0x25a67</run_address>
         <size>0x797</size>
         <input_file_ref idref="fl-eb"/>
      </object_component>
      <object_component id="oc-c6">
         <name>.debug_info</name>
         <load_address>0x261fe</load_address>
         <run_address>0x261fe</run_address>
         <size>0x14d</size>
         <input_file_ref idref="fl-ec"/>
      </object_component>
      <object_component id="oc-e6">
         <name>.debug_info</name>
         <load_address>0x2634b</load_address>
         <run_address>0x2634b</run_address>
         <size>0x129</size>
         <input_file_ref idref="fl-ed"/>
      </object_component>
      <object_component id="oc-e2">
         <name>.debug_info</name>
         <load_address>0x26474</load_address>
         <run_address>0x26474</run_address>
         <size>0x12b</size>
         <input_file_ref idref="fl-ed"/>
      </object_component>
      <object_component id="oc-d0">
         <name>.debug_info</name>
         <load_address>0x2659f</load_address>
         <run_address>0x2659f</run_address>
         <size>0x13b</size>
         <input_file_ref idref="fl-ee"/>
      </object_component>
      <object_component id="oc-c1">
         <name>.debug_info</name>
         <load_address>0x266da</load_address>
         <run_address>0x266da</run_address>
         <size>0x13b</size>
         <input_file_ref idref="fl-ef"/>
      </object_component>
      <object_component id="oc-2c9">
         <name>.debug_info</name>
         <load_address>0x26815</load_address>
         <run_address>0x26815</run_address>
         <size>0x12f</size>
         <input_file_ref idref="fl-f0"/>
      </object_component>
      <object_component id="oc-b1">
         <name>.debug_info</name>
         <load_address>0x26944</load_address>
         <run_address>0x26944</run_address>
         <size>0x13f</size>
         <input_file_ref idref="fl-f1"/>
      </object_component>
      <object_component id="oc-a7">
         <name>.debug_info</name>
         <load_address>0x26a83</load_address>
         <run_address>0x26a83</run_address>
         <size>0x12d</size>
         <input_file_ref idref="fl-f2"/>
      </object_component>
      <object_component id="oc-cb">
         <name>.debug_info</name>
         <load_address>0x26bb0</load_address>
         <run_address>0x26bb0</run_address>
         <size>0x12d</size>
         <input_file_ref idref="fl-f3"/>
      </object_component>
      <object_component id="oc-ed">
         <name>.debug_info</name>
         <load_address>0x26cdd</load_address>
         <run_address>0x26cdd</run_address>
         <size>0x12f</size>
         <input_file_ref idref="fl-f4"/>
      </object_component>
      <object_component id="oc-122">
         <name>.debug_info</name>
         <load_address>0x26e0c</load_address>
         <run_address>0x26e0c</run_address>
         <size>0x2d5</size>
         <input_file_ref idref="fl-f6"/>
      </object_component>
      <object_component id="oc-53">
         <name>.debug_info</name>
         <load_address>0x270e1</load_address>
         <run_address>0x270e1</run_address>
         <size>0x1b6</size>
         <input_file_ref idref="fl-f6"/>
      </object_component>
      <object_component id="oc-11d">
         <name>.debug_info</name>
         <load_address>0x27297</load_address>
         <run_address>0x27297</run_address>
         <size>0x46</size>
         <input_file_ref idref="fl-f6"/>
      </object_component>
      <object_component id="oc-1da">
         <name>.debug_info</name>
         <load_address>0x272dd</load_address>
         <run_address>0x272dd</run_address>
         <size>0x2c</size>
         <input_file_ref idref="fl-f6"/>
      </object_component>
      <object_component id="oc-49">
         <name>.debug_info</name>
         <load_address>0x27309</load_address>
         <run_address>0x27309</run_address>
         <size>0x2a9</size>
         <input_file_ref idref="fl-f7"/>
      </object_component>
      <object_component id="oc-1b">
         <name>.debug_info</name>
         <load_address>0x275b2</load_address>
         <run_address>0x275b2</run_address>
         <size>0x1eb</size>
         <input_file_ref idref="fl-f7"/>
      </object_component>
      <object_component id="oc-44">
         <name>.debug_info</name>
         <load_address>0x2779d</load_address>
         <run_address>0x2779d</run_address>
         <size>0x46</size>
         <input_file_ref idref="fl-f7"/>
      </object_component>
      <object_component id="oc-115">
         <name>.debug_info</name>
         <load_address>0x277e3</load_address>
         <run_address>0x277e3</run_address>
         <size>0x2c</size>
         <input_file_ref idref="fl-f7"/>
      </object_component>
      <object_component id="oc-113">
         <name>.debug_info</name>
         <load_address>0x2780f</load_address>
         <run_address>0x2780f</run_address>
         <size>0x29f</size>
         <input_file_ref idref="fl-f8"/>
      </object_component>
      <object_component id="oc-16">
         <name>.debug_info</name>
         <load_address>0x27aae</load_address>
         <run_address>0x27aae</run_address>
         <size>0x251</size>
         <input_file_ref idref="fl-f8"/>
      </object_component>
      <object_component id="oc-34">
         <name>.debug_info</name>
         <load_address>0x27cff</load_address>
         <run_address>0x27cff</run_address>
         <size>0x60</size>
         <input_file_ref idref="fl-f8"/>
      </object_component>
      <object_component id="oc-1d3">
         <name>.debug_info</name>
         <load_address>0x27d5f</load_address>
         <run_address>0x27d5f</run_address>
         <size>0x46</size>
         <input_file_ref idref="fl-f8"/>
      </object_component>
      <object_component id="oc-10e">
         <name>.debug_info</name>
         <load_address>0x27da5</load_address>
         <run_address>0x27da5</run_address>
         <size>0x39</size>
         <input_file_ref idref="fl-f8"/>
      </object_component>
      <object_component id="oc-328">
         <name>.debug_info</name>
         <load_address>0x27dde</load_address>
         <run_address>0x27dde</run_address>
         <size>0x3ab</size>
         <input_file_ref idref="fl-f9"/>
      </object_component>
      <object_component id="oc-325">
         <name>.debug_info</name>
         <load_address>0x28189</load_address>
         <run_address>0x28189</run_address>
         <size>0x13b</size>
         <input_file_ref idref="fl-f9"/>
      </object_component>
      <object_component id="oc-2d6">
         <name>.debug_info</name>
         <load_address>0x282c4</load_address>
         <run_address>0x282c4</run_address>
         <size>0x730</size>
         <input_file_ref idref="fl-f9"/>
      </object_component>
      <object_component id="oc-35a">
         <name>.debug_info</name>
         <load_address>0x289f4</load_address>
         <run_address>0x289f4</run_address>
         <size>0x39</size>
         <input_file_ref idref="fl-f9"/>
      </object_component>
      <object_component id="oc-32a">
         <name>.debug_info</name>
         <load_address>0x28a2d</load_address>
         <run_address>0x28a2d</run_address>
         <size>0x2c</size>
         <input_file_ref idref="fl-f9"/>
      </object_component>
      <object_component id="oc-22">
         <name>.debug_info</name>
         <load_address>0x28a59</load_address>
         <run_address>0x28a59</run_address>
         <size>0x10c</size>
         <input_file_ref idref="fl-fa"/>
      </object_component>
      <object_component id="oc-5d">
         <name>.debug_info</name>
         <load_address>0x28b65</load_address>
         <run_address>0x28b65</run_address>
         <size>0x1aa</size>
         <input_file_ref idref="fl-fa"/>
      </object_component>
      <object_component id="oc-295">
         <name>.debug_info</name>
         <load_address>0x28d0f</load_address>
         <run_address>0x28d0f</run_address>
         <size>0x28a</size>
         <input_file_ref idref="fl-fb"/>
      </object_component>
      <object_component id="oc-292">
         <name>.debug_info</name>
         <load_address>0x28f99</load_address>
         <run_address>0x28f99</run_address>
         <size>0x10f</size>
         <input_file_ref idref="fl-fb"/>
      </object_component>
      <object_component id="oc-1b9">
         <name>.debug_info</name>
         <load_address>0x290a8</load_address>
         <run_address>0x290a8</run_address>
         <size>0x14f</size>
         <input_file_ref idref="fl-fb"/>
      </object_component>
      <object_component id="oc-330">
         <name>.debug_info</name>
         <load_address>0x291f7</load_address>
         <run_address>0x291f7</run_address>
         <size>0x28e</size>
         <input_file_ref idref="fl-fc"/>
      </object_component>
      <object_component id="oc-2d9">
         <name>.debug_info</name>
         <load_address>0x29485</load_address>
         <run_address>0x29485</run_address>
         <size>0x328</size>
         <input_file_ref idref="fl-fc"/>
      </object_component>
      <object_component id="oc-317">
         <name>.debug_info</name>
         <load_address>0x297ad</load_address>
         <run_address>0x297ad</run_address>
         <size>0x293</size>
         <input_file_ref idref="fl-fd"/>
      </object_component>
      <object_component id="oc-2cd">
         <name>.debug_info</name>
         <load_address>0x29a40</load_address>
         <run_address>0x29a40</run_address>
         <size>0x381</size>
         <input_file_ref idref="fl-fd"/>
      </object_component>
      <object_component id="oc-355">
         <name>.debug_info</name>
         <load_address>0x29dc1</load_address>
         <run_address>0x29dc1</run_address>
         <size>0x290</size>
         <input_file_ref idref="fl-fe"/>
      </object_component>
      <object_component id="oc-31f">
         <name>.debug_info</name>
         <load_address>0x2a051</load_address>
         <run_address>0x2a051</run_address>
         <size>0x22b</size>
         <input_file_ref idref="fl-fe"/>
      </object_component>
      <object_component id="oc-353">
         <name>.debug_info</name>
         <load_address>0x2a27c</load_address>
         <run_address>0x2a27c</run_address>
         <size>0x2fe</size>
         <input_file_ref idref="fl-ff"/>
      </object_component>
      <object_component id="oc-31a">
         <name>.debug_info</name>
         <load_address>0x2a57a</load_address>
         <run_address>0x2a57a</run_address>
         <size>0x226</size>
         <input_file_ref idref="fl-ff"/>
      </object_component>
      <object_component id="oc-124">
         <name>.debug_info</name>
         <load_address>0x2a7a0</load_address>
         <run_address>0x2a7a0</run_address>
         <size>0x148</size>
         <input_file_ref idref="fl-101"/>
      </object_component>
      <object_component id="oc-40">
         <name>.debug_info</name>
         <load_address>0x2a8e8</load_address>
         <run_address>0x2a8e8</run_address>
         <size>0x11a</size>
         <input_file_ref idref="fl-102"/>
      </object_component>
      <object_component id="oc-2a8">
         <name>.debug_info</name>
         <load_address>0x2aa02</load_address>
         <run_address>0x2aa02</run_address>
         <size>0x4b4</size>
         <input_file_ref idref="fl-103"/>
      </object_component>
      <object_component id="oc-1f0">
         <name>.debug_info</name>
         <load_address>0x2aeb6</load_address>
         <run_address>0x2aeb6</run_address>
         <size>0x1a7</size>
         <input_file_ref idref="fl-103"/>
      </object_component>
      <object_component id="oc-2fe">
         <name>.debug_info</name>
         <load_address>0x2b05d</load_address>
         <run_address>0x2b05d</run_address>
         <size>0x39</size>
         <input_file_ref idref="fl-103"/>
      </object_component>
      <object_component id="oc-33a">
         <name>.debug_info</name>
         <load_address>0x2b096</load_address>
         <run_address>0x2b096</run_address>
         <size>0x39</size>
         <input_file_ref idref="fl-103"/>
      </object_component>
      <object_component id="oc-303">
         <name>.debug_info</name>
         <load_address>0x2b0cf</load_address>
         <run_address>0x2b0cf</run_address>
         <size>0x39</size>
         <input_file_ref idref="fl-103"/>
      </object_component>
      <object_component id="oc-308">
         <name>.debug_info</name>
         <load_address>0x2b108</load_address>
         <run_address>0x2b108</run_address>
         <size>0xcd</size>
         <input_file_ref idref="fl-103"/>
      </object_component>
      <object_component id="oc-12a">
         <name>.debug_info</name>
         <load_address>0x2b1d5</load_address>
         <run_address>0x2b1d5</run_address>
         <size>0x154</size>
         <input_file_ref idref="fl-104"/>
      </object_component>
      <object_component id="oc-1e4">
         <name>.debug_info</name>
         <load_address>0x2b329</load_address>
         <run_address>0x2b329</run_address>
         <size>0x123</size>
         <input_file_ref idref="fl-106"/>
      </object_component>
      <object_component id="oc-34e">
         <name>.debug_info</name>
         <load_address>0x2b44c</load_address>
         <run_address>0x2b44c</run_address>
         <size>0x162</size>
         <input_file_ref idref="fl-109"/>
      </object_component>
      <object_component id="oc-395">
         <name>.debug_info</name>
         <load_address>0x2b5ae</load_address>
         <run_address>0x2b5ae</run_address>
         <size>0x9b</size>
      </object_component>
      <object_component id="oc-fe">
         <name>.debug_line</name>
         <load_address>0x0</load_address>
         <run_address>0x0</run_address>
         <size>0x42</size>
         <input_file_ref idref="fl-2"/>
      </object_component>
      <object_component id="oc-31">
         <name>.debug_line</name>
         <load_address>0x42</load_address>
         <run_address>0x42</run_address>
         <size>0x42</size>
         <input_file_ref idref="fl-2"/>
      </object_component>
      <object_component id="oc-28">
         <name>.debug_line</name>
         <load_address>0x84</load_address>
         <run_address>0x84</run_address>
         <size>0xa2</size>
         <input_file_ref idref="fl-2"/>
      </object_component>
      <object_component id="oc-10c">
         <name>.debug_line</name>
         <load_address>0x126</load_address>
         <run_address>0x126</run_address>
         <size>0x60</size>
         <input_file_ref idref="fl-2"/>
      </object_component>
      <object_component id="oc-107">
         <name>.debug_line</name>
         <load_address>0x186</load_address>
         <run_address>0x186</run_address>
         <size>0x6f</size>
         <input_file_ref idref="fl-2"/>
      </object_component>
      <object_component id="oc-19a">
         <name>.debug_line</name>
         <load_address>0x1f5</load_address>
         <run_address>0x1f5</run_address>
         <size>0x54</size>
         <input_file_ref idref="fl-2"/>
      </object_component>
      <object_component id="oc-3c">
         <name>.debug_line</name>
         <load_address>0x249</load_address>
         <run_address>0x249</run_address>
         <size>0x20</size>
         <input_file_ref idref="fl-2"/>
      </object_component>
      <object_component id="oc-102">
         <name>.debug_line</name>
         <load_address>0x269</load_address>
         <run_address>0x269</run_address>
         <size>0x63</size>
         <input_file_ref idref="fl-2"/>
      </object_component>
      <object_component id="oc-1d1">
         <name>.debug_line</name>
         <load_address>0x2cc</load_address>
         <run_address>0x2cc</run_address>
         <size>0x73</size>
         <input_file_ref idref="fl-2"/>
      </object_component>
      <object_component id="oc-152">
         <name>.debug_line</name>
         <load_address>0x33f</load_address>
         <run_address>0x33f</run_address>
         <size>0x6f</size>
         <input_file_ref idref="fl-2"/>
      </object_component>
      <object_component id="oc-fb">
         <name>.debug_line</name>
         <load_address>0x3ae</load_address>
         <run_address>0x3ae</run_address>
         <size>0x70</size>
         <input_file_ref idref="fl-2"/>
      </object_component>
      <object_component id="oc-241">
         <name>.debug_line</name>
         <load_address>0x41e</load_address>
         <run_address>0x41e</run_address>
         <size>0x5f</size>
         <input_file_ref idref="fl-3"/>
      </object_component>
      <object_component id="oc-23f">
         <name>.debug_line</name>
         <load_address>0x47d</load_address>
         <run_address>0x47d</run_address>
         <size>0x36</size>
         <input_file_ref idref="fl-3"/>
      </object_component>
      <object_component id="oc-87">
         <name>.debug_line</name>
         <load_address>0x4b3</load_address>
         <run_address>0x4b3</run_address>
         <size>0x601</size>
         <input_file_ref idref="fl-3"/>
      </object_component>
      <object_component id="oc-f6">
         <name>.debug_line</name>
         <load_address>0xab4</load_address>
         <run_address>0xab4</run_address>
         <size>0x20</size>
         <input_file_ref idref="fl-3"/>
      </object_component>
      <object_component id="oc-13f">
         <name>.debug_line</name>
         <load_address>0xad4</load_address>
         <run_address>0xad4</run_address>
         <size>0xd9</size>
         <input_file_ref idref="fl-7"/>
      </object_component>
      <object_component id="oc-237">
         <name>.debug_line</name>
         <load_address>0xbad</load_address>
         <run_address>0xbad</run_address>
         <size>0x5f</size>
         <input_file_ref idref="fl-10"/>
      </object_component>
      <object_component id="oc-231">
         <name>.debug_line</name>
         <load_address>0xc0c</load_address>
         <run_address>0xc0c</run_address>
         <size>0x37</size>
         <input_file_ref idref="fl-10"/>
      </object_component>
      <object_component id="oc-233">
         <name>.debug_line</name>
         <load_address>0xc43</load_address>
         <run_address>0xc43</run_address>
         <size>0x37</size>
         <input_file_ref idref="fl-10"/>
      </object_component>
      <object_component id="oc-235">
         <name>.debug_line</name>
         <load_address>0xc7a</load_address>
         <run_address>0xc7a</run_address>
         <size>0x37</size>
         <input_file_ref idref="fl-10"/>
      </object_component>
      <object_component id="oc-78">
         <name>.debug_line</name>
         <load_address>0xcb1</load_address>
         <run_address>0xcb1</run_address>
         <size>0x632</size>
         <input_file_ref idref="fl-10"/>
      </object_component>
      <object_component id="oc-259">
         <name>.debug_line</name>
         <load_address>0x12e3</load_address>
[...]
         <value>0x3a99</value>
         <object_component_ref idref="oc-1ad"/>
      </symbol>
      <symbol id="sm-8a8">
         <name>fuzzyficacaoEOSP</name>
         <value>0xd49</value>
         <object_component_ref idref="oc-1ad"/>
      </symbol>
      <symbol id="sm-8a9">
         <name>verificaAtivacaoSP</name>
         <value>0x9e5</value>
         <object_component_ref idref="oc-1ad"/>
      </symbol>
      <symbol id="sm-8aa">
         <name>calculaFuzzyNot</name>
         <value>0xce9</value>
         <object_component_ref idref="oc-1ad"/>
      </symbol>
      <symbol id="sm-8ab">
         <name>Exec_SM_ControladorFuzzy_Transicao</name>
         <value>0x2fd</value>
         <object_component_ref idref="oc-1ad"/>
      </symbol>
      <symbol id="sm-8ac">
         <name>aplicaRegrasEDefuzzificacaoEO</name>
         <value>0x117d</value>
         <object_component_ref idref="oc-1ad"/>
      </symbol>
      <symbol id="sm-8ad">
         <name>calculaFISSeguirVetor</name>
         <value>0xc41</value>
         <object_component_ref idref="oc-1ad"/>
      </symbol>
      <symbol id="sm-8ae">
         <name>fuzzificacaoSeguirVetor</name>
         <value>0x2809</value>
         <object_component_ref idref="oc-1ad"/>
      </symbol>
      <symbol id="sm-8af">
         <name>evaluateMin</name>
         <value>0x3b2f</value>
         <object_component_ref idref="oc-1ad"/>
      </symbol>
      <symbol id="sm-8b0">
         <name>calculaFISEO</name>
         <value>0xc09</value>
         <object_component_ref idref="oc-1ad"/>
      </symbol>
      <symbol id="sm-8b1">
         <name>definirSentidoDeContorno</name>
         <value>0x881</value>
         <object_component_ref idref="oc-1ad"/>
      </symbol>
      <symbol id="sm-8b2">
         <name>Init_SM_Controlador_Fuzzy</name>
         <value>0x297</value>
         <object_component_ref idref="oc-1ad"/>
      </symbol>
      <symbol id="sm-993">
         <name>encontraMenoresDistanciasSeguirParede</name>
         <value>0x4a45</value>
         <object_component_ref idref="oc-1a7"/>
      </symbol>
      <symbol id="sm-994">
         <name>verificaSeguirParedeEsquerdaDireita</name>
         <value>0x4d55</value>
         <object_component_ref idref="oc-1a7"/>
      </symbol>
      <symbol id="sm-995">
         <name>normalizaVetor</name>
         <value>0x49a9</value>
         <object_component_ref idref="oc-1a7"/>
      </symbol>
      <symbol id="sm-996">
         <name>ExecutarSupervisorHibrido</name>
         <value>0x447b</value>
         <object_component_ref idref="oc-1a7"/>
      </symbol>
      <symbol id="sm-997">
         <name>resetController</name>
         <value>0x4917</value>
         <object_component_ref idref="oc-1a7"/>
      </symbol>
      <symbol id="sm-998">
         <name>norm</name>
         <value>0x494b</value>
         <object_component_ref idref="oc-1a7"/>
      </symbol>
      <symbol id="sm-999">
         <name>obstaculoEstaPresente</name>
         <value>0x51f7</value>
         <object_component_ref idref="oc-1a7"/>
      </symbol>
      <symbol id="sm-99a">
         <name>checkEventProgressMade</name>
         <value>0x44dd</value>
         <object_component_ref idref="oc-1a7"/>
      </symbol>
      <symbol id="sm-99b">
         <name>calculaVetorGoToGoal</name>
         <value>0x4ac9</value>
         <object_component_ref idref="oc-1a7"/>
      </symbol>
      <symbol id="sm-99c">
         <name>converterRadPorSecParaPorcPWM</name>
         <value>0x56c1</value>
         <object_component_ref idref="oc-1a7"/>
      </symbol>
      <symbol id="sm-99d">
         <name>checkEventObstacleCleared</name>
         <value>0x4869</value>
         <object_component_ref idref="oc-1a7"/>
      </symbol>
      <symbol id="sm-99e">
         <name>checkEventSlidingLeft</name>
         <value>0x4595</value>
         <object_component_ref idref="oc-1a7"/>
      </symbol>
      <symbol id="sm-99f">
         <name>calculaParametrosReutilizaveis</name>
         <value>0x49fd</value>
         <object_component_ref idref="oc-1a7"/>
      </symbol>
      <symbol id="sm-9a0">
         <name>uniToDiff</name>
         <value>0x55b1</value>
         <object_component_ref idref="oc-1a7"/>
      </symbol>
      <symbol id="sm-9a1">
         <name>checkEventAtObstacle</name>
         <value>0x48a3</value>
         <object_component_ref idref="oc-1a7"/>
      </symbol>
      <symbol id="sm-9a2">
         <name>calculaVetorAvoidObstacles</name>
         <value>0x4b1d</value>
         <object_component_ref idref="oc-1a7"/>
      </symbol>
      <symbol id="sm-9a3">
         <name>checkEventSlidingRight</name>
         <value>0x4709</value>
         <object_component_ref idref="oc-1a7"/>
      </symbol>
      <symbol id="sm-9a4">
         <name>Exec_SM_ControladorHibrido_Controlador</name>
         <value>0x4463</value>
         <object_component_ref idref="oc-1a7"/>
      </symbol>
      <symbol id="sm-9a5">
         <name>calculaVetorFollowWall</name>
         <value>0x4e05</value>
         <object_component_ref idref="oc-1a7"/>
      </symbol>
      <symbol id="sm-9a6">
         <name>Init_SM_Controlador_Hibrido</name>
         <value>0x4357</value>
         <object_component_ref idref="oc-1a7"/>
      </symbol>
      <symbol id="sm-9a7">
         <name>checkEventAtGoal</name>
         <value>0x44a5</value>
         <object_component_ref idref="oc-1a7"/>
      </symbol>
      <symbol id="sm-9a8">
         <name>diffToUni</name>
         <value>0x564d</value>
         <object_component_ref idref="oc-1a7"/>
      </symbol>
      <symbol id="sm-9a9">
         <name>unicicloParaAcionamentoDiferencialPriorizandoOmega</name>
         <value>0x5265</value>
         <object_component_ref idref="oc-1a7"/>
      </symbol>
      <symbol id="sm-9aa">
         <name>checkEventUnsafe</name>
         <value>0x48dd</value>
         <object_component_ref idref="oc-1a7"/>
      </symbol>
      <symbol id="sm-9ab">
         <name>Exec_SM_ControladorHibrido_Transicao</name>
         <value>0x4415</value>
         <object_component_ref idref="oc-1a7"/>
      </symbol>
      <symbol id="sm-aca">
         <name>JubileuData</name>
         <value>0x20000270</value>
      </symbol>
      <symbol id="sm-acb">
         <name>StateMachineComm</name>
         <value>0x20002460</value>
      </symbol>
      <symbol id="sm-acc">
         <name>retornoADC</name>
         <value>0x2000261c</value>
      </symbol>
      <symbol id="sm-acd">
         <name>ui32SysClkFreq</name>
         <value>0x20002668</value>
      </symbol>
      <symbol id="sm-ace">
         <name>ui32Period</name>
         <value>0x20002664</value>
      </symbol>
      <symbol id="sm-acf">
         <name>ui32Load</name>
         <value>0x2000265c</value>
      </symbol>
      <symbol id="sm-ad0">
         <name>ui32PWMClock</name>
         <value>0x20002660</value>
      </symbol>
      <symbol id="sm-ad1">
         <name>calcularDistanciasSensores</name>
         <value>0x6695</value>
         <object_component_ref idref="oc-2a"/>
      </symbol>
      <symbol id="sm-ad2">
         <name>InicializaStructRobo</name>
         <value>0x5cb1</value>
         <object_component_ref idref="oc-2a"/>
      </symbol>
      <symbol id="sm-ad3">
         <name>UART3IntHandler</name>
         <value>0x68e5</value>
         <object_component_ref idref="oc-2a"/>
      </symbol>
      <symbol id="sm-ad4">
         <name>ADC1SS1IntHandler</name>
         <value>0x6991</value>
         <object_component_ref idref="oc-2a"/>
      </symbol>
      <symbol id="sm-ad5">
         <name>HallEncoder_Esq</name>
         <value>0x20002870</value>
         <object_component_ref idref="oc-ef"/>
      </symbol>
      <symbol id="sm-ad6">
         <name>IntAsChar</name>
         <value>0x5f23</value>
         <object_component_ref idref="oc-2a"/>
      </symbol>
      <symbol id="sm-ad7">
         <name>DistanciasSensoresParaString</name>
         <value>0x6369</value>
         <object_component_ref idref="oc-2a"/>
      </symbol>
      <symbol id="sm-ad8">
         <name>main</name>
         <value>0x5755</value>
         <object_component_ref idref="oc-2a"/>
      </symbol>
      <symbol id="sm-ad9">
         <name>IsNumber</name>
         <value>0x5ec3</value>
         <object_component_ref idref="oc-2a"/>
      </symbol>
      <symbol id="sm-ada">
         <name>CoordenadaParaString</name>
         <value>0x6161</value>
         <object_component_ref idref="oc-2a"/>
      </symbol>
      <symbol id="sm-adb">
         <name>countControllerExec</name>
         <value>0x20002874</value>
         <object_component_ref idref="oc-ef"/>
      </symbol>
      <symbol id="sm-adc">
         <name>UpdateOdometry</name>
         <value>0x5f65</value>
         <object_component_ref idref="oc-2a"/>
      </symbol>
      <symbol id="sm-add">
         <name>ADC0SS1IntHandler</name>
         <value>0x6957</value>
         <object_component_ref idref="oc-2a"/>
      </symbol>
      <symbol id="sm-ade">
         <name>GPIO_H_IntHandler</name>
         <value>0x68a5</value>
         <object_component_ref idref="oc-2a"/>
      </symbol>
      <symbol id="sm-adf">
         <name>HallEncoder_Dir</name>
         <value>0x20002871</value>
         <object_component_ref idref="oc-ef"/>
      </symbol>
      <symbol id="sm-ae0">
         <name>CharAsFloat</name>
         <value>0x5f09</value>
         <object_component_ref idref="oc-2a"/>
      </symbol>
      <symbol id="sm-ae1">
         <name>AcionarMotor</name>
         <value>0x64dd</value>
         <object_component_ref idref="oc-2a"/>
      </symbol>
      <symbol id="sm-ae2">
         <name>PreparaStringEstado</name>
         <value>0x5e7d</value>
         <object_component_ref idref="oc-2a"/>
      </symbol>
      <symbol id="sm-ae3">
         <name>Timer0IntHandler</name>
         <value>0x6829</value>
         <object_component_ref idref="oc-2a"/>
      </symbol>
      <symbol id="sm-ae4">
         <name>GPIO_M_IntHandler</name>
         <value>0x6865</value>
         <object_component_ref idref="oc-2a"/>
      </symbol>
      <symbol id="sm-af9">
         <name>cosf</name>
         <value>0xdc71</value>
         <object_component_ref idref="oc-d4"/>
      </symbol>
      <symbol id="sm-b0b">
         <name>sinf</name>
         <value>0xdd25</value>
         <object_component_ref idref="oc-da"/>
      </symbol>
      <symbol id="sm-b2e">
         <name>fmin</name>
         <value>0xdad1</value>
         <object_component_ref idref="oc-279"/>
      </symbol>
      <symbol id="sm-b2f">
         <name>fmax</name>
         <value>0xdba5</value>
         <object_component_ref idref="oc-27f"/>
      </symbol>
      <symbol id="sm-b30">
         <name>fmaxl</name>
         <value>0xdba5</value>
         <object_component_ref idref="oc-27f"/>
      </symbol>
      <symbol id="sm-b31">
         <name>fminl</name>
         <value>0xdad1</value>
         <object_component_ref idref="oc-279"/>
      </symbol>
      <symbol id="sm-b73">
         <name>atan2</name>
         <value>0xcdf1</value>
         <object_component_ref idref="oc-267"/>
      </symbol>
      <symbol id="sm-b74">
         <name>atan2l</name>
         <value>0xcdf1</value>
         <object_component_ref idref="oc-267"/>
      </symbol>
      <symbol id="sm-b96">
         <name>sqrtl</name>
         <value>0xd461</value>
         <object_component_ref idref="oc-ba"/>
      </symbol>
      <symbol id="sm-b97">
         <name>sqrt</name>
         <value>0xd461</value>
         <object_component_ref idref="oc-ba"/>
      </symbol>
      <symbol id="sm-bcd">
         <name>atanl</name>
         <value>0xcb05</value>
         <object_component_ref idref="oc-2bf"/>
      </symbol>
      <symbol id="sm-bce">
         <name>atan</name>
         <value>0xcb05</value>
         <object_component_ref idref="oc-2bf"/>
      </symbol>
      <symbol id="sm-c1f">
         <name>cosl</name>
         <value>0xb779</value>
         <object_component_ref idref="oc-273"/>
      </symbol>
      <symbol id="sm-c20">
         <name>cos</name>
         <value>0xb779</value>
         <object_component_ref idref="oc-273"/>
      </symbol>
      <symbol id="sm-c6c">
         <name>sin</name>
         <value>0xbd55</value>
         <object_component_ref idref="oc-26d"/>
      </symbol>
      <symbol id="sm-c6d">
         <name>sinl</name>
         <value>0xbd55</value>
         <object_component_ref idref="oc-26d"/>
      </symbol>
      <symbol id="sm-c84">
         <name>__aeabi_dsub</name>
         <value>0xcfc9</value>
         <object_component_ref idref="oc-c5"/>
      </symbol>
      <symbol id="sm-c85">
         <name>__aeabi_dadd</name>
         <value>0xcfd3</value>
         <object_component_ref idref="oc-c5"/>
      </symbol>
      <symbol id="sm-ca7">
         <name>__aeabi_cdcmpeq</name>
         <value>0xde65</value>
         <object_component_ref idref="oc-e5"/>
      </symbol>
      <symbol id="sm-ca8">
         <name>__aeabi_cdcmple</name>
         <value>0xde65</value>
         <object_component_ref idref="oc-e5"/>
      </symbol>
      <symbol id="sm-ca9">
         <name>__aeabi_cdrcmple</name>
         <value>0xdeeb</value>
         <object_component_ref idref="oc-e0"/>
      </symbol>
      <symbol id="sm-cbd">
         <name>__aeabi_ddiv</name>
         <value>0xd5b9</value>
         <object_component_ref idref="oc-cf"/>
      </symbol>
      <symbol id="sm-cc8">
         <name>__aeabi_dmul</name>
         <value>0xd801</value>
         <object_component_ref idref="oc-c0"/>
      </symbol>
      <symbol id="sm-cd2">
         <name>__aeabi_d2iz</name>
         <value>0xe0c1</value>
         <object_component_ref idref="oc-2c7"/>
      </symbol>
      <symbol id="sm-cde">
         <name>__aeabi_d2f</name>
         <value>0xdfeb</value>
         <object_component_ref idref="oc-b0"/>
      </symbol>
      <symbol id="sm-ce9">
         <name>__aeabi_f2d</name>
         <value>0xe18b</value>
         <object_component_ref idref="oc-a5"/>
      </symbol>
      <symbol id="sm-cf3">
         <name>__aeabi_i2d</name>
         <value>0xe1f9</value>
         <object_component_ref idref="oc-ca"/>
      </symbol>
      <symbol id="sm-cfd">
         <name>__aeabi_ui2d</name>
         <value>0xe227</value>
         <object_component_ref idref="oc-ea"/>
      </symbol>
      <symbol id="sm-d15">
         <name>__TI_zero_init</name>
         <value>0xe26f</value>
         <object_component_ref idref="oc-50"/>
      </symbol>
      <symbol id="sm-d2c">
         <name>__TI_decompress_none</name>
         <value>0xe261</value>
         <object_component_ref idref="oc-18"/>
      </symbol>
      <symbol id="sm-d4f">
         <name>__TI_decompress_lzss</name>
         <value>0xe059</value>
         <object_component_ref idref="oc-12"/>
      </symbol>
      <symbol id="sm-dbf">
         <name>__kernel_rem_pio2</name>
         <value>0x9cb5</value>
         <object_component_ref idref="oc-2d2"/>
      </symbol>
      <symbol id="sm-dd2">
         <name>__stack</name>
         <value>0x20002670</value>
         <object_component_ref idref="oc-21"/>
      </symbol>
      <symbol id="sm-dd3">
         <name>_c_int00_noargs</name>
         <value>0xe1c5</value>
         <object_component_ref idref="oc-5c"/>
      </symbol>
      <symbol id="sm-de9">
         <name>__aeabi_errno_addr</name>
         <value>0xe289</value>
         <object_component_ref idref="oc-1b6"/>
      </symbol>
      <symbol id="sm-dea">
         <name>errno</name>
         <value>0x20002878</value>
         <object_component_ref idref="oc-291"/>
      </symbol>
      <symbol id="sm-e00">
         <name>__kernel_cos</name>
         <value>0xd2f5</value>
         <object_component_ref idref="oc-2d8"/>
      </symbol>
      <symbol id="sm-e17">
         <name>__kernel_sin</name>
         <value>0xd181</value>
         <object_component_ref idref="oc-2cc"/>
      </symbol>
      <symbol id="sm-e34">
         <name>floorl</name>
         <value>0xd8fd</value>
         <object_component_ref idref="oc-31e"/>
      </symbol>
      <symbol id="sm-e35">
         <name>floor</name>
         <value>0xd8fd</value>
         <object_component_ref idref="oc-31e"/>
      </symbol>
      <symbol id="sm-e52">
         <name>scalbn</name>
         <value>0xd6f1</value>
         <object_component_ref idref="oc-318"/>
      </symbol>
      <symbol id="sm-e53">
         <name>scalbnl</name>
         <value>0xd6f1</value>
         <object_component_ref idref="oc-318"/>
      </symbol>
      <symbol id="sm-e54">
         <name>ldexpl</name>
         <value>0xd6f1</value>
         <object_component_ref idref="oc-318"/>
      </symbol>
      <symbol id="sm-e55">
         <name>ldexp</name>
         <value>0xd6f1</value>
         <object_component_ref idref="oc-318"/>
      </symbol>
      <symbol id="sm-e65">
         <name>__aeabi_memset</name>
         <value>0xdf73</value>
         <object_component_ref idref="oc-123"/>
      </symbol>
      <symbol id="sm-e66">
         <name>memset</name>
         <value>0xdf79</value>
         <object_component_ref idref="oc-123"/>
      </symbol>
      <symbol id="sm-e67">
         <name>__aeabi_memset8</name>
         <value>0xdf73</value>
         <object_component_ref idref="oc-123"/>
      </symbol>
      <symbol id="sm-e68">
         <name>__aeabi_memset4</name>
         <value>0xdf73</value>
         <object_component_ref idref="oc-123"/>
      </symbol>
      <symbol id="sm-e69">
         <name>__aeabi_memclr8</name>
         <value>0xdf71</value>
         <object_component_ref idref="oc-123"/>
      </symbol>
      <symbol id="sm-e6a">
         <name>__aeabi_memclr4</name>
         <value>0xdf71</value>
         <object_component_ref idref="oc-123"/>
      </symbol>
      <symbol id="sm-e6b">
         <name>__aeabi_memclr</name>
         <value>0xdf71</value>
         <object_component_ref idref="oc-123"/>
      </symbol>
      <symbol id="sm-e86">
         <name>memcpy</name>
         <value>0xddc9</value>
         <object_component_ref idref="oc-3e"/>
      </symbol>
      <symbol id="sm-e87">
         <name>__aeabi_memcpy</name>
         <value>0xddc9</value>
         <object_component_ref idref="oc-3e"/>
      </symbol>
      <symbol id="sm-e88">
         <name>__aeabi_memcpy8</name>
         <value>0xddc9</value>
         <object_component_ref idref="oc-3e"/>
      </symbol>
      <symbol id="sm-e89">
         <name>__aeabi_memcpy4</name>
         <value>0xddc9</value>
         <object_component_ref idref="oc-3e"/>
      </symbol>
      <symbol id="sm-eb1">
         <name>__TI_auto_init_nobinit_nopinit</name>
         <value>0xe109</value>
         <object_component_ref idref="oc-1ef"/>
      </symbol>
      <symbol id="sm-ebb">
         <name>_system_pre_init</name>
         <value>0xe297</value>
         <object_component_ref idref="oc-129"/>
      </symbol>
      <symbol id="sm-ec7">
         <name>C$$EXIT</name>
         <value>0xe29b</value>
         <object_component_ref idref="oc-1e3"/>
      </symbol>
      <symbol id="sm-ec8">
         <name>abort</name>
         <value>0xe29b</value>
         <object_component_ref idref="oc-1e3"/>
      </symbol>
      <symbol id="sm-ed4">
         <name>copysign</name>
         <value>0xe247</value>
         <object_component_ref idref="oc-34c"/>
      </symbol>
      <symbol id="sm-ed5">
         <name>copysignl</name>
         <value>0xe247</value>
         <object_component_ref idref="oc-34c"/>
      </symbol>
      <symbol id="sm-ed6">
         <name>__TI_static_base__</name>
         <value>0x0</value>
      </symbol>
      <symbol id="sm-ed9">
         <name>__mpu_init</name>
         <value>0x0</value>
      </symbol>
      <symbol id="sm-eda">
         <name>_system_post_cinit</name>
         <value>0x0</value>
      </symbol>
   </symbol_table>
   <title>Link successful</title>
</link_info>
