******************************************************************************
                  TI ARM Linker PC v18.12.2                    
******************************************************************************
>> Linked Sun Jul 18 23:24:20 2021

OUTPUT FILE NAME:   <JubileuBot.out>
ENTRY POINT SYMBOL: "_c_int00_noargs"  address: 0000e571


MEMORY CONFIGURATION

         name            origin    length      used     unused   attr    fill
----------------------  --------  ---------  --------  --------  ----  --------
  FLASH                 00000000   00100000  0000ef26  000f10da  R  X
  SRAM                  20000000   00040000  0000293c  0003d6c4  RW X


SEGMENT ALLOCATION MAP

run origin  load origin   length   init length attrs members
----------  ----------- ---------- ----------- ----- -------
00000000    00000000    0000ef30   0000ef30    r-x
  00000000    00000000    00000208   00000208    r-- .intvecs
  00000208    00000208    0000e442   0000e442    r-x .text
  0000e650    0000e650    0000089c   0000089c    r-- .const
  0000eef0    0000eef0    00000040   00000040    r-- .cinit
20000000    20000000    00002944   00000000    rw-
  20000000    20000000    0000026c   00000000    rw- .vtable
  20000270    20000270    000024c4   00000000    rw- .bss
  20002738    20002738    00000200   00000000    rw- .stack
  20002938    20002938    0000000c   00000000    rw- .data


SECTION ALLOCATION MAP

 output                                  attributes/
section   page    origin      length       input sections
--------  ----  ----------  ----------   ----------------
.intvecs   0    00000000    00000208     
                  00000000    00000208     tm4c1294ncpdt_startup_ccs.obj (.intvecs)

.text      0    00000208    0000e442     
                  00000208    000039ac     SupervisorFuzzy.obj (.text)
                  00003bb4    00001e48     SupervisorHibrido.obj (.text)
                  000059fc    00001430     main.obj (.text)
                  00006e2c    00000f80     sysctl.obj (.text)
                  00007dac    00000ef4     LinkedList.obj (.text)
                  00008ca0    00000b94     gpio.obj (.text)
                  00009834    0000083a     adc.obj (.text)
                  0000a06e    00000002     --HOLE-- [fill = 0]
                  0000a070    00000738     rtsv7M4_T_le_v4SPD16_eabi.lib : k_rem_pio2.c.obj (.text:__kernel_rem_pio2)
                  0000a7a8    00000718     pwm.obj (.text)
                  0000aec0    00000642     timer.obj (.text)
                  0000b502    00000002     --HOLE-- [fill = 0]
                  0000b504    0000062e     uart.obj (.text)
                  0000bb32    00000002     --HOLE-- [fill = 0]
                  0000bb34    000005dc     rtsv7M4_T_le_v4SPD16_eabi.lib : s_cos.c.obj (.text:cos)
                  0000c110    000005c4                                   : s_sin.c.obj (.text:sin)
                  0000c6d4    0000041c     StateMachineComm.obj (.text)
                  0000caf0    000003c0     interrupt.obj (.text)
                  0000ceb0    000002ec     rtsv7M4_T_le_v4SPD16_eabi.lib : s_atan.c.obj (.text:atan)
                  0000d19c    000001d8                                   : e_atan2.c.obj (.text:atan2)
                  0000d374    000001b6                                   : fd_add_t2.asm.obj (.text)
                  0000d52a    00000002     --HOLE-- [fill = 0]
                  0000d52c    00000174                                   : k_sin.c.obj (.text:__kernel_sin)
                  0000d6a0    0000016c                                   : k_cos.c.obj (.text:__kernel_cos)
                  0000d80c    00000158                                   : e_sqrt.c.obj (.text:sqrt)
                  0000d964    00000136                                   : fd_div_t2.asm.obj (.text)
                  0000da9a    00000002     --HOLE-- [fill = 0]
                  0000da9c    00000110                                   : s_scalbn.c.obj (.text:scalbn)
                  0000dbac    000000fc                                   : fd_mul_t2.asm.obj (.text)
                  0000dca8    000000f8                                   : s_floor.c.obj (.text:floor)
                  0000dda0    000000dc     StateMachineSupervisores.obj (.text)
                  0000de7c    000000d4     rtsv7M4_T_le_v4SPD16_eabi.lib : ti_fmax.c.obj (.text:fmin)
                  0000df50    000000cc                                   : ti_fmax.c.obj (.text:fmax)
                  0000e01c    000000b4                                   : s_cosf.c.obj (.text:cosf)
                  0000e0d0    000000a4                                   : s_sinf.c.obj (.text:sinf)
                  0000e174    0000009c                                   : memcpy_t2.asm.obj (.text)
                  0000e210    00000086                                   : fd_cmp_t2.asm.obj (.text:__aeabi_cdcmple)
                  0000e296    00000086                                   : fd_cmp_t2.asm.obj (.text:__aeabi_cdrcmple)
                  0000e31c    0000007a                                   : memset_t2.asm.obj (.text)
                  0000e396    0000006e                                   : fd_tos_t2.asm.obj (.text)
                  0000e404    00000068                                   : copy_decompress_lzss.c.obj (.text:decompress:lzss:__TI_decompress_lzss)
                  0000e46c    00000048                                   : fd_toi_t2.asm.obj (.text)
                  0000e4b4    00000044                                   : autoinit.c.obj (.text:__TI_auto_init_nobinit_nopinit:__TI_auto_init_nobinit_nopinit)
                  0000e4f8    0000003e     cpu.obj (.text)
                  0000e536    00000038     rtsv7M4_T_le_v4SPD16_eabi.lib : fs_tod_t2.asm.obj (.text)
                  0000e56e    00000002     --HOLE-- [fill = 0]
                  0000e570    00000034                                   : boot_cortex_m.c.obj (.text:_c_int00_noargs:_c_int00_noargs)
                  0000e5a4    0000002e                                   : i_tofd_t2.asm.obj (.text)
                  0000e5d2    00000020                                   : u_tofd_t2.asm.obj (.text)
                  0000e5f2    0000001a                                   : s_copysign.c.obj (.text:copysign)
                  0000e60c    0000000e                                   : copy_decompress_none.c.obj (.text:decompress:none:__TI_decompress_none)
                  0000e61a    0000000c                                   : copy_zero_init.c.obj (.text:decompress:ZI:__TI_zero_init)
                  0000e626    0000000c     tm4c1294ncpdt_startup_ccs.obj (.text)
                  0000e632    00000002     --HOLE-- [fill = 0]
                  0000e634    00000008     rtsv7M4_T_le_v4SPD16_eabi.lib : errno.c.obj (.text:__aeabi_errno_addr)
                  0000e63c    00000006     sysctl.obj (.text:SysCtlDelay)
                  0000e642    00000004     rtsv7M4_T_le_v4SPD16_eabi.lib : pre_init.c.obj (.text:_system_pre_init)
                  0000e646    00000004                                   : exit.c.obj (.text:abort:abort)

.const     0    0000e650    0000089c     
                  0000e650    000001b0     sysctl.obj (.const:g_pppui32XTALtoVCO)
                  0000e800    00000158     rtsv7M4_T_le_v4SPD16_eabi.lib : k_rem_pio2.c.obj (.const:$O1$$)
                  0000e958    000000d8     gpio.obj (.const:g_ppui32GPIOIntMapSnowflake)
                  0000ea30    000000c0     gpio.obj (.const:g_ppui32GPIOIntMapBlizzard)
                  0000eaf0    0000009c     interrupt.obj (.const:g_pui32Regs)
                  0000eb8c    00000004     --HOLE-- [fill = 0]
                  0000eb90    00000098     rtsv7M4_T_le_v4SPD16_eabi.lib : s_atan.c.obj (.const:$O1$$)
                  0000ec28    00000090     gpio.obj (.const:g_pui32GPIOBaseAddrs)
                  0000ecb8    0000006c     sysctl.obj (.const:g_pui32Xtals)
                  0000ed24    00000060     timer.obj (.const:g_ppui32TimerIntMap)
                  0000ed84    00000040     timer.obj (.const:g_ppui32TimerIntMapSnowflake)
                  0000edc4    00000040     uart.obj (.const:g_ppui32UARTIntMap)
                  0000ee04    00000040     uart.obj (.const:g_ppui32UARTIntMapSnowflake)
                  0000ee44    00000030     sysctl.obj (.const:g_sXTALtoMEMTIM)
                  0000ee74    00000020     interrupt.obj (.const:g_pui32Priority)
                  0000ee94    00000014     interrupt.obj (.const:g_pui32Dii16Regs)
                  0000eea8    00000014     interrupt.obj (.const:g_pui32EnRegs)
                  0000eebc    00000014     interrupt.obj (.const:g_pui32PendRegs)
                  0000eed0    00000014     interrupt.obj (.const:g_pui32UnpendRegs)
                  0000eee4    00000008     sysctl.obj (.const:g_pui32VCOFrequencies)

.cinit     0    0000eef0    00000040     
                  0000eef0    0000000c     (__TI_handler_table)
                  0000eefc    0000000b     (.cinit..data.load) [load image, compression = lzss]
                  0000ef07    00000001     --HOLE-- [fill = 0]
                  0000ef08    00000008     (.cinit..bss.load) [load image, compression = zero_init]
                  0000ef10    00000008     (.cinit..vtable.load) [load image, compression = zero_init]
                  0000ef18    00000018     (__TI_cinit_table)

.init_array 
*          0    00000000    00000000     UNINITIALIZED

.vtable    0    20000000    0000026c     UNINITIALIZED
                  20000000    0000026c     interrupt.obj (.vtable)

.bss       0    20000270    000024c4     UNINITIALIZED
                  20000270    000022b8     (.common:JubileuData)
                  20002528    000001bc     (.common:StateMachineComm)
                  200026e4    00000038     (.common:retornoADC)
                  2000271c    00000008     adc.obj (.bss:g_pui8OversampleFactor)
                  20002724    00000004     (.common:ui32Load)
                  20002728    00000004     (.common:ui32PWMClock)
                  2000272c    00000004     (.common:ui32Period)
                  20002730    00000004     (.common:ui32SysClkFreq)

.data      0    20002938    0000000c     UNINITIALIZED
                  20002938    00000008     main.obj (.data)
                  20002940    00000004     rtsv7M4_T_le_v4SPD16_eabi.lib : errno.c.obj (.data)

.stack     0    20002738    00000200     UNINITIALIZED
                  20002738    00000004     rtsv7M4_T_le_v4SPD16_eabi.lib : boot_cortex_m.c.obj (.stack)
                  2000273c    000001fc     --HOLE--

MODULE SUMMARY

       Module                          code    ro data   rw data
       ------                          ----    -------   -------
    .\
       tm4c1294ncpdt_startup_ccs.obj   12      520       0      
    +--+-------------------------------+-------+---------+---------+
       Total:                          12      520       0      
                                                                
    .\driverlib\
       sysctl.obj                      3974    596       0      
       gpio.obj                        2964    552       0      
       adc.obj                         2106    0         8      
       interrupt.obj                   960     268       620    
       pwm.obj                         1816    0         0      
       timer.obj                       1602    160       0      
       uart.obj                        1582    128       0      
       cpu.obj                         62      0         0      
    +--+-------------------------------+-------+---------+---------+
       Total:                          15066   1704      628    
                                                                
    .\src\
       SupervisorFuzzy.obj             14764   0         0      
       main.obj                        5168    0         9412   
       SupervisorHibrido.obj           7752    0         0      
       LinkedList.obj                  3828    0         0      
       StateMachineComm.obj            1052    0         0      
       StateMachineSupervisores.obj    220     0         0      
    +--+-------------------------------+-------+---------+---------+
       Total:                          32784   0         9412   
                                                                
    C:\ti\ccs910\ccs\tools\compiler\ti-cgt-arm_18.12.2.LTS\lib\rtsv7M4_T_le_v4SPD16_eabi.lib
       k_rem_pio2.c.obj                1848    344       0      
       s_cos.c.obj                     1500    0         0      
       s_sin.c.obj                     1476    0         0      
       s_atan.c.obj                    748     152       0      
       e_atan2.c.obj                   472     0         0      
       fd_add_t2.asm.obj               438     0         0      
       ti_fmax.c.obj                   416     0         0      
       k_sin.c.obj                     372     0         0      
       k_cos.c.obj                     364     0         0      
       e_sqrt.c.obj                    344     0         0      
       fd_div_t2.asm.obj               310     0         0      
       s_scalbn.c.obj                  272     0         0      
       fd_cmp_t2.asm.obj               268     0         0      
       fd_mul_t2.asm.obj               252     0         0      
       s_floor.c.obj                   248     0         0      
       s_cosf.c.obj                    180     0         0      
       s_sinf.c.obj                    164     0         0      
       memcpy_t2.asm.obj               156     0         0      
       memset_t2.asm.obj               122     0         0      
       fd_tos_t2.asm.obj               110     0         0      
       copy_decompress_lzss.c.obj      104     0         0      
       fd_toi_t2.asm.obj               72      0         0      
       autoinit.c.obj                  68      0         0      
       fs_tod_t2.asm.obj               56      0         0      
       boot_cortex_m.c.obj             52      0         0      
       i_tofd_t2.asm.obj               46      0         0      
       u_tofd_t2.asm.obj               32      0         0      
       s_copysign.c.obj                26      0         0      
       copy_decompress_none.c.obj      14      0         0      
       copy_zero_init.c.obj            12      0         0      
       errno.c.obj                     8       0         4      
       exit.c.obj                      4       0         0      
       pre_init.c.obj                  4       0         0      
    +--+-------------------------------+-------+---------+---------+
       Total:                          10558   496       4      
                                                                
       Stack:                          0       0         512    
       Linker Generated:               0       63        0      
    +--+-------------------------------+-------+---------+---------+
       Grand Total:                    58420   2783      10556  


LINKER GENERATED COPY TABLES

__TI_cinit_table @ 0000ef18 records: 3, size/record: 8, table size: 24
	.data: load addr=0000eefc, load size=0000000b bytes, run addr=20002938, run size=0000000c bytes, compression=lzss
	.bss: load addr=0000ef08, load size=00000008 bytes, run addr=20000270, run size=000024c4 bytes, compression=zero_init
	.vtable: load addr=0000ef10, load size=00000008 bytes, run addr=20000000, run size=0000026c bytes, compression=zero_init


LINKER GENERATED HANDLER TABLE

__TI_handler_table @ 0000eef0 records: 3, size/record: 4, table size: 12
	index: 0, handler: __TI_zero_init
	index: 1, handler: __TI_decompress_lzss
	index: 2, handler: __TI_decompress_none


GLOBAL SYMBOLS: SORTED ALPHABETICALLY BY Name 

address   name                                              
-------   ----                                              
00006d15  ADC0SS1IntHandler                                 
00006d51  ADC1SS1IntHandler                                 
00009fe5  ADCBusy                                           
0000a02d  ADCClockConfigGet                                 
0000a003  ADCClockConfigSet                                 
00009dff  ADCComparatorConfigure                            
00009ed9  ADCComparatorIntClear                             
00009e85  ADCComparatorIntDisable                           
00009ea3  ADCComparatorIntEnable                            
00009ec5  ADCComparatorIntStatus                            
00009e1b  ADCComparatorRegionSet                            
00009e3f  ADCComparatorReset                                
00009dcd  ADCHardwareOversampleConfigure                    
0000996f  ADCIntClear                                       
00009f4d  ADCIntClearEx                                     
000098d5  ADCIntDisable                                     
00009eeb  ADCIntDisableEx                                   
000098f1  ADCIntEnable                                      
00009f03  ADCIntEnableEx                                    
0000988f  ADCIntRegister                                    
00009917  ADCIntStatus                                      
00009f1b  ADCIntStatusEx                                    
000098b7  ADCIntUnregister                                  
00009f9f  ADCPhaseDelayGet                                  
00009f8d  ADCPhaseDelaySet                                  
00009be1  ADCProcessorTrigger                               
00009f7b  ADCReferenceGet                                   
00009f5f  ADCReferenceSet                                   
000099b9  ADCSequenceConfigure                              
00009fc9  ADCSequenceDMADisable                             
00009fad  ADCSequenceDMAEnable                              
00009b9f  ADCSequenceDataGet                                
0000999f  ADCSequenceDisable                                
00009985  ADCSequenceEnable                                 
00009b43  ADCSequenceOverflow                               
00009b5b  ADCSequenceOverflowClear                          
00009a55  ADCSequenceStepConfigure                          
00009b71  ADCSequenceUnderflow                              
00009b89  ADCSequenceUnderflowClear                         
00009c05  ADCSoftwareOversampleConfigure                    
00009d39  ADCSoftwareOversampleDataGet                      
00009c57  ADCSoftwareOversampleStepConfigure                
000067fd  AcionarMotor                                      
0000e647  C$$EXIT                                           
0000e52d  CPUbasepriGet                                     
0000e51f  CPUbasepriSet                                     
0000e4f9  CPUcpsid                                          
0000e50f  CPUcpsie                                          
0000e505  CPUprimask                                        
0000e51b  CPUwfi                                            
00006215  CharAsFloat                                       
0000648d  CoordenadaParaString                              
0000668d  DistanciasSensoresParaString                      
0000ca87  EnviarMensagemUart                                
0000c8bf  Exec_SM_Comm                                      
0000034b  Exec_SM_ControladorFuzzy_Controlador              
000002fd  Exec_SM_ControladorFuzzy_Transicao                
00004627  Exec_SM_ControladorHibrido_Controlador            
000045d9  Exec_SM_ControladorHibrido_Transicao              
0000de4b  Exec_SM_Supervisor_Supervisor                     
0000de2b  Exec_SM_Supervisor_Transicao                      
00000363  ExecutarSupervisorFuzzy                           
00004649  ExecutarSupervisorHibrido                         
0000980d  GPIOADCTriggerDisable                             
000097ef  GPIOADCTriggerEnable                              
000097d1  GPIODMATriggerDisable                             
000097b3  GPIODMATriggerEnable                              
00008d5b  GPIODirModeGet                                    
00008cff  GPIODirModeSet                                    
000092c3  GPIOIntClear                                      
00009287  GPIOIntDisable                                    
0000926d  GPIOIntEnable                                     
000092d7  GPIOIntRegister                                   
0000930f  GPIOIntRegisterPin                                
000092a1  GPIOIntStatus                                     
00008e4b  GPIOIntTypeGet                                    
00008da7  GPIOIntTypeSet                                    
000092f5  GPIOIntUnregister                                 
0000933d  GPIOIntUnregisterPin                              
0000911b  GPIOPadConfigGet                                  
00008ee1  GPIOPadConfigSet                                  
00009755  GPIOPinConfigure                                  
00009361  GPIOPinRead                                       
00009399  GPIOPinTypeADC                                    
000093bd  GPIOPinTypeCAN                                    
000093e1  GPIOPinTypeComparator                             
00009405  GPIOPinTypeComparatorOutput                       
00009429  GPIOPinTypeDIVSCLK                                
0000944d  GPIOPinTypeEPI                                    
00009471  GPIOPinTypeEthernetLED                            
00009495  GPIOPinTypeEthernetMII                            
000094b9  GPIOPinTypeGPIOInput                              
000094dd  GPIOPinTypeGPIOOutput                             
00009501  GPIOPinTypeGPIOOutputOD                           
00009525  GPIOPinTypeHibernateRTCCLK                        
00009549  GPIOPinTypeI2C                                    
0000956d  GPIOPinTypeI2CSCL                                 
00009591  GPIOPinTypeLCD                                    
000095b5  GPIOPinTypeOneWire                                
000095d9  GPIOPinTypePWM                                    
000095fd  GPIOPinTypeQEI                                    
00009621  GPIOPinTypeSSI                                    
00009645  GPIOPinTypeTimer                                  
00009669  GPIOPinTypeTrace                                  
0000968d  GPIOPinTypeUART                                   
000096b1  GPIOPinTypeUSBAnalog                              
000096d5  GPIOPinTypeUSBDigital                             
000096f9  GPIOPinTypeWakeHigh                               
0000971f  GPIOPinTypeWakeLow                                
00009745  GPIOPinWakeStatus                                 
00009379  GPIOPinWrite                                      
00006c49  GPIO_H_IntHandler                                 
00006c0d  GPIO_M_IntHandler                                 
20002939  HallEncoder_Dir                                   
20002938  HallEncoder_Esq                                   
00005fb1  InicializaStructRobo                              
0000c871  Init_SM_Comm                                      
00000297  Init_SM_Controlador_Fuzzy                         
00004509  Init_SM_Controlador_Hibrido                       
0000ddd7  Init_SM_Sup                                       
0000622f  IntAsChar                                         
0000ccb1  IntDisable                                        
0000cc3f  IntEnable                                         
0000cd23  IntIsEnabled                                      
0000cb03  IntMasterDisable                                  
0000caf3  IntMasterEnable                                   
0000ce19  IntPendClear                                      
0000cda9  IntPendSet                                        
0000cc1b  IntPriorityGet                                    
0000cb93  IntPriorityGroupingGet                            
0000cb79  IntPriorityGroupingSet                            
0000ce73  IntPriorityMaskGet                                
0000ce67  IntPriorityMaskSet                                
0000cbcb  IntPrioritySet                                    
0000cb13  IntRegister                                       
0000ce7b  IntTrigger                                        
0000cb65  IntUnregister                                     
000061f5  IsNumber                                          
20000270  JubileuData                                       
0000c8df  MontaMensagem                                     
0000c92b  MontaMensagemComInicio                            
0000ae23  PWMClockGet                                       
0000ae03  PWMClockSet                                       
0000a94d  PWMDeadBandDisable                                
0000a915  PWMDeadBandEnable                                 
0000acc9  PWMFaultIntClear                                  
0000acfb  PWMFaultIntClearExt                               
0000abe3  PWMFaultIntRegister                               
0000ac01  PWMFaultIntUnregister                             
0000a7a9  PWMGenConfigure                                   
0000a867  PWMGenDisable                                     
0000a84d  PWMGenEnable                                      
0000adcd  PWMGenFaultClear                                  
0000ad19  PWMGenFaultConfigure                              
0000ad97  PWMGenFaultStatus                                 
0000ad73  PWMGenFaultTriggerGet                             
0000ad49  PWMGenFaultTriggerSet                             
0000ac81  PWMGenIntClear                                    
0000ab55  PWMGenIntRegister                                 
0000ac57  PWMGenIntStatus                                   
0000ac39  PWMGenIntTrigDisable                              
0000ac1b  PWMGenIntTrigEnable                               
0000ab7d  PWMGenIntUnregister                               
0000a823  PWMGenPeriodGet                                   
0000a7f3  PWMGenPeriodSet                                   
0000acb1  PWMIntDisable                                     
0000ac99  PWMIntEnable                                      
0000acdb  PWMIntStatus                                      
0000aa23  PWMOutputFault                                    
0000a9f1  PWMOutputFaultLevel                               
0000a9bf  PWMOutputInvert                                   
0000a98d  PWMOutputState                                    
0000ae4d  PWMOutputUpdateMode                               
0000a8cb  PWMPulseWidthGet                                  
0000a881  PWMPulseWidthSet                                  
0000a97b  PWMSyncTimeBase                                   
0000a969  PWMSyncUpdate                                     
000061bf  PreparaStringEstado                               
0000e627  ResetISR                                          
20002528  StateMachineComm                                  
00007d69  SysCtlAltClkConfig                                
00007491  SysCtlClockFreqSet                                
00007959  SysCtlClockGet                                    
00007d4d  SysCtlClockOutConfig                              
00007789  SysCtlClockSet                                    
00007395  SysCtlDeepSleep                                   
00007b1d  SysCtlDeepSleepClockConfigSet                     
00007aff  SysCtlDeepSleepClockSet                           
00007375  SysCtlDeepSleepPowerSet                           
0000e63d  SysCtlDelay                                       
00006f23  SysCtlFlashSectorSizeGet                          
00006ef7  SysCtlFlashSizeGet                                
00007bf3  SysCtlGPIOAHBDisable                              
00007bd7  SysCtlGPIOAHBEnable                               
00007309  SysCtlIntClear                                    
000072f1  SysCtlIntDisable                                  
000072dd  SysCtlIntEnable                                   
000072b5  SysCtlIntRegister                                 
00007319  SysCtlIntStatus                                   
000072cd  SysCtlIntUnregister                               
0000735b  SysCtlLDODeepSleepGet                             
0000734b  SysCtlLDODeepSleepSet                             
00007345  SysCtlLDOSleepGet                                 
00007335  SysCtlLDOSleepSet                                 
000073cb  SysCtlMOSCConfigSet                               
00007d31  SysCtlNMIClear                                    
00007d1d  SysCtlNMIStatus                                   
000073e1  SysCtlPIOSCCalibrate                              
00007bc1  SysCtlPWMClockGet                                 
00007ba7  SysCtlPWMClockSet                                 
00007261  SysCtlPeripheralClockGating                       
00007219  SysCtlPeripheralDeepSleepDisable                  
000071c9  SysCtlPeripheralDeepSleepEnable                   
00007105  SysCtlPeripheralDisable                           
000070c9  SysCtlPeripheralEnable                            
00007005  SysCtlPeripheralPowerOff                          
00006fc9  SysCtlPeripheralPowerOn                           
00006f49  SysCtlPeripheralPresent                           
00006f89  SysCtlPeripheralReady                             
00007041  SysCtlPeripheralReset                             
0000718d  SysCtlPeripheralSleepDisable                      
00007149  SysCtlPeripheralSleepEnable                       
00007385  SysCtlReset                                       
00007441  SysCtlResetBehaviorGet                            
00007431  SysCtlResetBehaviorSet                            
000073b7  SysCtlResetCauseClear                             
000073b1  SysCtlResetCauseGet                               
00006eed  SysCtlSRAMSizeGet                                 
0000738d  SysCtlSleep                                       
00007361  SysCtlSleepPowerSet                               
00007c1b  SysCtlUSBPLLDisable                               
00007c0f  SysCtlUSBPLLEnable                                
00007c61  SysCtlVCOGet                                      
00007c49  SysCtlVoltageEventClear                           
00007c2d  SysCtlVoltageEventConfig                          
00007c3d  SysCtlVoltageEventStatus                          
00006bd1  Timer0IntHandler                                  
0000b481  TimerADCEventGet                                  
0000b46f  TimerADCEventSet                                  
0000b1a5  TimerClockSourceGet                               
0000b17b  TimerClockSourceSet                               
0000af6f  TimerConfigure                                    
0000b08f  TimerControlEvent                                 
0000afeb  TimerControlLevel                                 
0000b0b9  TimerControlStall                                 
0000b021  TimerControlTrigger                               
0000b0ef  TimerControlWaitOnTrigger                         
0000b4a1  TimerDMAEventGet                                  
0000b48f  TimerDMAEventSet                                  
0000af51  TimerDisable                                      
0000af33  TimerEnable                                       
0000b44b  TimerIntClear                                     
0000b415  TimerIntDisable                                   
0000b3fd  TimerIntEnable                                    
0000b3b7  TimerIntRegister                                  
0000b42d  TimerIntStatus                                    
0000b3df  TimerIntUnregister                                
0000b26f  TimerLoadGet                                      
0000b2a5  TimerLoadGet64                                    
0000b245  TimerLoadSet                                      
0000b28b  TimerLoadSet64                                    
0000b34f  TimerMatchGet                                     
0000b385  TimerMatchGet64                                   
0000b325  TimerMatchSet                                     
0000b36b  TimerMatchSet64                                   
0000b1df  TimerPrescaleGet                                  
0000b229  TimerPrescaleMatchGet                             
0000b1fb  TimerPrescaleMatchSet                             
0000b1b5  TimerPrescaleSet                                  
0000b165  TimerRTCDisable                                   
0000b14f  TimerRTCEnable                                    
0000b45d  TimerSynchronize                                  
0000b4af  TimerUpdateMode                                   
0000b2d7  TimerValueGet                                     
0000b2f3  TimerValueGet64                                   
00006c91  UART3IntHandler                                   
0000bad5  UART9BitAddrSend                                  
0000baaf  UART9BitAddrSet                                   
0000ba99  UART9BitDisable                                   
0000ba83  UART9BitEnable                                    
0000b927  UARTBreakCtl                                      
0000b951  UARTBusy                                          
0000b8cf  UARTCharGet                                       
0000b8b3  UARTCharGetNonBlocking                            
0000b909  UARTCharPut                                       
0000b8e5  UARTCharPutNonBlocking                            
0000b877  UARTCharsAvail                                    
0000ba73  UARTClockSourceGet                                
0000ba5f  UARTClockSourceSet                                
0000b647  UARTConfigGetExpClk                               
0000b5d1  UARTConfigSetExpClk                               
0000ba25  UARTDMADisable                                    
0000ba0d  UARTDMAEnable                                     
0000b6b7  UARTDisable                                       
0000b73b  UARTDisableSIR                                    
0000b693  UARTEnable                                        
0000b70d  UARTEnableSIR                                     
0000b6f7  UARTFIFODisable                                   
0000b6e1  UARTFIFOEnable                                    
0000b5a9  UARTFIFOLevelGet                                  
0000b591  UARTFIFOLevelSet                                  
0000b837  UARTFlowControlGet                                
0000b81b  UARTFlowControlSet                                
0000b9fb  UARTIntClear                                      
0000b9c5  UARTIntDisable                                    
0000b9ad  UARTIntEnable                                     
0000b96f  UARTIntRegister                                   
0000b9dd  UARTIntStatus                                     
0000b98d  UARTIntUnregister                                 
0000bb1d  UARTLoopbackEnable                                
0000b7d1  UARTModemControlClear                             
0000b7f5  UARTModemControlGet                               
0000b799  UARTModemControlSet                               
0000b807  UARTModemStatusGet                                
0000b57f  UARTParityModeGet                                 
0000b563  UARTParityModeSet                                 
0000ba4f  UARTRxErrorClear                                  
0000ba3d  UARTRxErrorGet                                    
0000b783  UARTSmartCardDisable                              
0000b751  UARTSmartCardEnable                               
0000b895  UARTSpaceAvail                                    
0000b865  UARTTxIntModeGet                                  
0000b849  UARTTxIntModeSet                                  
00006279  UpdateOdometry                                    
0000ca2b  VerificaResposta                                  
20002938  __STACK_END                                       
00000200  __STACK_SIZE                                      
20002938  __STACK_TOP                                       
0000ef18  __TI_CINIT_Base                                   
0000ef30  __TI_CINIT_Limit                                  
0000eef0  __TI_Handler_Table_Base                           
0000eefc  __TI_Handler_Table_Limit                          
0000e4b5  __TI_auto_init_nobinit_nopinit                    
0000e405  __TI_decompress_lzss                              
0000e60d  __TI_decompress_none                              
ffffffff  __TI_pprof_out_hndl                               
ffffffff  __TI_prof_data_size                               
ffffffff  __TI_prof_data_start                              
00000000  __TI_static_base__                                
0000e61b  __TI_zero_init                                    
0000e211  __aeabi_cdcmpeq                                   
0000e211  __aeabi_cdcmple                                   
0000e297  __aeabi_cdrcmple                                  
0000e397  __aeabi_d2f                                       
0000e46d  __aeabi_d2iz                                      
0000d37f  __aeabi_dadd                                      
0000d965  __aeabi_ddiv                                      
0000dbad  __aeabi_dmul                                      
0000d375  __aeabi_dsub                                      
0000e635  __aeabi_errno_addr                                
0000e537  __aeabi_f2d                                       
0000e5a5  __aeabi_i2d                                       
0000e31d  __aeabi_memclr                                    
0000e31d  __aeabi_memclr4                                   
0000e31d  __aeabi_memclr8                                   
0000e175  __aeabi_memcpy                                    
0000e175  __aeabi_memcpy4                                   
0000e175  __aeabi_memcpy8                                   
0000e31f  __aeabi_memset                                    
0000e31f  __aeabi_memset4                                   
0000e31f  __aeabi_memset8                                   
0000e5d3  __aeabi_ui2d                                      
ffffffff  __binit__                                         
ffffffff  __c_args__                                        
0000d6a1  __kernel_cos                                      
0000a071  __kernel_rem_pio2                                 
0000d52d  __kernel_sin                                      
UNDEFED   __mpu_init                                        
20002738  __stack                                           
0000e571  _c_int00_noargs                                   
UNDEFED   _system_post_cinit                                
0000e643  _system_pre_init                                  
0000e647  abort                                             
00007e95  addElementOrdered                                 
0000116d  aplicaRegrasEDefuzzificacaoEO                     
00001ccd  aplicaRegrasEDefuzzificacaoSP                     
000033e9  aplicaRegrasEDefuzzificacaoSeguirVetor            
0000885b  area1Calculation                                  
000088c3  area2Calculation                                  
0000893d  area3Calculation                                  
00008683  areaCalculation                                   
000081a5  assignLineParameters                              
0000ceb1  atan                                              
0000d19d  atan2                                             
0000d19d  atan2l                                            
0000ceb1  atanl                                             
ffffffff  binit                                             
00000c85  calculaAreaTrianguloCortado                       
00000bf7  calculaFISEO                                      
00000c19  calculaFISSP                                      
00000c2b  calculaFISSeguirVetor                             
00000cd9  calculaFuzzyNot                                   
00003a75  calculaGrauPertinenciaSV                          
00000c4d  calculaInferencia                                 
00004c39  calculaParametrosReutilizaveis                    
000004ab  calculaParametrosReutilizaveisFuzzy               
00000a91  calculaRecomendacaoFinal                          
00003915  calculaRegraFuzzySV                               
0000076d  calculaSPFuzzy                                    
00003b25  calculaSaidas                                     
0000065d  calculaVetorAOFuzzy                               
00004d69  calculaVetorAvoidObstacles                        
00004e55  calculaVetorEvitarObstaculoParcial                
0000506d  calculaVetorFollowWall                            
00004d1d  calculaVetorGoToGoal                              
00000515  calculaVetorGoToGoalFuzzy                         
000069bd  calcularDistanciasSensores                        
000087b9  calculateTrapeziumIntersect                       
00004673  checkEventAtGoal                                  
00000381  checkEventAtGoalFuzzy                             
00004ad5  checkEventAtObstacle                              
00004a9b  checkEventObstacleCleared                         
000046a9  checkEventProgressMade                            
000003a1  checkEventProgressMadeFuzzy                       
00004765  checkEventSlidingLeft                             
00004905  checkEventSlidingRight                            
00004b0f  checkEventUnsafe                                  
00005969  converterRadPorSecParaPorcPWM                     
00000bbd  converterRadPorSecParaPorcPWMFuzzy                
0000e5f3  copysign                                          
0000e5f3  copysignl                                         
0000bb35  cos                                               
0000e01d  cosf                                              
0000bb35  cosl                                              
2000293c  countControllerExec                               
000089d3  deffuzify                                         
00000881  definirSentidoDeContorno                          
000058f5  diffToUni                                         
00004c81  encontraMenoresDistanciasSeguirParede             
20002940  errno                                             
000085cd  evalIntegralDenominator                           
000084e7  evalIntegralNumerator                             
00003af1  evaluateMax                                       
00003b0b  evaluateMin                                       
0000dca9  floor                                             
0000dca9  floorl                                            
0000df51  fmax                                              
0000df51  fmaxl                                             
0000de7d  fmin                                              
0000de7d  fminl                                             
00001b77  fuzzificacaoSP                                    
000027d9  fuzzificacaoSeguirVetor                           
00000d39  fuzzyficacaoEOSP                                  
20000000  g_pfnRAMVectors                                   
00000000  g_pfnVectors                                      
00007dad  initLinkedList                                    
0000da9d  ldexp                                             
0000da9d  ldexpl                                            
000059fd  main                                              
0000e175  memcpy                                            
0000e325  memset                                            
00004b91  norm                                              
00000457  normFuzzy                                         
00004be5  normalizaVetor                                    
00000951  normalizarEntradasVetor                           
00005481  obstaculoEstaPresente                             
00004b49  resetController                                   
00000439  resetControllerFuzzy                              
200026e4  retornoADC                                        
0000da9d  scalbn                                            
0000da9d  scalbnl                                           
0000c111  sin                                               
0000e0d1  sinf                                              
0000c111  sinl                                              
0000d80d  sqrt                                              
0000d80d  sqrtl                                             
0000c98b  temMensagem                                       
20002724  ui32Load                                          
20002728  ui32PWMClock                                      
2000272c  ui32Period                                        
20002730  ui32SysClkFreq                                    
00005859  uniToDiff                                         
0000550d  unicicloParaAcionamentoDiferencialPriorizandoOmega
00007e45  updateNodeElement                                 
000009df  verificaAtivacaoSP                                
00004fb9  verificaSeguirParedeEsquerdaDireita               
000008d5  verificarPerdaDeReferencia                        
000082dd  verifyIntersectionOnInterval                      
00007dc7  writeNodeElement                                  
0000826d  xIntersectionCalc                                 


GLOBAL SYMBOLS: SORTED BY Symbol Address 

address   name                                              
-------   ----                                              
00000000  __TI_static_base__                                
00000000  g_pfnVectors                                      
00000200  __STACK_SIZE                                      
00000297  Init_SM_Controlador_Fuzzy                         
000002fd  Exec_SM_ControladorFuzzy_Transicao                
0000034b  Exec_SM_ControladorFuzzy_Controlador              
00000363  ExecutarSupervisorFuzzy                           
00000381  checkEventAtGoalFuzzy                             
000003a1  checkEventProgressMadeFuzzy                       
00000439  resetControllerFuzzy                              
00000457  normFuzzy                                         
000004ab  calculaParametrosReutilizaveisFuzzy               
00000515  calculaVetorGoToGoalFuzzy                         
0000065d  calculaVetorAOFuzzy                               
0000076d  calculaSPFuzzy                                    
00000881  definirSentidoDeContorno                          
000008d5  verificarPerdaDeReferencia                        
00000951  normalizarEntradasVetor                           
000009df  verificaAtivacaoSP                                
00000a91  calculaRecomendacaoFinal                          
00000bbd  converterRadPorSecParaPorcPWMFuzzy                
00000bf7  calculaFISEO                                      
00000c19  calculaFISSP                                      
00000c2b  calculaFISSeguirVetor                             
00000c4d  calculaInferencia                                 
00000c85  calculaAreaTrianguloCortado                       
00000cd9  calculaFuzzyNot                                   
00000d39  fuzzyficacaoEOSP                                  
0000116d  aplicaRegrasEDefuzzificacaoEO                     
00001b77  fuzzificacaoSP                                    
00001ccd  aplicaRegrasEDefuzzificacaoSP                     
000027d9  fuzzificacaoSeguirVetor                           
000033e9  aplicaRegrasEDefuzzificacaoSeguirVetor            
00003915  calculaRegraFuzzySV                               
00003a75  calculaGrauPertinenciaSV                          
00003af1  evaluateMax                                       
00003b0b  evaluateMin                                       
00003b25  calculaSaidas                                     
00004509  Init_SM_Controlador_Hibrido                       
000045d9  Exec_SM_ControladorHibrido_Transicao              
00004627  Exec_SM_ControladorHibrido_Controlador            
00004649  ExecutarSupervisorHibrido                         
00004673  checkEventAtGoal                                  
000046a9  checkEventProgressMade                            
00004765  checkEventSlidingLeft                             
00004905  checkEventSlidingRight                            
00004a9b  checkEventObstacleCleared                         
00004ad5  checkEventAtObstacle                              
00004b0f  checkEventUnsafe                                  
00004b49  resetController                                   
00004b91  norm                                              
00004be5  normalizaVetor                                    
00004c39  calculaParametrosReutilizaveis                    
00004c81  encontraMenoresDistanciasSeguirParede             
00004d1d  calculaVetorGoToGoal                              
00004d69  calculaVetorAvoidObstacles                        
00004e55  calculaVetorEvitarObstaculoParcial                
00004fb9  verificaSeguirParedeEsquerdaDireita               
0000506d  calculaVetorFollowWall                            
00005481  obstaculoEstaPresente                             
0000550d  unicicloParaAcionamentoDiferencialPriorizandoOmega
00005859  uniToDiff                                         
000058f5  diffToUni                                         
00005969  converterRadPorSecParaPorcPWM                     
000059fd  main                                              
00005fb1  InicializaStructRobo                              
000061bf  PreparaStringEstado                               
000061f5  IsNumber                                          
00006215  CharAsFloat                                       
0000622f  IntAsChar                                         
00006279  UpdateOdometry                                    
0000648d  CoordenadaParaString                              
0000668d  DistanciasSensoresParaString                      
000067fd  AcionarMotor                                      
000069bd  calcularDistanciasSensores                        
00006bd1  Timer0IntHandler                                  
00006c0d  GPIO_M_IntHandler                                 
00006c49  GPIO_H_IntHandler                                 
00006c91  UART3IntHandler                                   
00006d15  ADC0SS1IntHandler                                 
00006d51  ADC1SS1IntHandler                                 
00006eed  SysCtlSRAMSizeGet                                 
00006ef7  SysCtlFlashSizeGet                                
00006f23  SysCtlFlashSectorSizeGet                          
00006f49  SysCtlPeripheralPresent                           
00006f89  SysCtlPeripheralReady                             
00006fc9  SysCtlPeripheralPowerOn                           
00007005  SysCtlPeripheralPowerOff                          
00007041  SysCtlPeripheralReset                             
000070c9  SysCtlPeripheralEnable                            
00007105  SysCtlPeripheralDisable                           
00007149  SysCtlPeripheralSleepEnable                       
0000718d  SysCtlPeripheralSleepDisable                      
000071c9  SysCtlPeripheralDeepSleepEnable                   
00007219  SysCtlPeripheralDeepSleepDisable                  
00007261  SysCtlPeripheralClockGating                       
000072b5  SysCtlIntRegister                                 
000072cd  SysCtlIntUnregister                               
000072dd  SysCtlIntEnable                                   
000072f1  SysCtlIntDisable                                  
00007309  SysCtlIntClear                                    
00007319  SysCtlIntStatus                                   
00007335  SysCtlLDOSleepSet                                 
00007345  SysCtlLDOSleepGet                                 
0000734b  SysCtlLDODeepSleepSet                             
0000735b  SysCtlLDODeepSleepGet                             
00007361  SysCtlSleepPowerSet                               
00007375  SysCtlDeepSleepPowerSet                           
00007385  SysCtlReset                                       
0000738d  SysCtlSleep                                       
00007395  SysCtlDeepSleep                                   
000073b1  SysCtlResetCauseGet                               
000073b7  SysCtlResetCauseClear                             
000073cb  SysCtlMOSCConfigSet                               
000073e1  SysCtlPIOSCCalibrate                              
00007431  SysCtlResetBehaviorSet                            
00007441  SysCtlResetBehaviorGet                            
00007491  SysCtlClockFreqSet                                
00007789  SysCtlClockSet                                    
00007959  SysCtlClockGet                                    
00007aff  SysCtlDeepSleepClockSet                           
00007b1d  SysCtlDeepSleepClockConfigSet                     
00007ba7  SysCtlPWMClockSet                                 
00007bc1  SysCtlPWMClockGet                                 
00007bd7  SysCtlGPIOAHBEnable                               
00007bf3  SysCtlGPIOAHBDisable                              
00007c0f  SysCtlUSBPLLEnable                                
00007c1b  SysCtlUSBPLLDisable                               
00007c2d  SysCtlVoltageEventConfig                          
00007c3d  SysCtlVoltageEventStatus                          
00007c49  SysCtlVoltageEventClear                           
00007c61  SysCtlVCOGet                                      
00007d1d  SysCtlNMIStatus                                   
00007d31  SysCtlNMIClear                                    
00007d4d  SysCtlClockOutConfig                              
00007d69  SysCtlAltClkConfig                                
00007dad  initLinkedList                                    
00007dc7  writeNodeElement                                  
00007e45  updateNodeElement                                 
00007e95  addElementOrdered                                 
000081a5  assignLineParameters                              
0000826d  xIntersectionCalc                                 
000082dd  verifyIntersectionOnInterval                      
000084e7  evalIntegralNumerator                             
000085cd  evalIntegralDenominator                           
00008683  areaCalculation                                   
000087b9  calculateTrapeziumIntersect                       
0000885b  area1Calculation                                  
000088c3  area2Calculation                                  
0000893d  area3Calculation                                  
000089d3  deffuzify                                         
00008cff  GPIODirModeSet                                    
00008d5b  GPIODirModeGet                                    
00008da7  GPIOIntTypeSet                                    
00008e4b  GPIOIntTypeGet                                    
00008ee1  GPIOPadConfigSet                                  
0000911b  GPIOPadConfigGet                                  
0000926d  GPIOIntEnable                                     
00009287  GPIOIntDisable                                    
000092a1  GPIOIntStatus                                     
000092c3  GPIOIntClear                                      
000092d7  GPIOIntRegister                                   
000092f5  GPIOIntUnregister                                 
0000930f  GPIOIntRegisterPin                                
0000933d  GPIOIntUnregisterPin                              
00009361  GPIOPinRead                                       
00009379  GPIOPinWrite                                      
00009399  GPIOPinTypeADC                                    
000093bd  GPIOPinTypeCAN                                    
000093e1  GPIOPinTypeComparator                             
00009405  GPIOPinTypeComparatorOutput                       
00009429  GPIOPinTypeDIVSCLK                                
0000944d  GPIOPinTypeEPI                                    
00009471  GPIOPinTypeEthernetLED                            
00009495  GPIOPinTypeEthernetMII                            
000094b9  GPIOPinTypeGPIOInput                              
000094dd  GPIOPinTypeGPIOOutput                             
00009501  GPIOPinTypeGPIOOutputOD                           
00009525  GPIOPinTypeHibernateRTCCLK                        
00009549  GPIOPinTypeI2C                                    
0000956d  GPIOPinTypeI2CSCL                                 
00009591  GPIOPinTypeLCD                                    
000095b5  GPIOPinTypeOneWire                                
000095d9  GPIOPinTypePWM                                    
000095fd  GPIOPinTypeQEI                                    
00009621  GPIOPinTypeSSI                                    
00009645  GPIOPinTypeTimer                                  
00009669  GPIOPinTypeTrace                                  
0000968d  GPIOPinTypeUART                                   
000096b1  GPIOPinTypeUSBAnalog                              
000096d5  GPIOPinTypeUSBDigital                             
000096f9  GPIOPinTypeWakeHigh                               
0000971f  GPIOPinTypeWakeLow                                
00009745  GPIOPinWakeStatus                                 
00009755  GPIOPinConfigure                                  
000097b3  GPIODMATriggerEnable                              
000097d1  GPIODMATriggerDisable                             
000097ef  GPIOADCTriggerEnable                              
0000980d  GPIOADCTriggerDisable                             
0000988f  ADCIntRegister                                    
000098b7  ADCIntUnregister                                  
000098d5  ADCIntDisable                                     
000098f1  ADCIntEnable                                      
00009917  ADCIntStatus                                      
0000996f  ADCIntClear                                       
00009985  ADCSequenceEnable                                 
0000999f  ADCSequenceDisable                                
000099b9  ADCSequenceConfigure                              
00009a55  ADCSequenceStepConfigure                          
00009b43  ADCSequenceOverflow                               
00009b5b  ADCSequenceOverflowClear                          
00009b71  ADCSequenceUnderflow                              
00009b89  ADCSequenceUnderflowClear                         
00009b9f  ADCSequenceDataGet                                
00009be1  ADCProcessorTrigger                               
00009c05  ADCSoftwareOversampleConfigure                    
00009c57  ADCSoftwareOversampleStepConfigure                
00009d39  ADCSoftwareOversampleDataGet                      
00009dcd  ADCHardwareOversampleConfigure                    
00009dff  ADCComparatorConfigure                            
00009e1b  ADCComparatorRegionSet                            
00009e3f  ADCComparatorReset                                
00009e85  ADCComparatorIntDisable                           
00009ea3  ADCComparatorIntEnable                            
00009ec5  ADCComparatorIntStatus                            
00009ed9  ADCComparatorIntClear                             
00009eeb  ADCIntDisableEx                                   
00009f03  ADCIntEnableEx                                    
00009f1b  ADCIntStatusEx                                    
00009f4d  ADCIntClearEx                                     
00009f5f  ADCReferenceSet                                   
00009f7b  ADCReferenceGet                                   
00009f8d  ADCPhaseDelaySet                                  
00009f9f  ADCPhaseDelayGet                                  
00009fad  ADCSequenceDMAEnable                              
00009fc9  ADCSequenceDMADisable                             
00009fe5  ADCBusy                                           
0000a003  ADCClockConfigSet                                 
0000a02d  ADCClockConfigGet                                 
0000a071  __kernel_rem_pio2                                 
0000a7a9  PWMGenConfigure                                   
0000a7f3  PWMGenPeriodSet                                   
0000a823  PWMGenPeriodGet                                   
0000a84d  PWMGenEnable                                      
0000a867  PWMGenDisable                                     
0000a881  PWMPulseWidthSet                                  
0000a8cb  PWMPulseWidthGet                                  
0000a915  PWMDeadBandEnable                                 
0000a94d  PWMDeadBandDisable                                
0000a969  PWMSyncUpdate                                     
0000a97b  PWMSyncTimeBase                                   
0000a98d  PWMOutputState                                    
0000a9bf  PWMOutputInvert                                   
0000a9f1  PWMOutputFaultLevel                               
0000aa23  PWMOutputFault                                    
0000ab55  PWMGenIntRegister                                 
0000ab7d  PWMGenIntUnregister                               
0000abe3  PWMFaultIntRegister                               
0000ac01  PWMFaultIntUnregister                             
0000ac1b  PWMGenIntTrigEnable                               
0000ac39  PWMGenIntTrigDisable                              
0000ac57  PWMGenIntStatus                                   
0000ac81  PWMGenIntClear                                    
0000ac99  PWMIntEnable                                      
0000acb1  PWMIntDisable                                     
0000acc9  PWMFaultIntClear                                  
0000acdb  PWMIntStatus                                      
0000acfb  PWMFaultIntClearExt                               
0000ad19  PWMGenFaultConfigure                              
0000ad49  PWMGenFaultTriggerSet                             
0000ad73  PWMGenFaultTriggerGet                             
0000ad97  PWMGenFaultStatus                                 
0000adcd  PWMGenFaultClear                                  
0000ae03  PWMClockSet                                       
0000ae23  PWMClockGet                                       
0000ae4d  PWMOutputUpdateMode                               
0000af33  TimerEnable                                       
0000af51  TimerDisable                                      
0000af6f  TimerConfigure                                    
0000afeb  TimerControlLevel                                 
0000b021  TimerControlTrigger                               
0000b08f  TimerControlEvent                                 
0000b0b9  TimerControlStall                                 
0000b0ef  TimerControlWaitOnTrigger                         
0000b14f  TimerRTCEnable                                    
0000b165  TimerRTCDisable                                   
0000b17b  TimerClockSourceSet                               
0000b1a5  TimerClockSourceGet                               
0000b1b5  TimerPrescaleSet                                  
0000b1df  TimerPrescaleGet                                  
0000b1fb  TimerPrescaleMatchSet                             
0000b229  TimerPrescaleMatchGet                             
0000b245  TimerLoadSet                                      
0000b26f  TimerLoadGet                                      
0000b28b  TimerLoadSet64                                    
0000b2a5  TimerLoadGet64                                    
0000b2d7  TimerValueGet                                     
0000b2f3  TimerValueGet64                                   
0000b325  TimerMatchSet                                     
0000b34f  TimerMatchGet                                     
0000b36b  TimerMatchSet64                                   
0000b385  TimerMatchGet64                                   
0000b3b7  TimerIntRegister                                  
0000b3df  TimerIntUnregister                                
0000b3fd  TimerIntEnable                                    
0000b415  TimerIntDisable                                   
0000b42d  TimerIntStatus                                    
0000b44b  TimerIntClear                                     
0000b45d  TimerSynchronize                                  
0000b46f  TimerADCEventSet                                  
0000b481  TimerADCEventGet                                  
0000b48f  TimerDMAEventSet                                  
0000b4a1  TimerDMAEventGet                                  
0000b4af  TimerUpdateMode                                   
0000b563  UARTParityModeSet                                 
0000b57f  UARTParityModeGet                                 
0000b591  UARTFIFOLevelSet                                  
0000b5a9  UARTFIFOLevelGet                                  
0000b5d1  UARTConfigSetExpClk                               
0000b647  UARTConfigGetExpClk                               
0000b693  UARTEnable                                        
0000b6b7  UARTDisable                                       
0000b6e1  UARTFIFOEnable                                    
0000b6f7  UARTFIFODisable                                   
0000b70d  UARTEnableSIR                                     
0000b73b  UARTDisableSIR                                    
0000b751  UARTSmartCardEnable                               
0000b783  UARTSmartCardDisable                              
0000b799  UARTModemControlSet                               
0000b7d1  UARTModemControlClear                             
0000b7f5  UARTModemControlGet                               
0000b807  UARTModemStatusGet                                
0000b81b  UARTFlowControlSet                                
0000b837  UARTFlowControlGet                                
0000b849  UARTTxIntModeSet                                  
0000b865  UARTTxIntModeGet                                  
0000b877  UARTCharsAvail                                    
0000b895  UARTSpaceAvail                                    
0000b8b3  UARTCharGetNonBlocking                            
0000b8cf  UARTCharGet                                       
0000b8e5  UARTCharPutNonBlocking                            
0000b909  UARTCharPut                                       
0000b927  UARTBreakCtl                                      
0000b951  UARTBusy                                          
0000b96f  UARTIntRegister                                   
0000b98d  UARTIntUnregister                                 
0000b9ad  UARTIntEnable                                     
0000b9c5  UARTIntDisable                                    
0000b9dd  UARTIntStatus                                     
0000b9fb  UARTIntClear                                      
0000ba0d  UARTDMAEnable                                     
0000ba25  UARTDMADisable                                    
0000ba3d  UARTRxErrorGet                                    
0000ba4f  UARTRxErrorClear                                  
0000ba5f  UARTClockSourceSet                                
0000ba73  UARTClockSourceGet                                
0000ba83  UART9BitEnable                                    
0000ba99  UART9BitDisable                                   
0000baaf  UART9BitAddrSet                                   
0000bad5  UART9BitAddrSend                                  
0000bb1d  UARTLoopbackEnable                                
0000bb35  cos                                               
0000bb35  cosl                                              
0000c111  sin                                               
0000c111  sinl                                              
0000c871  Init_SM_Comm                                      
0000c8bf  Exec_SM_Comm                                      
0000c8df  MontaMensagem                                     
0000c92b  MontaMensagemComInicio                            
0000c98b  temMensagem                                       
0000ca2b  VerificaResposta                                  
0000ca87  EnviarMensagemUart                                
0000caf3  IntMasterEnable                                   
0000cb03  IntMasterDisable                                  
0000cb13  IntRegister                                       
0000cb65  IntUnregister                                     
0000cb79  IntPriorityGroupingSet                            
0000cb93  IntPriorityGroupingGet                            
0000cbcb  IntPrioritySet                                    
0000cc1b  IntPriorityGet                                    
0000cc3f  IntEnable                                         
0000ccb1  IntDisable                                        
0000cd23  IntIsEnabled                                      
0000cda9  IntPendSet                                        
0000ce19  IntPendClear                                      
0000ce67  IntPriorityMaskSet                                
0000ce73  IntPriorityMaskGet                                
0000ce7b  IntTrigger                                        
0000ceb1  atan                                              
0000ceb1  atanl                                             
0000d19d  atan2                                             
0000d19d  atan2l                                            
0000d375  __aeabi_dsub                                      
0000d37f  __aeabi_dadd                                      
0000d52d  __kernel_sin                                      
0000d6a1  __kernel_cos                                      
0000d80d  sqrt                                              
0000d80d  sqrtl                                             
0000d965  __aeabi_ddiv                                      
0000da9d  ldexp                                             
0000da9d  ldexpl                                            
0000da9d  scalbn                                            
0000da9d  scalbnl                                           
0000dbad  __aeabi_dmul                                      
0000dca9  floor                                             
0000dca9  floorl                                            
0000ddd7  Init_SM_Sup                                       
0000de2b  Exec_SM_Supervisor_Transicao                      
0000de4b  Exec_SM_Supervisor_Supervisor                     
0000de7d  fmin                                              
0000de7d  fminl                                             
0000df51  fmax                                              
0000df51  fmaxl                                             
0000e01d  cosf                                              
0000e0d1  sinf                                              
0000e175  __aeabi_memcpy                                    
0000e175  __aeabi_memcpy4                                   
0000e175  __aeabi_memcpy8                                   
0000e175  memcpy                                            
0000e211  __aeabi_cdcmpeq                                   
0000e211  __aeabi_cdcmple                                   
0000e297  __aeabi_cdrcmple                                  
0000e31d  __aeabi_memclr                                    
0000e31d  __aeabi_memclr4                                   
0000e31d  __aeabi_memclr8                                   
0000e31f  __aeabi_memset                                    
0000e31f  __aeabi_memset4                                   
0000e31f  __aeabi_memset8                                   
0000e325  memset                                            
0000e397  __aeabi_d2f                                       
0000e405  __TI_decompress_lzss                              
0000e46d  __aeabi_d2iz                                      
0000e4b5  __TI_auto_init_nobinit_nopinit                    
0000e4f9  CPUcpsid                                          
0000e505  CPUprimask                                        
0000e50f  CPUcpsie                                          
0000e51b  CPUwfi                                            
0000e51f  CPUbasepriSet                                     
0000e52d  CPUbasepriGet                                     
0000e537  __aeabi_f2d                                       
0000e571  _c_int00_noargs                                   
0000e5a5  __aeabi_i2d                                       
0000e5d3  __aeabi_ui2d                                      
0000e5f3  copysign                                          
0000e5f3  copysignl                                         
0000e60d  __TI_decompress_none                              
0000e61b  __TI_zero_init                                    
0000e627  ResetISR                                          
0000e635  __aeabi_errno_addr                                
0000e63d  SysCtlDelay                                       
0000e643  _system_pre_init                                  
0000e647  C$$EXIT                                           
0000e647  abort                                             
0000eef0  __TI_Handler_Table_Base                           
0000eefc  __TI_Handler_Table_Limit                          
0000ef18  __TI_CINIT_Base                                   
0000ef30  __TI_CINIT_Limit                                  
20000000  g_pfnRAMVectors                                   
20000270  JubileuData                                       
20002528  StateMachineComm                                  
200026e4  retornoADC                                        
20002724  ui32Load                                          
20002728  ui32PWMClock                                      
2000272c  ui32Period                                        
20002730  ui32SysClkFreq                                    
20002738  __stack                                           
20002938  HallEncoder_Esq                                   
20002938  __STACK_END                                       
20002938  __STACK_TOP                                       
20002939  HallEncoder_Dir                                   
2000293c  countControllerExec                               
20002940  errno                                             
ffffffff  __TI_pprof_out_hndl                               
ffffffff  __TI_prof_data_size                               
ffffffff  __TI_prof_data_start                              
ffffffff  __binit__                                         
ffffffff  __c_args__                                        
ffffffff  binit                                             
UNDEFED   __mpu_init                                        
UNDEFED   _system_post_cinit                                

[480 symbols]
