******************************************************************************
                  TI ARM Linker PC v18.12.2                    
******************************************************************************
>> Linked Wed Jan  1 22:07:28 2020

OUTPUT FILE NAME:   <JubileuBot.out>
ENTRY POINT SYMBOL: "_c_int00_noargs"  address: 00005541


MEMORY CONFIGURATION

         name            origin    length      used     unused   attr    fill
----------------------  --------  ---------  --------  --------  ----  --------
  FLASH                 00000000   00100000  00005ce6  000fa31a  R  X
  SRAM                  20000000   00040000  00000680  0003f980  RW X


SEGMENT ALLOCATION MAP

run origin  load origin   length   init length attrs members
----------  ----------- ---------- ----------- ----- -------
00000000    00000000    00005ce8   00005ce8    r-x
  00000000    00000000    00000208   00000208    r-- .intvecs
  00000208    00000208    000053ee   000053ee    r-x .text
  000055f8    000055f8    000006a8   000006a8    r-- .const
  00005ca0    00005ca0    00000048   00000048    r-- .cinit
20000000    20000000    00000684   00000000    rw-
  20000000    20000000    0000026c   00000000    rw- .vtable
  2000026c    2000026c    00000200   00000000    rw- .bss
  20000470    20000470    00000200   00000000    rw- .stack
  20000670    20000670    00000014   00000000    rw- .data


SECTION ALLOCATION MAP

 output                                  attributes/
section   page    origin      length       input sections
--------  ----  ----------  ----------   ----------------
.intvecs   0    00000000    00000208     
                  00000000    00000208     tm4c1294ncpdt_startup_ccs.obj (.intvecs)

.text      0    00000208    000053ee     
                  00000208    00000f80     sysctl.obj (.text)
                  00001188    00000e60     main.obj (.text)
                  00001fe8    00000b94     gpio.obj (.text)
                  00002b7c    0000083a     adc.obj (.text)
                  000033b6    00000002     --HOLE-- [fill = 0]
                  000033b8    00000718     pwm.obj (.text)
                  00003ad0    00000642     timer.obj (.text)
                  00004112    00000002     --HOLE-- [fill = 0]
                  00004114    0000062e     uart.obj (.text)
                  00004742    00000002     --HOLE-- [fill = 0]
                  00004744    000003c0     interrupt.obj (.text)
                  00004b04    00000254     StateMachineComm.obj (.text)
                  00004d58    000001b6     rtsv7M4_T_le_v4SPD16_eabi.lib : fd_add_t2.asm.obj (.text)
                  00004f0e    00000136                                   : fd_div_t2.asm.obj (.text)
                  00005044    000000fc                                   : fd_mul_t2.asm.obj (.text)
                  00005140    000000b4                                   : s_cosf.c.obj (.text:cosf)
                  000051f4    000000a4                                   : s_sinf.c.obj (.text:sinf)
                  00005298    0000009c                                   : memcpy_t2.asm.obj (.text)
                  00005334    0000007a                                   : memset_t2.asm.obj (.text)
                  000053ae    0000006e                                   : fd_tos_t2.asm.obj (.text)
                  0000541c    00000068                                   : copy_decompress_lzss.c.obj (.text:decompress:lzss:__TI_decompress_lzss)
                  00005484    00000044                                   : autoinit.c.obj (.text:__TI_auto_init_nobinit_nopinit:__TI_auto_init_nobinit_nopinit)
                  000054c8    0000003e     cpu.obj (.text)
                  00005506    00000038     rtsv7M4_T_le_v4SPD16_eabi.lib : fs_tod_t2.asm.obj (.text)
                  0000553e    00000002     --HOLE-- [fill = 0]
                  00005540    00000034                                   : boot_cortex_m.c.obj (.text:_c_int00_noargs:_c_int00_noargs)
                  00005574    0000002e                                   : i_tofd_t2.asm.obj (.text)
                  000055a2    00000020                                   : u_tofd_t2.asm.obj (.text)
                  000055c2    0000000e                                   : copy_decompress_none.c.obj (.text:decompress:none:__TI_decompress_none)
                  000055d0    0000000c                                   : copy_zero_init.c.obj (.text:decompress:ZI:__TI_zero_init)
                  000055dc    0000000c     tm4c1294ncpdt_startup_ccs.obj (.text)
                  000055e8    00000006     sysctl.obj (.text:SysCtlDelay)
                  000055ee    00000004     rtsv7M4_T_le_v4SPD16_eabi.lib : pre_init.c.obj (.text:_system_pre_init)
                  000055f2    00000004                                   : exit.c.obj (.text:abort:abort)

.const     0    000055f8    000006a8     
                  000055f8    000001b0     sysctl.obj (.const:g_pppui32XTALtoVCO)
                  000057a8    000000d8     gpio.obj (.const:g_ppui32GPIOIntMapSnowflake)
                  00005880    000000c0     gpio.obj (.const:g_ppui32GPIOIntMapBlizzard)
                  00005940    0000009c     interrupt.obj (.const:g_pui32Regs)
                  000059dc    00000090     gpio.obj (.const:g_pui32GPIOBaseAddrs)
                  00005a6c    0000006c     sysctl.obj (.const:g_pui32Xtals)
                  00005ad8    00000060     timer.obj (.const:g_ppui32TimerIntMap)
                  00005b38    00000040     timer.obj (.const:g_ppui32TimerIntMapSnowflake)
                  00005b78    00000040     uart.obj (.const:g_ppui32UARTIntMap)
                  00005bb8    00000040     uart.obj (.const:g_ppui32UARTIntMapSnowflake)
                  00005bf8    00000030     sysctl.obj (.const:g_sXTALtoMEMTIM)
                  00005c28    00000020     interrupt.obj (.const:g_pui32Priority)
                  00005c48    00000014     interrupt.obj (.const:g_pui32Dii16Regs)
                  00005c5c    00000014     interrupt.obj (.const:g_pui32EnRegs)
                  00005c70    00000014     interrupt.obj (.const:g_pui32PendRegs)
                  00005c84    00000014     interrupt.obj (.const:g_pui32UnpendRegs)
                  00005c98    00000008     sysctl.obj (.const:g_pui32VCOFrequencies)

.cinit     0    00005ca0    00000048     
                  00005ca0    00000013     (.cinit..data.load) [load image, compression = lzss]
                  00005cb3    00000001     --HOLE-- [fill = 0]
                  00005cb4    0000000c     (__TI_handler_table)
                  00005cc0    00000008     (.cinit..bss.load) [load image, compression = zero_init]
                  00005cc8    00000008     (.cinit..vtable.load) [load image, compression = zero_init]
                  00005cd0    00000018     (__TI_cinit_table)

.init_array 
*          0    00000000    00000000     UNINITIALIZED

.vtable    0    20000000    0000026c     UNINITIALIZED
                  20000000    0000026c     interrupt.obj (.vtable)

.bss       0    2000026c    00000200     UNINITIALIZED
                  2000026c    000001c0     (.common:StateMachineComm)
                  2000042c    00000034     (.common:JubileuData)
                  20000460    00000008     adc.obj (.bss:g_pui8OversampleFactor)
                  20000468    00000004     (.common:ui32SysClkFreq)

.data      0    20000670    00000014     UNINITIALIZED
                  20000670    00000014     main.obj (.data)

.stack     0    20000470    00000200     UNINITIALIZED
                  20000470    00000004     rtsv7M4_T_le_v4SPD16_eabi.lib : boot_cortex_m.c.obj (.stack)
                  20000474    000001fc     --HOLE--

MODULE SUMMARY

       Module                          code    ro data   rw data
       ------                          ----    -------   -------
    .\
       main.obj                        3680    0         524    
       StateMachineComm.obj            596     0         0      
       tm4c1294ncpdt_startup_ccs.obj   12      520       0      
    +--+-------------------------------+-------+---------+---------+
       Total:                          4288    520       524    
                                                                
    .\driverlib\
       sysctl.obj                      3974    596       0      
       gpio.obj                        2964    552       0      
       adc.obj                         2106    0         8      
       interrupt.obj                   960     268       620    
       pwm.obj                         1816    0         0      
       timer.obj                       1602    160       0      
       uart.obj                        1582    128       0      
       cpu.obj                         62      0         0      
    +--+-------------------------------+-------+---------+---------+
       Total:                          15066   1704      628    
                                                                
    C:\ti\ccs910\ccs\tools\compiler\ti-cgt-arm_18.12.2.LTS\lib\rtsv7M4_T_le_v4SPD16_eabi.lib
       fd_add_t2.asm.obj               438     0         0      
       fd_div_t2.asm.obj               310     0         0      
       fd_mul_t2.asm.obj               252     0         0      
       s_cosf.c.obj                    180     0         0      
       s_sinf.c.obj                    164     0         0      
       memcpy_t2.asm.obj               156     0         0      
       memset_t2.asm.obj               122     0         0      
       fd_tos_t2.asm.obj               110     0         0      
       copy_decompress_lzss.c.obj      104     0         0      
       autoinit.c.obj                  68      0         0      
       fs_tod_t2.asm.obj               56      0         0      
       boot_cortex_m.c.obj             52      0         0      
       i_tofd_t2.asm.obj               46      0         0      
       u_tofd_t2.asm.obj               32      0         0      
       copy_decompress_none.c.obj      14      0         0      
       copy_zero_init.c.obj            12      0         0      
       exit.c.obj                      4       0         0      
       pre_init.c.obj                  4       0         0      
    +--+-------------------------------+-------+---------+---------+
       Total:                          2124    0         0      
                                                                
       Stack:                          0       0         512    
       Linker Generated:               0       71        0      
    +--+-------------------------------+-------+---------+---------+
       Grand Total:                    21478   2295      1664   


LINKER GENERATED COPY TABLES

__TI_cinit_table @ 00005cd0 records: 3, size/record: 8, table size: 24
	.data: load addr=00005ca0, load size=00000013 bytes, run addr=20000670, run size=00000014 bytes, compression=lzss
	.bss: load addr=00005cc0, load size=00000008 bytes, run addr=2000026c, run size=00000200 bytes, compression=zero_init
	.vtable: load addr=00005cc8, load size=00000008 bytes, run addr=20000000, run size=0000026c bytes, compression=zero_init


LINKER GENERATED HANDLER TABLE

__TI_handler_table @ 00005cb4 records: 3, size/record: 4, table size: 12
	index: 0, handler: __TI_zero_init
	index: 1, handler: __TI_decompress_lzss
	index: 2, handler: __TI_decompress_none


GLOBAL SYMBOLS: SORTED ALPHABETICALLY BY Name 

address   name                              
-------   ----                              
0000332d  ADCBusy                           
00003375  ADCClockConfigGet                 
0000334b  ADCClockConfigSet                 
00003147  ADCComparatorConfigure            
00003221  ADCComparatorIntClear             
000031cd  ADCComparatorIntDisable           
000031eb  ADCComparatorIntEnable            
0000320d  ADCComparatorIntStatus            
00003163  ADCComparatorRegionSet            
00003187  ADCComparatorReset                
00003115  ADCHardwareOversampleConfigure    
00002cb7  ADCIntClear                       
00003295  ADCIntClearEx                     
00002c1d  ADCIntDisable                     
00003233  ADCIntDisableEx                   
00002c39  ADCIntEnable                      
0000324b  ADCIntEnableEx                    
00002bd7  ADCIntRegister                    
00002c5f  ADCIntStatus                      
00003263  ADCIntStatusEx                    
00002bff  ADCIntUnregister                  
000032e7  ADCPhaseDelayGet                  
000032d5  ADCPhaseDelaySet                  
00002f29  ADCProcessorTrigger               
000032c3  ADCReferenceGet                   
000032a7  ADCReferenceSet                   
00002d01  ADCSequenceConfigure              
00003311  ADCSequenceDMADisable             
000032f5  ADCSequenceDMAEnable              
00002ee7  ADCSequenceDataGet                
00002ce7  ADCSequenceDisable                
00002ccd  ADCSequenceEnable                 
00002e8b  ADCSequenceOverflow               
00002ea3  ADCSequenceOverflowClear          
00002d9d  ADCSequenceStepConfigure          
00002eb9  ADCSequenceUnderflow              
00002ed1  ADCSequenceUnderflowClear         
00002f4d  ADCSoftwareOversampleConfigure    
00003081  ADCSoftwareOversampleDataGet      
00002f9f  ADCSoftwareOversampleStepConfigure
00001af9  AcionarMotor                      
000055f3  C$$EXIT                           
000054fd  CPUbasepriGet                     
000054ef  CPUbasepriSet                     
000054c9  CPUcpsid                          
000054df  CPUcpsie                          
000054d5  CPUprimask                        
000054eb  CPUwfi                            
00001805  CharAsFloat                       
000019f1  CoordenadaParaString              
00004ca7  EnviarMensagemUart                
00004bdf  Exec_SM                           
20000674  FrequenciaTimer                   
00002b55  GPIOADCTriggerDisable             
00002b37  GPIOADCTriggerEnable              
00002b19  GPIODMATriggerDisable             
00002afb  GPIODMATriggerEnable              
000020a3  GPIODirModeGet                    
00002047  GPIODirModeSet                    
0000260b  GPIOIntClear                      
000025cf  GPIOIntDisable                    
000025b5  GPIOIntEnable                     
0000261f  GPIOIntRegister                   
00002657  GPIOIntRegisterPin                
000025e9  GPIOIntStatus                     
00002193  GPIOIntTypeGet                    
000020ef  GPIOIntTypeSet                    
0000263d  GPIOIntUnregister                 
00002685  GPIOIntUnregisterPin              
00002463  GPIOPadConfigGet                  
00002229  GPIOPadConfigSet                  
00002a9d  GPIOPinConfigure                  
000026a9  GPIOPinRead                       
000026e1  GPIOPinTypeADC                    
00002705  GPIOPinTypeCAN                    
00002729  GPIOPinTypeComparator             
0000274d  GPIOPinTypeComparatorOutput       
00002771  GPIOPinTypeDIVSCLK                
00002795  GPIOPinTypeEPI                    
000027b9  GPIOPinTypeEthernetLED            
000027dd  GPIOPinTypeEthernetMII            
00002801  GPIOPinTypeGPIOInput              
00002825  GPIOPinTypeGPIOOutput             
00002849  GPIOPinTypeGPIOOutputOD           
0000286d  GPIOPinTypeHibernateRTCCLK        
00002891  GPIOPinTypeI2C                    
000028b5  GPIOPinTypeI2CSCL                 
000028d9  GPIOPinTypeLCD                    
000028fd  GPIOPinTypeOneWire                
00002921  GPIOPinTypePWM                    
00002945  GPIOPinTypeQEI                    
00002969  GPIOPinTypeSSI                    
0000298d  GPIOPinTypeTimer                  
000029b1  GPIOPinTypeTrace                  
000029d5  GPIOPinTypeUART                   
000029f9  GPIOPinTypeUSBAnalog              
00002a1d  GPIOPinTypeUSBDigital             
00002a41  GPIOPinTypeWakeHigh               
00002a67  GPIOPinTypeWakeLow                
00002a8d  GPIOPinWakeStatus                 
000026c1  GPIOPinWrite                      
00001e83  GPIO_H_IntHandler                 
00001e47  GPIO_M_IntHandler                 
20000672  HallEncoder_Dir                   
20000671  HallEncoder_Esq                   
00001701  InicializaStructRobo              
00004bb1  Init_SM                           
0000181f  IntAsChar                         
00004905  IntDisable                        
00004893  IntEnable                         
00004977  IntIsEnabled                      
00004757  IntMasterDisable                  
00004747  IntMasterEnable                   
00004a6d  IntPendClear                      
000049fd  IntPendSet                        
0000486f  IntPriorityGet                    
000047e7  IntPriorityGroupingGet            
000047cd  IntPriorityGroupingSet            
00004ac7  IntPriorityMaskGet                
00004abb  IntPriorityMaskSet                
0000481f  IntPrioritySet                    
00004767  IntRegister                       
00004acf  IntTrigger                        
000047b9  IntUnregister                     
000017e5  IsNumber                          
2000042c  JubileuData                       
00004bff  MontaMensagem                     
00003a33  PWMClockGet                       
00003a13  PWMClockSet                       
0000355d  PWMDeadBandDisable                
00003525  PWMDeadBandEnable                 
000038d9  PWMFaultIntClear                  
0000390b  PWMFaultIntClearExt               
000037f3  PWMFaultIntRegister               
00003811  PWMFaultIntUnregister             
000033b9  PWMGenConfigure                   
00003477  PWMGenDisable                     
0000345d  PWMGenEnable                      
000039dd  PWMGenFaultClear                  
00003929  PWMGenFaultConfigure              
000039a7  PWMGenFaultStatus                 
00003983  PWMGenFaultTriggerGet             
00003959  PWMGenFaultTriggerSet             
00003891  PWMGenIntClear                    
00003765  PWMGenIntRegister                 
00003867  PWMGenIntStatus                   
00003849  PWMGenIntTrigDisable              
0000382b  PWMGenIntTrigEnable               
0000378d  PWMGenIntUnregister               
00003433  PWMGenPeriodGet                   
00003403  PWMGenPeriodSet                   
000038c1  PWMIntDisable                     
000038a9  PWMIntEnable                      
000038eb  PWMIntStatus                      
00003633  PWMOutputFault                    
00003601  PWMOutputFaultLevel               
000035cf  PWMOutputInvert                   
0000359d  PWMOutputState                    
00003a5d  PWMOutputUpdateMode               
000034db  PWMPulseWidthGet                  
00003491  PWMPulseWidthSet                  
0000358b  PWMSyncTimeBase                   
00003579  PWMSyncUpdate                     
000055dd  ResetISR                          
2000026c  StateMachineComm                  
00001145  SysCtlAltClkConfig                
0000086d  SysCtlClockFreqSet                
00000d35  SysCtlClockGet                    
00001129  SysCtlClockOutConfig              
00000b65  SysCtlClockSet                    
00000771  SysCtlDeepSleep                   
00000ef9  SysCtlDeepSleepClockConfigSet     
00000edb  SysCtlDeepSleepClockSet           
00000751  SysCtlDeepSleepPowerSet           
000055e9  SysCtlDelay                       
000002ff  SysCtlFlashSectorSizeGet          
000002d3  SysCtlFlashSizeGet                
00000fcf  SysCtlGPIOAHBDisable              
00000fb3  SysCtlGPIOAHBEnable               
000006e5  SysCtlIntClear                    
000006cd  SysCtlIntDisable                  
000006b9  SysCtlIntEnable                   
00000691  SysCtlIntRegister                 
000006f5  SysCtlIntStatus                   
000006a9  SysCtlIntUnregister               
00000737  SysCtlLDODeepSleepGet             
00000727  SysCtlLDODeepSleepSet             
00000721  SysCtlLDOSleepGet                 
00000711  SysCtlLDOSleepSet                 
000007a7  SysCtlMOSCConfigSet               
0000110d  SysCtlNMIClear                    
000010f9  SysCtlNMIStatus                   
000007bd  SysCtlPIOSCCalibrate              
00000f9d  SysCtlPWMClockGet                 
00000f83  SysCtlPWMClockSet                 
0000063d  SysCtlPeripheralClockGating       
000005f5  SysCtlPeripheralDeepSleepDisable  
000005a5  SysCtlPeripheralDeepSleepEnable   
000004e1  SysCtlPeripheralDisable           
000004a5  SysCtlPeripheralEnable            
000003e1  SysCtlPeripheralPowerOff          
000003a5  SysCtlPeripheralPowerOn           
00000325  SysCtlPeripheralPresent           
00000365  SysCtlPeripheralReady             
0000041d  SysCtlPeripheralReset             
00000569  SysCtlPeripheralSleepDisable      
00000525  SysCtlPeripheralSleepEnable       
00000761  SysCtlReset                       
0000081d  SysCtlResetBehaviorGet            
0000080d  SysCtlResetBehaviorSet            
00000793  SysCtlResetCauseClear             
0000078d  SysCtlResetCauseGet               
000002c9  SysCtlSRAMSizeGet                 
00000769  SysCtlSleep                       
0000073d  SysCtlSleepPowerSet               
00000ff7  SysCtlUSBPLLDisable               
00000feb  SysCtlUSBPLLEnable                
0000103d  SysCtlVCOGet                      
00001025  SysCtlVoltageEventClear           
00001009  SysCtlVoltageEventConfig          
00001019  SysCtlVoltageEventStatus          
20000680  TesteIndice                       
20000678  TesteMotor_PWM                    
2000067c  TesteSentido                      
00001c85  Timer0IntHandler                  
00004091  TimerADCEventGet                  
0000407f  TimerADCEventSet                  
00003db5  TimerClockSourceGet               
00003d8b  TimerClockSourceSet               
00003b7f  TimerConfigure                    
00003c9f  TimerControlEvent                 
00003bfb  TimerControlLevel                 
00003cc9  TimerControlStall                 
00003c31  TimerControlTrigger               
00003cff  TimerControlWaitOnTrigger         
000040b1  TimerDMAEventGet                  
0000409f  TimerDMAEventSet                  
00003b61  TimerDisable                      
00003b43  TimerEnable                       
0000405b  TimerIntClear                     
00004025  TimerIntDisable                   
0000400d  TimerIntEnable                    
00003fc7  TimerIntRegister                  
0000403d  TimerIntStatus                    
00003fef  TimerIntUnregister                
00003e7f  TimerLoadGet                      
00003eb5  TimerLoadGet64                    
00003e55  TimerLoadSet                      
00003e9b  TimerLoadSet64                    
00003f5f  TimerMatchGet                     
00003f95  TimerMatchGet64                   
00003f35  TimerMatchSet                     
00003f7b  TimerMatchSet64                   
00003def  TimerPrescaleGet                  
00003e39  TimerPrescaleMatchGet             
00003e0b  TimerPrescaleMatchSet             
00003dc5  TimerPrescaleSet                  
00003d75  TimerRTCDisable                   
00003d5f  TimerRTCEnable                    
0000406d  TimerSynchronize                  
000040bf  TimerUpdateMode                   
00003ee7  TimerValueGet                     
00003f03  TimerValueGet64                   
00001f4d  UART0IntHandler                   
00001ec9  UART3IntHandler                   
000046e5  UART9BitAddrSend                  
000046bf  UART9BitAddrSet                   
000046a9  UART9BitDisable                   
00004693  UART9BitEnable                    
00004537  UARTBreakCtl                      
00004561  UARTBusy                          
000044df  UARTCharGet                       
000044c3  UARTCharGetNonBlocking            
00004519  UARTCharPut                       
000044f5  UARTCharPutNonBlocking            
00004487  UARTCharsAvail                    
00004683  UARTClockSourceGet                
0000466f  UARTClockSourceSet                
00004257  UARTConfigGetExpClk               
000041e1  UARTConfigSetExpClk               
00004635  UARTDMADisable                    
0000461d  UARTDMAEnable                     
000042c7  UARTDisable                       
0000434b  UARTDisableSIR                    
000042a3  UARTEnable                        
0000431d  UARTEnableSIR                     
00004307  UARTFIFODisable                   
000042f1  UARTFIFOEnable                    
000041b9  UARTFIFOLevelGet                  
000041a1  UARTFIFOLevelSet                  
00004447  UARTFlowControlGet                
0000442b  UARTFlowControlSet                
0000460b  UARTIntClear                      
000045d5  UARTIntDisable                    
000045bd  UARTIntEnable                     
0000457f  UARTIntRegister                   
000045ed  UARTIntStatus                     
0000459d  UARTIntUnregister                 
0000472d  UARTLoopbackEnable                
000043e1  UARTModemControlClear             
00004405  UARTModemControlGet               
000043a9  UARTModemControlSet               
00004417  UARTModemStatusGet                
0000418f  UARTParityModeGet                 
00004173  UARTParityModeSet                 
0000465f  UARTRxErrorClear                  
0000464d  UARTRxErrorGet                    
00004393  UARTSmartCardDisable              
00004361  UARTSmartCardEnable               
000044a5  UARTSpaceAvail                    
00004475  UARTTxIntModeGet                  
00004459  UARTTxIntModeSet                  
00001839  UpdateOdometry                    
00004c4b  VerificaResposta                  
20000670  __STACK_END                       
00000200  __STACK_SIZE                      
20000670  __STACK_TOP                       
00005cd0  __TI_CINIT_Base                   
00005ce8  __TI_CINIT_Limit                  
00005cb4  __TI_Handler_Table_Base           
00005cc0  __TI_Handler_Table_Limit          
00005485  __TI_auto_init_nobinit_nopinit    
0000541d  __TI_decompress_lzss              
000055c3  __TI_decompress_none              
ffffffff  __TI_pprof_out_hndl               
ffffffff  __TI_prof_data_size               
ffffffff  __TI_prof_data_start              
00000000  __TI_static_base__                
000055d1  __TI_zero_init                    
000053af  __aeabi_d2f                       
00004d63  __aeabi_dadd                      
00004f0f  __aeabi_ddiv                      
00005045  __aeabi_dmul                      
00004d59  __aeabi_dsub                      
00005507  __aeabi_f2d                       
00005575  __aeabi_i2d                       
00005335  __aeabi_memclr                    
00005335  __aeabi_memclr4                   
00005335  __aeabi_memclr8                   
00005299  __aeabi_memcpy                    
00005299  __aeabi_memcpy4                   
00005299  __aeabi_memcpy8                   
00005337  __aeabi_memset                    
00005337  __aeabi_memset4                   
00005337  __aeabi_memset8                   
000055a3  __aeabi_ui2d                      
ffffffff  __binit__                         
ffffffff  __c_args__                        
UNDEFED   __mpu_init                        
20000470  __stack                           
00005541  _c_int00_noargs                   
UNDEFED   _system_post_cinit                
000055ef  _system_pre_init                  
000055f3  abort                             
ffffffff  binit                             
00005141  cosf                              
20000000  g_pfnRAMVectors                   
00000000  g_pfnVectors                      
00001189  main                              
00005299  memcpy                            
0000533d  memset                            
000051f5  sinf                              
20000468  ui32SysClkFreq                    
20000670  ui8PinData                        


GLOBAL SYMBOLS: SORTED BY Symbol Address 

address   name                              
-------   ----                              
00000000  __TI_static_base__                
00000000  g_pfnVectors                      
00000200  __STACK_SIZE                      
000002c9  SysCtlSRAMSizeGet                 
000002d3  SysCtlFlashSizeGet                
000002ff  SysCtlFlashSectorSizeGet          
00000325  SysCtlPeripheralPresent           
00000365  SysCtlPeripheralReady             
000003a5  SysCtlPeripheralPowerOn           
000003e1  SysCtlPeripheralPowerOff          
0000041d  SysCtlPeripheralReset             
000004a5  SysCtlPeripheralEnable            
000004e1  SysCtlPeripheralDisable           
00000525  SysCtlPeripheralSleepEnable       
00000569  SysCtlPeripheralSleepDisable      
000005a5  SysCtlPeripheralDeepSleepEnable   
000005f5  SysCtlPeripheralDeepSleepDisable  
0000063d  SysCtlPeripheralClockGating       
00000691  SysCtlIntRegister                 
000006a9  SysCtlIntUnregister               
000006b9  SysCtlIntEnable                   
000006cd  SysCtlIntDisable                  
000006e5  SysCtlIntClear                    
000006f5  SysCtlIntStatus                   
00000711  SysCtlLDOSleepSet                 
00000721  SysCtlLDOSleepGet                 
00000727  SysCtlLDODeepSleepSet             
00000737  SysCtlLDODeepSleepGet             
0000073d  SysCtlSleepPowerSet               
00000751  SysCtlDeepSleepPowerSet           
00000761  SysCtlReset                       
00000769  SysCtlSleep                       
00000771  SysCtlDeepSleep                   
0000078d  SysCtlResetCauseGet               
00000793  SysCtlResetCauseClear             
000007a7  SysCtlMOSCConfigSet               
000007bd  SysCtlPIOSCCalibrate              
0000080d  SysCtlResetBehaviorSet            
0000081d  SysCtlResetBehaviorGet            
0000086d  SysCtlClockFreqSet                
00000b65  SysCtlClockSet                    
00000d35  SysCtlClockGet                    
00000edb  SysCtlDeepSleepClockSet           
00000ef9  SysCtlDeepSleepClockConfigSet     
00000f83  SysCtlPWMClockSet                 
00000f9d  SysCtlPWMClockGet                 
00000fb3  SysCtlGPIOAHBEnable               
00000fcf  SysCtlGPIOAHBDisable              
00000feb  SysCtlUSBPLLEnable                
00000ff7  SysCtlUSBPLLDisable               
00001009  SysCtlVoltageEventConfig          
00001019  SysCtlVoltageEventStatus          
00001025  SysCtlVoltageEventClear           
0000103d  SysCtlVCOGet                      
000010f9  SysCtlNMIStatus                   
0000110d  SysCtlNMIClear                    
00001129  SysCtlClockOutConfig              
00001145  SysCtlAltClkConfig                
00001189  main                              
00001701  InicializaStructRobo              
000017e5  IsNumber                          
00001805  CharAsFloat                       
0000181f  IntAsChar                         
00001839  UpdateOdometry                    
000019f1  CoordenadaParaString              
00001af9  AcionarMotor                      
00001c85  Timer0IntHandler                  
00001e47  GPIO_M_IntHandler                 
00001e83  GPIO_H_IntHandler                 
00001ec9  UART3IntHandler                   
00001f4d  UART0IntHandler                   
00002047  GPIODirModeSet                    
000020a3  GPIODirModeGet                    
000020ef  GPIOIntTypeSet                    
00002193  GPIOIntTypeGet                    
00002229  GPIOPadConfigSet                  
00002463  GPIOPadConfigGet                  
000025b5  GPIOIntEnable                     
000025cf  GPIOIntDisable                    
000025e9  GPIOIntStatus                     
0000260b  GPIOIntClear                      
0000261f  GPIOIntRegister                   
0000263d  GPIOIntUnregister                 
00002657  GPIOIntRegisterPin                
00002685  GPIOIntUnregisterPin              
000026a9  GPIOPinRead                       
000026c1  GPIOPinWrite                      
000026e1  GPIOPinTypeADC                    
00002705  GPIOPinTypeCAN                    
00002729  GPIOPinTypeComparator             
0000274d  GPIOPinTypeComparatorOutput       
00002771  GPIOPinTypeDIVSCLK                
00002795  GPIOPinTypeEPI                    
000027b9  GPIOPinTypeEthernetLED            
000027dd  GPIOPinTypeEthernetMII            
00002801  GPIOPinTypeGPIOInput              
00002825  GPIOPinTypeGPIOOutput             
00002849  GPIOPinTypeGPIOOutputOD           
0000286d  GPIOPinTypeHibernateRTCCLK        
00002891  GPIOPinTypeI2C                    
000028b5  GPIOPinTypeI2CSCL                 
000028d9  GPIOPinTypeLCD                    
000028fd  GPIOPinTypeOneWire                
00002921  GPIOPinTypePWM                    
00002945  GPIOPinTypeQEI                    
00002969  GPIOPinTypeSSI                    
0000298d  GPIOPinTypeTimer                  
000029b1  GPIOPinTypeTrace                  
000029d5  GPIOPinTypeUART                   
000029f9  GPIOPinTypeUSBAnalog              
00002a1d  GPIOPinTypeUSBDigital             
00002a41  GPIOPinTypeWakeHigh               
00002a67  GPIOPinTypeWakeLow                
00002a8d  GPIOPinWakeStatus                 
00002a9d  GPIOPinConfigure                  
00002afb  GPIODMATriggerEnable              
00002b19  GPIODMATriggerDisable             
00002b37  GPIOADCTriggerEnable              
00002b55  GPIOADCTriggerDisable             
00002bd7  ADCIntRegister                    
00002bff  ADCIntUnregister                  
00002c1d  ADCIntDisable                     
00002c39  ADCIntEnable                      
00002c5f  ADCIntStatus                      
00002cb7  ADCIntClear                       
00002ccd  ADCSequenceEnable                 
00002ce7  ADCSequenceDisable                
00002d01  ADCSequenceConfigure              
00002d9d  ADCSequenceStepConfigure          
00002e8b  ADCSequenceOverflow               
00002ea3  ADCSequenceOverflowClear          
00002eb9  ADCSequenceUnderflow              
00002ed1  ADCSequenceUnderflowClear         
00002ee7  ADCSequenceDataGet                
00002f29  ADCProcessorTrigger               
00002f4d  ADCSoftwareOversampleConfigure    
00002f9f  ADCSoftwareOversampleStepConfigure
00003081  ADCSoftwareOversampleDataGet      
00003115  ADCHardwareOversampleConfigure    
00003147  ADCComparatorConfigure            
00003163  ADCComparatorRegionSet            
00003187  ADCComparatorReset                
000031cd  ADCComparatorIntDisable           
000031eb  ADCComparatorIntEnable            
0000320d  ADCComparatorIntStatus            
00003221  ADCComparatorIntClear             
00003233  ADCIntDisableEx                   
0000324b  ADCIntEnableEx                    
00003263  ADCIntStatusEx                    
00003295  ADCIntClearEx                     
000032a7  ADCReferenceSet                   
000032c3  ADCReferenceGet                   
000032d5  ADCPhaseDelaySet                  
000032e7  ADCPhaseDelayGet                  
000032f5  ADCSequenceDMAEnable              
00003311  ADCSequenceDMADisable             
0000332d  ADCBusy                           
0000334b  ADCClockConfigSet                 
00003375  ADCClockConfigGet                 
000033b9  PWMGenConfigure                   
00003403  PWMGenPeriodSet                   
00003433  PWMGenPeriodGet                   
0000345d  PWMGenEnable                      
00003477  PWMGenDisable                     
00003491  PWMPulseWidthSet                  
000034db  PWMPulseWidthGet                  
00003525  PWMDeadBandEnable                 
0000355d  PWMDeadBandDisable                
00003579  PWMSyncUpdate                     
0000358b  PWMSyncTimeBase                   
0000359d  PWMOutputState                    
000035cf  PWMOutputInvert                   
00003601  PWMOutputFaultLevel               
00003633  PWMOutputFault                    
00003765  PWMGenIntRegister                 
0000378d  PWMGenIntUnregister               
000037f3  PWMFaultIntRegister               
00003811  PWMFaultIntUnregister             
0000382b  PWMGenIntTrigEnable               
00003849  PWMGenIntTrigDisable              
00003867  PWMGenIntStatus                   
00003891  PWMGenIntClear                    
000038a9  PWMIntEnable                      
000038c1  PWMIntDisable                     
000038d9  PWMFaultIntClear                  
000038eb  PWMIntStatus                      
0000390b  PWMFaultIntClearExt               
00003929  PWMGenFaultConfigure              
00003959  PWMGenFaultTriggerSet             
00003983  PWMGenFaultTriggerGet             
000039a7  PWMGenFaultStatus                 
000039dd  PWMGenFaultClear                  
00003a13  PWMClockSet                       
00003a33  PWMClockGet                       
00003a5d  PWMOutputUpdateMode               
00003b43  TimerEnable                       
00003b61  TimerDisable                      
00003b7f  TimerConfigure                    
00003bfb  TimerControlLevel                 
00003c31  TimerControlTrigger               
00003c9f  TimerControlEvent                 
00003cc9  TimerControlStall                 
00003cff  TimerControlWaitOnTrigger         
00003d5f  TimerRTCEnable                    
00003d75  TimerRTCDisable                   
00003d8b  TimerClockSourceSet               
00003db5  TimerClockSourceGet               
00003dc5  TimerPrescaleSet                  
00003def  TimerPrescaleGet                  
00003e0b  TimerPrescaleMatchSet             
00003e39  TimerPrescaleMatchGet             
00003e55  TimerLoadSet                      
00003e7f  TimerLoadGet                      
00003e9b  TimerLoadSet64                    
00003eb5  TimerLoadGet64                    
00003ee7  TimerValueGet                     
00003f03  TimerValueGet64                   
00003f35  TimerMatchSet                     
00003f5f  TimerMatchGet                     
00003f7b  TimerMatchSet64                   
00003f95  TimerMatchGet64                   
00003fc7  TimerIntRegister                  
00003fef  TimerIntUnregister                
0000400d  TimerIntEnable                    
00004025  TimerIntDisable                   
0000403d  TimerIntStatus                    
0000405b  TimerIntClear                     
0000406d  TimerSynchronize                  
0000407f  TimerADCEventSet                  
00004091  TimerADCEventGet                  
0000409f  TimerDMAEventSet                  
000040b1  TimerDMAEventGet                  
000040bf  TimerUpdateMode                   
00004173  UARTParityModeSet                 
0000418f  UARTParityModeGet                 
000041a1  UARTFIFOLevelSet                  
000041b9  UARTFIFOLevelGet                  
000041e1  UARTConfigSetExpClk               
00004257  UARTConfigGetExpClk               
000042a3  UARTEnable                        
000042c7  UARTDisable                       
000042f1  UARTFIFOEnable                    
00004307  UARTFIFODisable                   
0000431d  UARTEnableSIR                     
0000434b  UARTDisableSIR                    
00004361  UARTSmartCardEnable               
00004393  UARTSmartCardDisable              
000043a9  UARTModemControlSet               
000043e1  UARTModemControlClear             
00004405  UARTModemControlGet               
00004417  UARTModemStatusGet                
0000442b  UARTFlowControlSet                
00004447  UARTFlowControlGet                
00004459  UARTTxIntModeSet                  
00004475  UARTTxIntModeGet                  
00004487  UARTCharsAvail                    
000044a5  UARTSpaceAvail                    
000044c3  UARTCharGetNonBlocking            
000044df  UARTCharGet                       
000044f5  UARTCharPutNonBlocking            
00004519  UARTCharPut                       
00004537  UARTBreakCtl                      
00004561  UARTBusy                          
0000457f  UARTIntRegister                   
0000459d  UARTIntUnregister                 
000045bd  UARTIntEnable                     
000045d5  UARTIntDisable                    
000045ed  UARTIntStatus                     
0000460b  UARTIntClear                      
0000461d  UARTDMAEnable                     
00004635  UARTDMADisable                    
0000464d  UARTRxErrorGet                    
0000465f  UARTRxErrorClear                  
0000466f  UARTClockSourceSet                
00004683  UARTClockSourceGet                
00004693  UART9BitEnable                    
000046a9  UART9BitDisable                   
000046bf  UART9BitAddrSet                   
000046e5  UART9BitAddrSend                  
0000472d  UARTLoopbackEnable                
00004747  IntMasterEnable                   
00004757  IntMasterDisable                  
00004767  IntRegister                       
000047b9  IntUnregister                     
000047cd  IntPriorityGroupingSet            
000047e7  IntPriorityGroupingGet            
0000481f  IntPrioritySet                    
0000486f  IntPriorityGet                    
00004893  IntEnable                         
00004905  IntDisable                        
00004977  IntIsEnabled                      
000049fd  IntPendSet                        
00004a6d  IntPendClear                      
00004abb  IntPriorityMaskSet                
00004ac7  IntPriorityMaskGet                
00004acf  IntTrigger                        
00004bb1  Init_SM                           
00004bdf  Exec_SM                           
00004bff  MontaMensagem                     
00004c4b  VerificaResposta                  
00004ca7  EnviarMensagemUart                
00004d59  __aeabi_dsub                      
00004d63  __aeabi_dadd                      
00004f0f  __aeabi_ddiv                      
00005045  __aeabi_dmul                      
00005141  cosf                              
000051f5  sinf                              
00005299  __aeabi_memcpy                    
00005299  __aeabi_memcpy4                   
00005299  __aeabi_memcpy8                   
00005299  memcpy                            
00005335  __aeabi_memclr                    
00005335  __aeabi_memclr4                   
00005335  __aeabi_memclr8                   
00005337  __aeabi_memset                    
00005337  __aeabi_memset4                   
00005337  __aeabi_memset8                   
0000533d  memset                            
000053af  __aeabi_d2f                       
0000541d  __TI_decompress_lzss              
00005485  __TI_auto_init_nobinit_nopinit    
000054c9  CPUcpsid                          
000054d5  CPUprimask                        
000054df  CPUcpsie                          
000054eb  CPUwfi                            
000054ef  CPUbasepriSet                     
000054fd  CPUbasepriGet                     
00005507  __aeabi_f2d                       
00005541  _c_int00_noargs                   
00005575  __aeabi_i2d                       
000055a3  __aeabi_ui2d                      
000055c3  __TI_decompress_none              
000055d1  __TI_zero_init                    
000055dd  ResetISR                          
000055e9  SysCtlDelay                       
000055ef  _system_pre_init                  
000055f3  C$$EXIT                           
000055f3  abort                             
00005cb4  __TI_Handler_Table_Base           
00005cc0  __TI_Handler_Table_Limit          
00005cd0  __TI_CINIT_Base                   
00005ce8  __TI_CINIT_Limit                  
20000000  g_pfnRAMVectors                   
2000026c  StateMachineComm                  
2000042c  JubileuData                       
20000468  ui32SysClkFreq                    
20000470  __stack                           
20000670  __STACK_END                       
20000670  __STACK_TOP                       
20000670  ui8PinData                        
20000671  HallEncoder_Esq                   
20000672  HallEncoder_Dir                   
20000674  FrequenciaTimer                   
20000678  TesteMotor_PWM                    
2000067c  TesteSentido                      
20000680  TesteIndice                       
ffffffff  __TI_pprof_out_hndl               
ffffffff  __TI_prof_data_size               
ffffffff  __TI_prof_data_start              
ffffffff  __binit__                         
ffffffff  __c_args__                        
ffffffff  binit                             
UNDEFED   __mpu_init                        
UNDEFED   _system_post_cinit                

[364 symbols]
