<?xml version="1.0" encoding="ISO-8859-1" ?>
<link_info>
   <banner>TI ARM Linker PC v18.12.2.LTS</banner>
   <copyright>Copyright (c) 1996-2018 Texas Instruments Incorporated</copyright>
   <link_time>0x5f430acd</link_time>
   <link_errors>0x0</link_errors>
   <output_file>JubileuBot.out</output_file>
   <entry_point>
      <name>_c_int00_noargs</name>
      <address>0xd4e5</address>
   </entry_point>
   <input_file_list>
      <input_file id="fl-2">
         <path>.\</path>
         <kind>object</kind>
         <file>tm4c1294ncpdt_startup_ccs.obj</file>
         <name>tm4c1294ncpdt_startup_ccs.obj</name>
      </input_file>
      <input_file id="fl-3">
         <path>.\driverlib\</path>
         <kind>object</kind>
         <file>adc.obj</file>
         <name>adc.obj</name>
      </input_file>
      <input_file id="fl-4">
         <path>.\driverlib\</path>
         <kind>object</kind>
         <file>aes.obj</file>
         <name>aes.obj</name>
      </input_file>
      <input_file id="fl-5">
         <path>.\driverlib\</path>
         <kind>object</kind>
         <file>can.obj</file>
         <name>can.obj</name>
      </input_file>
      <input_file id="fl-6">
         <path>.\driverlib\</path>
         <kind>object</kind>
         <file>comp.obj</file>
         <name>comp.obj</name>
      </input_file>
      <input_file id="fl-7">
         <path>.\driverlib\</path>
         <kind>object</kind>
         <file>cpu.obj</file>
         <name>cpu.obj</name>
      </input_file>
      <input_file id="fl-8">
         <path>.\driverlib\</path>
         <kind>object</kind>
         <file>crc.obj</file>
         <name>crc.obj</name>
      </input_file>
      <input_file id="fl-9">
         <path>.\driverlib\</path>
         <kind>object</kind>
         <file>des.obj</file>
         <name>des.obj</name>
      </input_file>
      <input_file id="fl-a">
         <path>.\driverlib\</path>
         <kind>object</kind>
         <file>eeprom.obj</file>
         <name>eeprom.obj</name>
      </input_file>
      <input_file id="fl-b">
         <path>.\driverlib\</path>
         <kind>object</kind>
         <file>emac.obj</file>
         <name>emac.obj</name>
      </input_file>
      <input_file id="fl-c">
         <path>.\driverlib\</path>
         <kind>object</kind>
         <file>epi.obj</file>
         <name>epi.obj</name>
      </input_file>
      <input_file id="fl-d">
         <path>.\driverlib\</path>
         <kind>object</kind>
         <file>epi_workaround_ccs.obj</file>
         <name>epi_workaround_ccs.obj</name>
      </input_file>
      <input_file id="fl-e">
         <path>.\driverlib\</path>
         <kind>object</kind>
         <file>flash.obj</file>
         <name>flash.obj</name>
      </input_file>
      <input_file id="fl-f">
         <path>.\driverlib\</path>
         <kind>object</kind>
         <file>fpu.obj</file>
         <name>fpu.obj</name>
      </input_file>
      <input_file id="fl-10">
         <path>.\driverlib\</path>
         <kind>object</kind>
         <file>gpio.obj</file>
         <name>gpio.obj</name>
      </input_file>
      <input_file id="fl-11">
         <path>.\driverlib\</path>
         <kind>object</kind>
         <file>hibernate.obj</file>
         <name>hibernate.obj</name>
      </input_file>
      <input_file id="fl-12">
         <path>.\driverlib\</path>
         <kind>object</kind>
         <file>i2c.obj</file>
         <name>i2c.obj</name>
      </input_file>
      <input_file id="fl-13">
         <path>.\driverlib\</path>
         <kind>object</kind>
         <file>interrupt.obj</file>
         <name>interrupt.obj</name>
      </input_file>
      <input_file id="fl-14">
         <path>.\driverlib\</path>
         <kind>object</kind>
         <file>lcd.obj</file>
         <name>lcd.obj</name>
      </input_file>
      <input_file id="fl-15">
         <path>.\driverlib\</path>
         <kind>object</kind>
         <file>mpu.obj</file>
         <name>mpu.obj</name>
      </input_file>
      <input_file id="fl-16">
         <path>.\driverlib\</path>
         <kind>object</kind>
         <file>onewire.obj</file>
         <name>onewire.obj</name>
      </input_file>
      <input_file id="fl-17">
         <path>.\driverlib\</path>
         <kind>object</kind>
         <file>pwm.obj</file>
         <name>pwm.obj</name>
      </input_file>
      <input_file id="fl-18">
         <path>.\driverlib\</path>
         <kind>object</kind>
         <file>qei.obj</file>
         <name>qei.obj</name>
      </input_file>
      <input_file id="fl-19">
         <path>.\driverlib\</path>
         <kind>object</kind>
         <file>shamd5.obj</file>
         <name>shamd5.obj</name>
      </input_file>
      <input_file id="fl-1a">
         <path>.\driverlib\</path>
         <kind>object</kind>
         <file>ssi.obj</file>
         <name>ssi.obj</name>
      </input_file>
      <input_file id="fl-1b">
         <path>.\driverlib\</path>
         <kind>object</kind>
         <file>sw_crc.obj</file>
         <name>sw_crc.obj</name>
      </input_file>
      <input_file id="fl-1c">
         <path>.\driverlib\</path>
         <kind>object</kind>
         <file>sysctl.obj</file>
         <name>sysctl.obj</name>
      </input_file>
      <input_file id="fl-1d">
         <path>.\driverlib\</path>
         <kind>object</kind>
         <file>sysexc.obj</file>
         <name>sysexc.obj</name>
      </input_file>
      <input_file id="fl-1e">
         <path>.\driverlib\</path>
         <kind>object</kind>
         <file>systick.obj</file>
         <name>systick.obj</name>
      </input_file>
      <input_file id="fl-1f">
         <path>.\driverlib\</path>
         <kind>object</kind>
         <file>timer.obj</file>
         <name>timer.obj</name>
      </input_file>
      <input_file id="fl-20">
         <path>.\driverlib\</path>
         <kind>object</kind>
         <file>uart.obj</file>
         <name>uart.obj</name>
      </input_file>
      <input_file id="fl-21">
         <path>.\driverlib\</path>
         <kind>object</kind>
         <file>udma.obj</file>
         <name>udma.obj</name>
      </input_file>
      <input_file id="fl-22">
         <path>.\driverlib\</path>
         <kind>object</kind>
         <file>usb.obj</file>
         <name>usb.obj</name>
      </input_file>
      <input_file id="fl-23">
         <path>.\driverlib\</path>
         <kind>object</kind>
         <file>watchdog.obj</file>
         <name>watchdog.obj</name>
      </input_file>
      <input_file id="fl-24">
         <path>.\src\</path>
         <kind>object</kind>
         <file>StateMachineComm.obj</file>
         <name>StateMachineComm.obj</name>
      </input_file>
      <input_file id="fl-25">
         <path>.\src\</path>
         <kind>object</kind>
         <file>StateMachineSupervisores.obj</file>
         <name>StateMachineSupervisores.obj</name>
      </input_file>
      <input_file id="fl-26">
         <path>.\src\</path>
         <kind>object</kind>
         <file>SupervisorFuzzy.obj</file>
         <name>SupervisorFuzzy.obj</name>
      </input_file>
      <input_file id="fl-27">
         <path>.\src\</path>
         <kind>object</kind>
         <file>SupervisorHibrido.obj</file>
         <name>SupervisorHibrido.obj</name>
      </input_file>
      <input_file id="fl-28">
         <path>.\src\</path>
         <kind>object</kind>
         <file>main.obj</file>
         <name>main.obj</name>
      </input_file>
      <input_file id="fl-29">
         <path>.\utils\</path>
         <kind>object</kind>
         <file>uartstdio.obj</file>
         <name>uartstdio.obj</name>
      </input_file>
      <input_file id="fl-2d">
         <kind>object</kind>
         <file>&lt;internal&gt;</file>
         <name>&lt;internal&gt;</name>
      </input_file>
      <input_file id="fl-e3">
         <path>C:\ti\ccs910\ccs\tools\compiler\ti-cgt-arm_18.12.2.LTS\lib\</path>
         <kind>archive</kind>
         <file>rtsv7M4_T_le_v4SPD16_eabi.lib</file>
         <name>s_cosf.c.obj</name>
      </input_file>
      <input_file id="fl-e4">
         <path>C:\ti\ccs910\ccs\tools\compiler\ti-cgt-arm_18.12.2.LTS\lib\</path>
         <kind>archive</kind>
         <file>rtsv7M4_T_le_v4SPD16_eabi.lib</file>
         <name>s_sinf.c.obj</name>
      </input_file>
      <input_file id="fl-e5">
         <path>C:\ti\ccs910\ccs\tools\compiler\ti-cgt-arm_18.12.2.LTS\lib\</path>
         <kind>archive</kind>
         <file>rtsv7M4_T_le_v4SPD16_eabi.lib</file>
         <name>ti_fmax.c.obj</name>
      </input_file>
      <input_file id="fl-e6">
         <path>C:\ti\ccs910\ccs\tools\compiler\ti-cgt-arm_18.12.2.LTS\lib\</path>
         <kind>archive</kind>
         <file>rtsv7M4_T_le_v4SPD16_eabi.lib</file>
         <name>e_atan2.c.obj</name>
      </input_file>
      <input_file id="fl-e7">
         <path>C:\ti\ccs910\ccs\tools\compiler\ti-cgt-arm_18.12.2.LTS\lib\</path>
         <kind>archive</kind>
         <file>rtsv7M4_T_le_v4SPD16_eabi.lib</file>
         <name>e_sqrt.c.obj</name>
      </input_file>
      <input_file id="fl-e8">
         <path>C:\ti\ccs910\ccs\tools\compiler\ti-cgt-arm_18.12.2.LTS\lib\</path>
         <kind>archive</kind>
         <file>rtsv7M4_T_le_v4SPD16_eabi.lib</file>
         <name>s_atan.c.obj</name>
      </input_file>
      <input_file id="fl-e9">
         <path>C:\ti\ccs910\ccs\tools\compiler\ti-cgt-arm_18.12.2.LTS\lib\</path>
         <kind>archive</kind>
         <file>rtsv7M4_T_le_v4SPD16_eabi.lib</file>
         <name>s_cos.c.obj</name>
      </input_file>
      <input_file id="fl-ea">
         <path>C:\ti\ccs910\ccs\tools\compiler\ti-cgt-arm_18.12.2.LTS\lib\</path>
         <kind>archive</kind>
         <file>rtsv7M4_T_le_v4SPD16_eabi.lib</file>
         <name>s_sin.c.obj</name>
      </input_file>
      <input_file id="fl-eb">
         <path>C:\ti\ccs910\ccs\tools\compiler\ti-cgt-arm_18.12.2.LTS\lib\</path>
         <kind>archive</kind>
         <file>rtsv7M4_T_le_v4SPD16_eabi.lib</file>
         <name>fd_add_t2.asm.obj</name>
      </input_file>
      <input_file id="fl-ec">
         <path>C:\ti\ccs910\ccs\tools\compiler\ti-cgt-arm_18.12.2.LTS\lib\</path>
         <kind>archive</kind>
         <file>rtsv7M4_T_le_v4SPD16_eabi.lib</file>
         <name>fd_cmp_t2.asm.obj</name>
      </input_file>
      <input_file id="fl-ed">
         <path>C:\ti\ccs910\ccs\tools\compiler\ti-cgt-arm_18.12.2.LTS\lib\</path>
         <kind>archive</kind>
         <file>rtsv7M4_T_le_v4SPD16_eabi.lib</file>
         <name>fd_div_t2.asm.obj</name>
      </input_file>
      <input_file id="fl-ee">
         <path>C:\ti\ccs910\ccs\tools\compiler\ti-cgt-arm_18.12.2.LTS\lib\</path>
         <kind>archive</kind>
         <file>rtsv7M4_T_le_v4SPD16_eabi.lib</file>
         <name>fd_mul_t2.asm.obj</name>
      </input_file>
      <input_file id="fl-ef">
         <path>C:\ti\ccs910\ccs\tools\compiler\ti-cgt-arm_18.12.2.LTS\lib\</path>
         <kind>archive</kind>
         <file>rtsv7M4_T_le_v4SPD16_eabi.lib</file>
         <name>fd_toi_t2.asm.obj</name>
      </input_file>
      <input_file id="fl-f0">
         <path>C:\ti\ccs910\ccs\tools\compiler\ti-cgt-arm_18.12.2.LTS\lib\</path>
         <kind>archive</kind>
         <file>rtsv7M4_T_le_v4SPD16_eabi.lib</file>
         <name>fd_tos_t2.asm.obj</name>
      </input_file>
      <input_file id="fl-f1">
         <path>C:\ti\ccs910\ccs\tools\compiler\ti-cgt-arm_18.12.2.LTS\lib\</path>
         <kind>archive</kind>
         <file>rtsv7M4_T_le_v4SPD16_eabi.lib</file>
         <name>fs_tod_t2.asm.obj</name>
      </input_file>
      <input_file id="fl-f2">
         <path>C:\ti\ccs910\ccs\tools\compiler\ti-cgt-arm_18.12.2.LTS\lib\</path>
         <kind>archive</kind>
         <file>rtsv7M4_T_le_v4SPD16_eabi.lib</file>
         <name>i_tofd_t2.asm.obj</name>
      </input_file>
      <input_file id="fl-f3">
         <path>C:\ti\ccs910\ccs\tools\compiler\ti-cgt-arm_18.12.2.LTS\lib\</path>
         <kind>archive</kind>
         <file>rtsv7M4_T_le_v4SPD16_eabi.lib</file>
         <name>u_tofd_t2.asm.obj</name>
      </input_file>
      <input_file id="fl-f4">
         <path>C:\ti\ccs910\ccs\tools\compiler\ti-cgt-arm_18.12.2.LTS\lib\</path>
         <kind>archive</kind>
         <file>rtsv7M4_T_le_v4SPD16_eabi.lib</file>
         <name>u_divt2.asm.obj</name>
      </input_file>
      <input_file id="fl-f5">
         <path>C:\ti\ccs910\ccs\tools\compiler\ti-cgt-arm_18.12.2.LTS\lib\</path>
         <kind>archive</kind>
         <file>rtsv7M4_T_le_v4SPD16_eabi.lib</file>
         <name>copy_zero_init.c.obj</name>
      </input_file>
      <input_file id="fl-f6">
         <path>C:\ti\ccs910\ccs\tools\compiler\ti-cgt-arm_18.12.2.LTS\lib\</path>
         <kind>archive</kind>
         <file>rtsv7M4_T_le_v4SPD16_eabi.lib</file>
         <name>copy_decompress_none.c.obj</name>
      </input_file>
      <input_file id="fl-f7">
         <path>C:\ti\ccs910\ccs\tools\compiler\ti-cgt-arm_18.12.2.LTS\lib\</path>
         <kind>archive</kind>
         <file>rtsv7M4_T_le_v4SPD16_eabi.lib</file>
         <name>copy_decompress_lzss.c.obj</name>
      </input_file>
      <input_file id="fl-f8">
         <path>C:\ti\ccs910\ccs\tools\compiler\ti-cgt-arm_18.12.2.LTS\lib\</path>
         <kind>archive</kind>
         <file>rtsv7M4_T_le_v4SPD16_eabi.lib</file>
         <name>k_rem_pio2.c.obj</name>
      </input_file>
      <input_file id="fl-f9">
         <path>C:\ti\ccs910\ccs\tools\compiler\ti-cgt-arm_18.12.2.LTS\lib\</path>
         <kind>archive</kind>
         <file>rtsv7M4_T_le_v4SPD16_eabi.lib</file>
         <name>boot_cortex_m.c.obj</name>
      </input_file>
      <input_file id="fl-fa">
         <path>C:\ti\ccs910\ccs\tools\compiler\ti-cgt-arm_18.12.2.LTS\lib\</path>
         <kind>archive</kind>
         <file>rtsv7M4_T_le_v4SPD16_eabi.lib</file>
         <name>errno.c.obj</name>
      </input_file>
      <input_file id="fl-fb">
         <path>C:\ti\ccs910\ccs\tools\compiler\ti-cgt-arm_18.12.2.LTS\lib\</path>
         <kind>archive</kind>
         <file>rtsv7M4_T_le_v4SPD16_eabi.lib</file>
         <name>k_cos.c.obj</name>
      </input_file>
      <input_file id="fl-fc">
         <path>C:\ti\ccs910\ccs\tools\compiler\ti-cgt-arm_18.12.2.LTS\lib\</path>
         <kind>archive</kind>
         <file>rtsv7M4_T_le_v4SPD16_eabi.lib</file>
         <name>k_sin.c.obj</name>
      </input_file>
      <input_file id="fl-fd">
         <path>C:\ti\ccs910\ccs\tools\compiler\ti-cgt-arm_18.12.2.LTS\lib\</path>
         <kind>archive</kind>
         <file>rtsv7M4_T_le_v4SPD16_eabi.lib</file>
         <name>s_floor.c.obj</name>
      </input_file>
      <input_file id="fl-fe">
         <path>C:\ti\ccs910\ccs\tools\compiler\ti-cgt-arm_18.12.2.LTS\lib\</path>
         <kind>archive</kind>
         <file>rtsv7M4_T_le_v4SPD16_eabi.lib</file>
         <name>s_scalbn.c.obj</name>
      </input_file>
      <input_file id="fl-ff">
         <path>C:\ti\ccs910\ccs\tools\compiler\ti-cgt-arm_18.12.2.LTS\lib\</path>
         <kind>archive</kind>
         <file>rtsv7M4_T_le_v4SPD16_eabi.lib</file>
         <name>div0.asm.obj</name>
      </input_file>
      <input_file id="fl-100">
         <path>C:\ti\ccs910\ccs\tools\compiler\ti-cgt-arm_18.12.2.LTS\lib\</path>
         <kind>archive</kind>
         <file>rtsv7M4_T_le_v4SPD16_eabi.lib</file>
         <name>memset_t2.asm.obj</name>
      </input_file>
      <input_file id="fl-101">
         <path>C:\ti\ccs910\ccs\tools\compiler\ti-cgt-arm_18.12.2.LTS\lib\</path>
         <kind>archive</kind>
         <file>rtsv7M4_T_le_v4SPD16_eabi.lib</file>
         <name>memcpy_t2.asm.obj</name>
      </input_file>
      <input_file id="fl-102">
         <path>C:\ti\ccs910\ccs\tools\compiler\ti-cgt-arm_18.12.2.LTS\lib\</path>
         <kind>archive</kind>
         <file>rtsv7M4_T_le_v4SPD16_eabi.lib</file>
         <name>autoinit.c.obj</name>
      </input_file>
      <input_file id="fl-103">
         <path>C:\ti\ccs910\ccs\tools\compiler\ti-cgt-arm_18.12.2.LTS\lib\</path>
         <kind>archive</kind>
         <file>rtsv7M4_T_le_v4SPD16_eabi.lib</file>
         <name>pre_init.c.obj</name>
      </input_file>
      <input_file id="fl-104">
         <path>C:\ti\ccs910\ccs\tools\compiler\ti-cgt-arm_18.12.2.LTS\lib\</path>
         <kind>archive</kind>
         <file>rtsv7M4_T_le_v4SPD16_eabi.lib</file>
         <name>cpy_tbl.c.obj</name>
      </input_file>
      <input_file id="fl-105">
         <path>C:\ti\ccs910\ccs\tools\compiler\ti-cgt-arm_18.12.2.LTS\lib\</path>
         <kind>archive</kind>
         <file>rtsv7M4_T_le_v4SPD16_eabi.lib</file>
         <name>exit.c.obj</name>
      </input_file>
      <input_file id="fl-106">
         <path>C:\ti\ccs910\ccs\tools\compiler\ti-cgt-arm_18.12.2.LTS\lib\</path>
         <kind>archive</kind>
         <file>rtsv7M4_T_le_v4SPD16_eabi.lib</file>
         <name>_lock.c.obj</name>
      </input_file>
      <input_file id="fl-107">
         <path>C:\ti\ccs910\ccs\tools\compiler\ti-cgt-arm_18.12.2.LTS\lib\</path>
         <kind>archive</kind>
         <file>rtsv7M4_T_le_v4SPD16_eabi.lib</file>
         <name>args_main.c.obj</name>
      </input_file>
      <input_file id="fl-108">
         <path>C:\ti\ccs910\ccs\tools\compiler\ti-cgt-arm_18.12.2.LTS\lib\</path>
         <kind>archive</kind>
         <file>rtsv7M4_T_le_v4SPD16_eabi.lib</file>
         <name>s_copysign.c.obj</name>
      </input_file>
   </input_file_list>
   <object_component_list>
      <object_component id="oc-f">
         <name>.intvecs</name>
         <load_address>0x0</load_address>
         <run_address>0x0</run_address>
         <size>0x208</size>
         <input_file_ref idref="fl-2"/>
      </object_component>
      <object_component id="oc-1a8">
         <name>.text</name>
         <load_address>0x208</load_address>
         <run_address>0x208</run_address>
         <size>0x3be8</size>
         <input_file_ref idref="fl-26"/>
      </object_component>
      <object_component id="oc-1a2">
         <name>.text</name>
         <load_address>0x3df0</load_address>
         <run_address>0x3df0</run_address>
         <size>0x1b7c</size>
         <input_file_ref idref="fl-27"/>
      </object_component>
      <object_component id="oc-2a">
         <name>.text</name>
         <load_address>0x596c</load_address>
         <run_address>0x596c</run_address>
         <size>0x131c</size>
         <input_file_ref idref="fl-28"/>
      </object_component>
      <object_component id="oc-71">
         <name>.text</name>
         <load_address>0x6c88</load_address>
         <run_address>0x6c88</run_address>
         <size>0xf80</size>
         <input_file_ref idref="fl-1c"/>
      </object_component>
      <object_component id="oc-77">
         <name>.text</name>
         <load_address>0x7c08</load_address>
         <run_address>0x7c08</run_address>
         <size>0xb94</size>
         <input_file_ref idref="fl-10"/>
      </object_component>
      <object_component id="oc-83">
         <name>.text</name>
         <load_address>0x879c</load_address>
         <run_address>0x879c</run_address>
         <size>0x83a</size>
         <input_file_ref idref="fl-3"/>
      </object_component>
      <object_component id="oc-2c4">
         <name>.text:__kernel_rem_pio2</name>
         <load_address>0x8fd8</load_address>
         <run_address>0x8fd8</run_address>
         <size>0x738</size>
         <input_file_ref idref="fl-f8"/>
      </object_component>
      <object_component id="oc-89">
         <name>.text</name>
         <load_address>0x9710</load_address>
         <run_address>0x9710</run_address>
         <size>0x718</size>
         <input_file_ref idref="fl-17"/>
      </object_component>
      <object_component id="oc-7d">
         <name>.text</name>
         <load_address>0x9e28</load_address>
         <run_address>0x9e28</run_address>
         <size>0x642</size>
         <input_file_ref idref="fl-1f"/>
      </object_component>
      <object_component id="oc-8f">
         <name>.text</name>
         <load_address>0xa46c</load_address>
         <run_address>0xa46c</run_address>
         <size>0x62e</size>
         <input_file_ref idref="fl-20"/>
      </object_component>
      <object_component id="oc-26d">
         <name>.text:cos</name>
         <load_address>0xaa9c</load_address>
         <run_address>0xaa9c</run_address>
         <size>0x5dc</size>
         <input_file_ref idref="fl-e9"/>
      </object_component>
      <object_component id="oc-267">
         <name>.text:sin</name>
         <load_address>0xb078</load_address>
         <run_address>0xb078</run_address>
         <size>0x5c4</size>
         <input_file_ref idref="fl-ea"/>
      </object_component>
      <object_component id="oc-9b">
         <name>.text</name>
         <load_address>0xb63c</load_address>
         <run_address>0xb63c</run_address>
         <size>0x42c</size>
         <input_file_ref idref="fl-24"/>
      </object_component>
      <object_component id="oc-95">
         <name>.text</name>
         <load_address>0xba68</load_address>
         <run_address>0xba68</run_address>
         <size>0x3c0</size>
         <input_file_ref idref="fl-13"/>
      </object_component>
      <object_component id="oc-2b1">
         <name>.text:atan</name>
         <load_address>0xbe28</load_address>
         <run_address>0xbe28</run_address>
         <size>0x2ec</size>
         <input_file_ref idref="fl-e8"/>
      </object_component>
      <object_component id="oc-261">
         <name>.text:atan2</name>
         <load_address>0xc114</load_address>
         <run_address>0xc114</run_address>
         <size>0x1d8</size>
         <input_file_ref idref="fl-e6"/>
      </object_component>
      <object_component id="oc-c5">
         <name>.text</name>
         <load_address>0xc2ec</load_address>
         <run_address>0xc2ec</run_address>
         <size>0x1b6</size>
         <input_file_ref idref="fl-eb"/>
      </object_component>
      <object_component id="oc-2be">
         <name>.text:__kernel_sin</name>
         <load_address>0xc4a4</load_address>
         <run_address>0xc4a4</run_address>
         <size>0x174</size>
         <input_file_ref idref="fl-fc"/>
      </object_component>
      <object_component id="oc-2ca">
         <name>.text:__kernel_cos</name>
         <load_address>0xc618</load_address>
         <run_address>0xc618</run_address>
         <size>0x16c</size>
         <input_file_ref idref="fl-fb"/>
      </object_component>
      <object_component id="oc-ba">
         <name>.text:sqrt</name>
         <load_address>0xc784</load_address>
         <run_address>0xc784</run_address>
         <size>0x158</size>
         <input_file_ref idref="fl-e7"/>
      </object_component>
      <object_component id="oc-cf">
         <name>.text</name>
         <load_address>0xc8dc</load_address>
         <run_address>0xc8dc</run_address>
         <size>0x136</size>
         <input_file_ref idref="fl-ed"/>
      </object_component>
      <object_component id="oc-309">
         <name>.text:scalbn</name>
         <load_address>0xca14</load_address>
         <run_address>0xca14</run_address>
         <size>0x110</size>
         <input_file_ref idref="fl-fe"/>
      </object_component>
      <object_component id="oc-c0">
         <name>.text</name>
         <load_address>0xcb24</load_address>
         <run_address>0xcb24</run_address>
         <size>0xfc</size>
         <input_file_ref idref="fl-ee"/>
      </object_component>
      <object_component id="oc-30f">
         <name>.text:floor</name>
         <load_address>0xcc20</load_address>
         <run_address>0xcc20</run_address>
         <size>0xf8</size>
         <input_file_ref idref="fl-fd"/>
      </object_component>
      <object_component id="oc-aa">
         <name>.text</name>
         <load_address>0xcd18</load_address>
         <run_address>0xcd18</run_address>
         <size>0xd8</size>
         <input_file_ref idref="fl-25"/>
      </object_component>
      <object_component id="oc-273">
         <name>.text:fmin</name>
         <load_address>0xcdf0</load_address>
         <run_address>0xcdf0</run_address>
         <size>0xd4</size>
         <input_file_ref idref="fl-e5"/>
      </object_component>
      <object_component id="oc-279">
         <name>.text:fmax</name>
         <load_address>0xcec4</load_address>
         <run_address>0xcec4</run_address>
         <size>0xcc</size>
         <input_file_ref idref="fl-e5"/>
      </object_component>
      <object_component id="oc-d4">
         <name>.text:cosf</name>
         <load_address>0xcf90</load_address>
         <run_address>0xcf90</run_address>
         <size>0xb4</size>
         <input_file_ref idref="fl-e3"/>
      </object_component>
      <object_component id="oc-da">
         <name>.text:sinf</name>
         <load_address>0xd044</load_address>
         <run_address>0xd044</run_address>
         <size>0xa4</size>
         <input_file_ref idref="fl-e4"/>
      </object_component>
      <object_component id="oc-3e">
         <name>.text</name>
         <load_address>0xd0e8</load_address>
         <run_address>0xd0e8</run_address>
         <size>0x9c</size>
         <input_file_ref idref="fl-101"/>
      </object_component>
      <object_component id="oc-e5">
         <name>.text:__aeabi_cdcmple</name>
         <load_address>0xd184</load_address>
         <run_address>0xd184</run_address>
         <size>0x86</size>
         <input_file_ref idref="fl-ec"/>
      </object_component>
      <object_component id="oc-e0">
         <name>.text:__aeabi_cdrcmple</name>
         <load_address>0xd20a</load_address>
         <run_address>0xd20a</run_address>
         <size>0x86</size>
         <input_file_ref idref="fl-ec"/>
      </object_component>
      <object_component id="oc-123">
         <name>.text</name>
         <load_address>0xd290</load_address>
         <run_address>0xd290</run_address>
         <size>0x7a</size>
         <input_file_ref idref="fl-100"/>
      </object_component>
      <object_component id="oc-b0">
         <name>.text</name>
         <load_address>0xd30a</load_address>
         <run_address>0xd30a</run_address>
         <size>0x6e</size>
         <input_file_ref idref="fl-f0"/>
      </object_component>
      <object_component id="oc-12">
         <name>.text:decompress:lzss:__TI_decompress_lzss</name>
         <load_address>0xd378</load_address>
         <run_address>0xd378</run_address>
         <size>0x68</size>
         <input_file_ref idref="fl-f7"/>
      </object_component>
      <object_component id="oc-2b9">
         <name>.text</name>
         <load_address>0xd3e0</load_address>
         <run_address>0xd3e0</run_address>
         <size>0x48</size>
         <input_file_ref idref="fl-ef"/>
      </object_component>
      <object_component id="oc-1ea">
         <name>.text:__TI_auto_init_nobinit_nopinit:__TI_auto_init_nobinit_nopinit</name>
         <load_address>0xd428</load_address>
         <run_address>0xd428</run_address>
         <size>0x44</size>
         <input_file_ref idref="fl-102"/>
      </object_component>
      <object_component id="oc-13e">
         <name>.text</name>
         <load_address>0xd46c</load_address>
         <run_address>0xd46c</run_address>
         <size>0x3e</size>
         <input_file_ref idref="fl-7"/>
      </object_component>
      <object_component id="oc-a5">
         <name>.text</name>
         <load_address>0xd4aa</load_address>
         <run_address>0xd4aa</run_address>
         <size>0x38</size>
         <input_file_ref idref="fl-f1"/>
      </object_component>
      <object_component id="oc-5c">
         <name>.text:_c_int00_noargs:_c_int00_noargs</name>
         <load_address>0xd4e4</load_address>
         <run_address>0xd4e4</run_address>
         <size>0x34</size>
         <input_file_ref idref="fl-f9"/>
      </object_component>
      <object_component id="oc-ca">
         <name>.text</name>
         <load_address>0xd518</load_address>
         <run_address>0xd518</run_address>
         <size>0x2e</size>
         <input_file_ref idref="fl-f2"/>
      </object_component>
      <object_component id="oc-ea">
         <name>.text</name>
         <load_address>0xd546</load_address>
         <run_address>0xd546</run_address>
         <size>0x20</size>
         <input_file_ref idref="fl-f3"/>
      </object_component>
      <object_component id="oc-33d">
         <name>.text:copysign</name>
         <load_address>0xd566</load_address>
         <run_address>0xd566</run_address>
         <size>0x1a</size>
         <input_file_ref idref="fl-108"/>
      </object_component>
      <object_component id="oc-18">
         <name>.text:decompress:none:__TI_decompress_none</name>
         <load_address>0xd580</load_address>
         <run_address>0xd580</run_address>
         <size>0xe</size>
         <input_file_ref idref="fl-f6"/>
      </object_component>
      <object_component id="oc-50">
         <name>.text:decompress:ZI:__TI_zero_init</name>
         <load_address>0xd58e</load_address>
         <run_address>0xd58e</run_address>
         <size>0xc</size>
         <input_file_ref idref="fl-f5"/>
      </object_component>
      <object_component id="oc-24">
         <name>.text</name>
         <load_address>0xd59a</load_address>
         <run_address>0xd59a</run_address>
         <size>0xc</size>
         <input_file_ref idref="fl-2"/>
      </object_component>
      <object_component id="oc-1b1">
         <name>.text:__aeabi_errno_addr</name>
         <load_address>0xd5a8</load_address>
         <run_address>0xd5a8</run_address>
         <size>0x8</size>
         <input_file_ref idref="fl-fa"/>
      </object_component>
      <object_component id="oc-14d">
         <name>.text:SysCtlDelay</name>
         <load_address>0xd5b0</load_address>
         <run_address>0xd5b0</run_address>
         <size>0x6</size>
         <input_file_ref idref="fl-1c"/>
      </object_component>
      <object_component id="oc-129">
         <name>.text:_system_pre_init</name>
         <load_address>0xd5b6</load_address>
         <run_address>0xd5b6</run_address>
         <size>0x4</size>
         <input_file_ref idref="fl-103"/>
      </object_component>
      <object_component id="oc-1de">
         <name>.text:abort:abort</name>
         <load_address>0xd5ba</load_address>
         <run_address>0xd5ba</run_address>
         <size>0x4</size>
         <input_file_ref idref="fl-105"/>
      </object_component>
      <object_component id="oc-14a">
         <name>.const:g_pppui32XTALtoVCO</name>
         <load_address>0xd5c0</load_address>
         <run_address>0xd5c0</run_address>
         <size>0x1b0</size>
         <input_file_ref idref="fl-1c"/>
      </object_component>
      <object_component id="oc-315">
         <name>.const:$O1$$</name>
         <load_address>0xd770</load_address>
         <run_address>0xd770</run_address>
         <size>0x158</size>
         <input_file_ref idref="fl-f8"/>
      </object_component>
      <object_component id="oc-158">
         <name>.const:g_ppui32GPIOIntMapSnowflake</name>
         <load_address>0xd8c8</load_address>
         <run_address>0xd8c8</run_address>
         <size>0xd8</size>
         <input_file_ref idref="fl-10"/>
      </object_component>
      <object_component id="oc-155">
         <name>.const:g_ppui32GPIOIntMapBlizzard</name>
         <load_address>0xd9a0</load_address>
         <run_address>0xd9a0</run_address>
         <size>0xc0</size>
         <input_file_ref idref="fl-10"/>
      </object_component>
      <object_component id="oc-17d">
         <name>.const:g_pui32Regs</name>
         <load_address>0xda60</load_address>
         <run_address>0xda60</run_address>
         <size>0x9c</size>
         <input_file_ref idref="fl-13"/>
      </object_component>
      <object_component id="oc-300">
         <name>.const:$O1$$</name>
         <load_address>0xdb00</load_address>
         <run_address>0xdb00</run_address>
         <size>0x98</size>
         <input_file_ref idref="fl-e8"/>
      </object_component>
      <object_component id="oc-15b">
         <name>.const:g_pui32GPIOBaseAddrs</name>
         <load_address>0xdb98</load_address>
         <run_address>0xdb98</run_address>
         <size>0x90</size>
         <input_file_ref idref="fl-10"/>
      </object_component>
      <object_component id="oc-144">
         <name>.const:g_pui32Xtals</name>
         <load_address>0xdc28</load_address>
         <run_address>0xdc28</run_address>
         <size>0x6c</size>
         <input_file_ref idref="fl-1c"/>
      </object_component>
      <object_component id="oc-160">
         <name>.const:g_ppui32TimerIntMap</name>
         <load_address>0xdc94</load_address>
         <run_address>0xdc94</run_address>
         <size>0x60</size>
         <input_file_ref idref="fl-1f"/>
      </object_component>
      <object_component id="oc-163">
         <name>.const:g_ppui32TimerIntMapSnowflake</name>
         <load_address>0xdcf4</load_address>
         <run_address>0xdcf4</run_address>
         <size>0x40</size>
         <input_file_ref idref="fl-1f"/>
      </object_component>
      <object_component id="oc-16f">
         <name>.const:g_ppui32UARTIntMap</name>
         <load_address>0xdd34</load_address>
         <run_address>0xdd34</run_address>
         <size>0x40</size>
         <input_file_ref idref="fl-20"/>
      </object_component>
      <object_component id="oc-172">
         <name>.const:g_ppui32UARTIntMapSnowflake</name>
         <load_address>0xdd74</load_address>
         <run_address>0xdd74</run_address>
         <size>0x40</size>
         <input_file_ref idref="fl-20"/>
      </object_component>
      <object_component id="oc-13b">
         <name>.const:g_sXTALtoMEMTIM</name>
         <load_address>0xddb4</load_address>
         <run_address>0xddb4</run_address>
         <size>0x30</size>
         <input_file_ref idref="fl-1c"/>
      </object_component>
      <object_component id="oc-17a">
         <name>.const:g_pui32Priority</name>
         <load_address>0xdde4</load_address>
         <run_address>0xdde4</run_address>
         <size>0x20</size>
         <input_file_ref idref="fl-13"/>
      </object_component>
      <object_component id="oc-183">
         <name>.const:g_pui32Dii16Regs</name>
         <load_address>0xde04</load_address>
         <run_address>0xde04</run_address>
         <size>0x14</size>
         <input_file_ref idref="fl-13"/>
      </object_component>
      <object_component id="oc-180">
         <name>.const:g_pui32EnRegs</name>
         <load_address>0xde18</load_address>
         <run_address>0xde18</run_address>
         <size>0x14</size>
         <input_file_ref idref="fl-13"/>
      </object_component>
      <object_component id="oc-186">
         <name>.const:g_pui32PendRegs</name>
         <load_address>0xde2c</load_address>
         <run_address>0xde2c</run_address>
         <size>0x14</size>
         <input_file_ref idref="fl-13"/>
      </object_component>
      <object_component id="oc-189">
         <name>.const:g_pui32UnpendRegs</name>
         <load_address>0xde40</load_address>
         <run_address>0xde40</run_address>
         <size>0x14</size>
         <input_file_ref idref="fl-13"/>
      </object_component>
      <object_component id="oc-147">
         <name>.const:g_pui32VCOFrequencies</name>
         <load_address>0xde54</load_address>
         <run_address>0xde54</run_address>
         <size>0x8</size>
         <input_file_ref idref="fl-1c"/>
      </object_component>
      <object_component id="oc-380">
         <name>__TI_handler_table</name>
         <load_address>0xde60</load_address>
         <run_address>0xde60</run_address>
         <size>0xc</size>
      </object_component>
      <object_component id="oc-383">
         <name>.cinit..data.load</name>
         <load_address>0xde6c</load_address>
         <run_address>0xde6c</run_address>
         <size>0xb</size>
      </object_component>
      <object_component id="oc-384">
         <name>.cinit..bss.load</name>
         <load_address>0xde78</load_address>
         <run_address>0xde78</run_address>
         <size>0x8</size>
      </object_component>
      <object_component id="oc-382">
         <name>.cinit..vtable.load</name>
         <load_address>0xde80</load_address>
         <run_address>0xde80</run_address>
         <size>0x8</size>
      </object_component>
      <object_component id="oc-381">
         <name>__TI_cinit_table</name>
         <load_address>0xde88</load_address>
         <run_address>0xde88</run_address>
         <size>0x18</size>
      </object_component>
      <object_component id="oc-177">
         <name>.vtable</name>
         <uninitialized>true</uninitialized>
         <run_address>0x20000000</run_address>
         <size>0x26c</size>
         <input_file_ref idref="fl-13"/>
      </object_component>
      <object_component id="oc-ef">
         <name>.data</name>
         <load_address>0x20000b38</load_address>
         <run_address>0x20000b38</run_address>
         <size>0x8</size>
         <input_file_ref idref="fl-28"/>
      </object_component>
      <object_component id="oc-285">
         <name>.data</name>
         <load_address>0x20000b40</load_address>
         <run_address>0x20000b40</run_address>
         <size>0x4</size>
         <input_file_ref idref="fl-fa"/>
      </object_component>
      <object_component id="oc-168">
         <name>.bss:g_pui8OversampleFactor</name>
         <uninitialized>true</uninitialized>
         <run_address>0x2000091c</run_address>
         <size>0x8</size>
         <input_file_ref idref="fl-3"/>
      </object_component>
      <object_component id="oc-b9">
         <name>.common:JubileuData</name>
         <uninitialized>true</uninitialized>
         <run_address>0x20000270</run_address>
         <size>0x4b8</size>
      </object_component>
      <object_component id="oc-b7">
         <name>.common:StateMachineComm</name>
         <uninitialized>true</uninitialized>
         <run_address>0x20000728</run_address>
         <size>0x1bc</size>
      </object_component>
      <object_component id="oc-b8">
         <name>.common:retornoADC</name>
         <uninitialized>true</uninitialized>
         <run_address>0x200008e4</run_address>
         <size>0x38</size>
      </object_component>
      <object_component id="oc-a1">
         <name>.common:ui32SysClkFreq</name>
         <uninitialized>true</uninitialized>
         <run_address>0x20000930</run_address>
         <size>0x4</size>
      </object_component>
      <object_component id="oc-a4">
         <name>.common:ui32Period</name>
         <uninitialized>true</uninitialized>
         <run_address>0x2000092c</run_address>
         <size>0x4</size>
      </object_component>
      <object_component id="oc-b6">
         <name>.common:ui32Load</name>
         <uninitialized>true</uninitialized>
         <run_address>0x20000924</run_address>
         <size>0x4</size>
      </object_component>
      <object_component id="oc-b5">
         <name>.common:ui32PWMClock</name>
         <uninitialized>true</uninitialized>
         <run_address>0x20000928</run_address>
         <size>0x4</size>
      </object_component>
      <object_component id="oc-21">
         <name>.stack</name>
         <uninitialized>true</uninitialized>
         <run_address>0x20000938</run_address>
         <size>0x4</size>
         <input_file_ref idref="fl-f9"/>
      </object_component>
      <object_component id="oc-385">
         <name>.stack</name>
         <uninitialized>true</uninitialized>
         <run_address>0x20000938</run_address>
         <size>0x0</size>
      </object_component>
      <object_component id="oc-32">
         <name>.debug_info</name>
         <load_address>0x0</load_address>
         <run_address>0x0</run_address>
         <size>0x41c</size>
         <input_file_ref idref="fl-2"/>
      </object_component>
      <object_component id="oc-10">
         <name>.debug_info</name>
         <load_address>0x41c</load_address>
         <run_address>0x41c</run_address>
         <size>0xe9</size>
         <input_file_ref idref="fl-2"/>
      </object_component>
      <object_component id="oc-25">
         <name>.debug_info</name>
         <load_address>0x505</load_address>
         <run_address>0x505</run_address>
         <size>0x26a</size>
         <input_file_ref idref="fl-2"/>
      </object_component>
      <object_component id="oc-109">
         <name>.debug_info</name>
         <load_address>0x76f</load_address>
         <run_address>0x76f</run_address>
         <size>0x1aa</size>
         <input_file_ref idref="fl-2"/>
      </object_component>
      <object_component id="oc-104">
         <name>.debug_info</name>
         <load_address>0x919</load_address>
         <run_address>0x919</run_address>
         <size>0x26b</size>
         <input_file_ref idref="fl-2"/>
      </object_component>
      <object_component id="oc-192">
         <name>.debug_info</name>
         <load_address>0xb84</load_address>
         <run_address>0xb84</run_address>
         <size>0x154</size>
         <input_file_ref idref="fl-2"/>
      </object_component>
      <object_component id="oc-39">
         <name>.debug_info</name>
         <load_address>0xcd8</load_address>
         <run_address>0xcd8</run_address>
         <size>0x84</size>
         <input_file_ref idref="fl-2"/>
      </object_component>
      <object_component id="oc-ff">
         <name>.debug_info</name>
         <load_address>0xd5c</load_address>
         <run_address>0xd5c</run_address>
         <size>0x39</size>
         <input_file_ref idref="fl-2"/>
      </object_component>
      <object_component id="oc-1c9">
         <name>.debug_info</name>
         <load_address>0xd95</load_address>
         <run_address>0xd95</run_address>
         <size>0x297</size>
         <input_file_ref idref="fl-2"/>
      </object_component>
      <object_component id="oc-14f">
         <name>.debug_info</name>
         <load_address>0x102c</load_address>
         <run_address>0x102c</run_address>
         <size>0xef</size>
         <input_file_ref idref="fl-2"/>
      </object_component>
      <object_component id="oc-f8">
         <name>.debug_info</name>
         <load_address>0x111b</load_address>
         <run_address>0x111b</run_address>
         <size>0xbb</size>
         <input_file_ref idref="fl-2"/>
      </object_component>
      <object_component id="oc-16c">
         <name>.debug_info</name>
         <load_address>0x11d6</load_address>
         <run_address>0x11d6</run_address>
         <size>0x32f</size>
         <input_file_ref idref="fl-3"/>
      </object_component>
      <object_component id="oc-169">
         <name>.debug_info</name>
         <load_address>0x1505</load_address>
         <run_address>0x1505</run_address>
         <size>0xf0</size>
         <input_file_ref idref="fl-3"/>
      </object_component>
      <object_component id="oc-84">
         <name>.debug_info</name>
         <load_address>0x15f5</load_address>
         <run_address>0x15f5</run_address>
         <size>0x2b44</size>
         <input_file_ref idref="fl-3"/>
      </object_component>
      <object_component id="oc-f3">
         <name>.debug_info</name>
         <load_address>0x4139</load_address>
         <run_address>0x4139</run_address>
         <size>0x8b</size>
         <input_file_ref idref="fl-3"/>
      </object_component>
      <object_component id="oc-142">
         <name>.debug_info</name>
         <load_address>0x41c4</load_address>
         <run_address>0x41c4</run_address>
         <size>0x335</size>
         <input_file_ref idref="fl-7"/>
      </object_component>
      <object_component id="oc-15f">
         <name>.debug_info</name>
         <load_address>0x44f9</load_address>
         <run_address>0x44f9</run_address>
         <size>0x359</size>
         <input_file_ref idref="fl-10"/>
      </object_component>
      <object_component id="oc-156">
         <name>.debug_info</name>
         <load_address>0x4852</load_address>
         <run_address>0x4852</run_address>
         <size>0xf9</size>
         <input_file_ref idref="fl-10"/>
      </object_component>
      <object_component id="oc-159">
         <name>.debug_info</name>
         <load_address>0x494b</load_address>
         <run_address>0x494b</run_address>
         <size>0xfb</size>
         <input_file_ref idref="fl-10"/>
      </object_component>
      <object_component id="oc-15c">
         <name>.debug_info</name>
         <load_address>0x4a46</load_address>
         <run_address>0x4a46</run_address>
         <size>0xed</size>
         <input_file_ref idref="fl-10"/>
      </object_component>
      <object_component id="oc-7b">
         <name>.debug_info</name>
         <load_address>0x4b33</load_address>
         <run_address>0x4b33</run_address>
         <size>0x311c</size>
         <input_file_ref idref="fl-10"/>
      </object_component>
      <object_component id="oc-18d">
         <name>.debug_info</name>
         <load_address>0x7c4f</load_address>
         <run_address>0x7c4f</run_address>
         <size>0x336</size>
         <input_file_ref idref="fl-13"/>
      </object_component>
      <object_component id="oc-17b">
         <name>.debug_info</name>
         <load_address>0x7f85</load_address>
         <run_address>0x7f85</run_address>
         <size>0xe8</size>
         <input_file_ref idref="fl-13"/>
      </object_component>
      <object_component id="oc-17e">
         <name>.debug_info</name>
         <load_address>0x806d</load_address>
         <run_address>0x806d</run_address>
         <size>0xe0</size>
         <input_file_ref idref="fl-13"/>
      </object_component>
      <object_component id="oc-181">
         <name>.debug_info</name>
         <load_address>0x814d</load_address>
         <run_address>0x814d</run_address>
         <size>0xe4</size>
         <input_file_ref idref="fl-13"/>
      </object_component>
      <object_component id="oc-184">
         <name>.debug_info</name>
         <load_address>0x8231</load_address>
         <run_address>0x8231</run_address>
         <size>0xea</size>
         <input_file_ref idref="fl-13"/>
      </object_component>
      <object_component id="oc-187">
         <name>.debug_info</name>
         <load_address>0x831b</load_address>
         <run_address>0x831b</run_address>
         <size>0xe8</size>
         <input_file_ref idref="fl-13"/>
      </object_component>
      <object_component id="oc-18a">
         <name>.debug_info</name>
         <load_address>0x8403</load_address>
         <run_address>0x8403</run_address>
         <size>0xec</size>
         <input_file_ref idref="fl-13"/>
      </object_component>
      <object_component id="oc-178">
         <name>.debug_info</name>
         <load_address>0x84ef</load_address>
         <run_address>0x84ef</run_address>
         <size>0xe9</size>
         <input_file_ref idref="fl-13"/>
      </object_component>
      <object_component id="oc-98">
         <name>.debug_info</name>
         <load_address>0x85d8</load_address>
         <run_address>0x85d8</run_address>
         <size>0xce9</size>
         <input_file_ref idref="fl-13"/>
      </object_component>
      <object_component id="oc-16e">
         <name>.debug_info</name>
         <load_address>0x92c1</load_address>
         <run_address>0x92c1</run_address>
         <size>0x30b</size>
         <input_file_ref idref="fl-17"/>
      </object_component>
      <object_component id="oc-8b">
         <name>.debug_info</name>
         <load_address>0x95cc</load_address>
         <run_address>0x95cc</run_address>
         <size>0x277a</size>
         <input_file_ref idref="fl-17"/>
      </object_component>
      <object_component id="oc-154">
         <name>.debug_info</name>
         <load_address>0xbd46</load_address>
         <run_address>0xbd46</run_address>
         <size>0x3bb</size>
         <input_file_ref idref="fl-1c"/>
      </object_component>
      <object_component id="oc-145">
         <name>.debug_info</name>
         <load_address>0xc101</load_address>
         <run_address>0xc101</run_address>
         <size>0xdf</size>
         <input_file_ref idref="fl-1c"/>
      </object_component>
      <object_component id="oc-14b">
         <name>.debug_info</name>
         <load_address>0xc1e0</load_address>
         <run_address>0xc1e0</run_address>
         <size>0xeb</size>
         <input_file_ref idref="fl-1c"/>
      </object_component>
      <object_component id="oc-13c">
         <name>.debug_info</name>
         <load_address>0xc2cb</load_address>
         <run_address>0xc2cb</run_address>
         <size>0xe5</size>
         <input_file_ref idref="fl-1c"/>
      </object_component>
      <object_component id="oc-148">
         <name>.debug_info</name>
         <load_address>0xc3b0</load_address>
         <run_address>0xc3b0</run_address>
         <size>0xf2</size>
         <input_file_ref idref="fl-1c"/>
      </object_component>
      <object_component id="oc-74">
         <name>.debug_info</name>
         <load_address>0xc4a2</load_address>
         <run_address>0xc4a2</run_address>
         <size>0x2b2f</size>
         <input_file_ref idref="fl-1c"/>
      </object_component>
      <object_component id="oc-227">
         <name>.debug_info</name>
         <load_address>0xefd1</load_address>
         <run_address>0xefd1</run_address>
         <size>0x51</size>
         <input_file_ref idref="fl-1c"/>
      </object_component>
      <object_component id="oc-167">
         <name>.debug_info</name>
         <load_address>0xf022</load_address>
         <run_address>0xf022</run_address>
         <size>0x346</size>
         <input_file_ref idref="fl-1f"/>
      </object_component>
      <object_component id="oc-161">
         <name>.debug_info</name>
         <load_address>0xf368</load_address>
         <run_address>0xf368</run_address>
         <size>0xec</size>
         <input_file_ref idref="fl-1f"/>
      </object_component>
      <object_component id="oc-164">
         <name>.debug_info</name>
         <load_address>0xf454</load_address>
         <run_address>0xf454</run_address>
         <size>0xfe</size>
         <input_file_ref idref="fl-1f"/>
      </object_component>
      <object_component id="oc-7f">
         <name>.debug_info</name>
         <load_address>0xf552</load_address>
         <run_address>0xf552</run_address>
         <size>0x2474</size>
         <input_file_ref idref="fl-1f"/>
      </object_component>
      <object_component id="oc-176">
         <name>.debug_info</name>
         <load_address>0x119c6</load_address>
         <run_address>0x119c6</run_address>
         <size>0x33b</size>
         <input_file_ref idref="fl-20"/>
      </object_component>
      <object_component id="oc-170">
         <name>.debug_info</name>
         <load_address>0x11d01</load_address>
         <run_address>0x11d01</run_address>
         <size>0xe9</size>
         <input_file_ref idref="fl-20"/>
      </object_component>
      <object_component id="oc-173">
         <name>.debug_info</name>
         <load_address>0x11dea</load_address>
         <run_address>0x11dea</run_address>
         <size>0xfb</size>
         <input_file_ref idref="fl-20"/>
      </object_component>
      <object_component id="oc-93">
         <name>.debug_info</name>
         <load_address>0x11ee5</load_address>
         <run_address>0x11ee5</run_address>
         <size>0x26fb</size>
         <input_file_ref idref="fl-20"/>
      </object_component>
      <object_component id="oc-18f">
         <name>.debug_info</name>
         <load_address>0x145e0</load_address>
         <run_address>0x145e0</run_address>
         <size>0x2e5</size>
         <input_file_ref idref="fl-24"/>
      </object_component>
      <object_component id="oc-9c">
         <name>.debug_info</name>
         <load_address>0x148c5</load_address>
         <run_address>0x148c5</run_address>
         <size>0xd3d</size>
         <input_file_ref idref="fl-24"/>
      </object_component>
      <object_component id="oc-1af">
         <name>.debug_info</name>
         <load_address>0x15602</load_address>
         <run_address>0x15602</run_address>
         <size>0x507</size>
         <input_file_ref idref="fl-25"/>
      </object_component>
      <object_component id="oc-ab">
         <name>.debug_info</name>
         <load_address>0x15b09</load_address>
         <run_address>0x15b09</run_address>
         <size>0x4f5</size>
         <input_file_ref idref="fl-25"/>
      </object_component>
      <object_component id="oc-25c">
         <name>.debug_info</name>
         <load_address>0x15ffe</load_address>
         <run_address>0x15ffe</run_address>
         <size>0x46b</size>
         <input_file_ref idref="fl-25"/>
      </object_component>
      <object_component id="oc-197">
         <name>.debug_info</name>
         <load_address>0x16469</load_address>
         <run_address>0x16469</run_address>
         <size>0x124</size>
         <input_file_ref idref="fl-25"/>
      </object_component>
      <object_component id="oc-257">
         <name>.debug_info</name>
         <load_address>0x1658d</load_address>
         <run_address>0x1658d</run_address>
         <size>0x1e0</size>
         <input_file_ref idref="fl-25"/>
      </object_component>
      <object_component id="oc-282">
         <name>.debug_info</name>
         <load_address>0x1676d</load_address>
         <run_address>0x1676d</run_address>
         <size>0x4c8</size>
         <input_file_ref idref="fl-26"/>
      </object_component>
      <object_component id="oc-1aa">
         <name>.debug_info</name>
         <load_address>0x16c35</load_address>
         <run_address>0x16c35</run_address>
         <size>0x43c4</size>
         <input_file_ref idref="fl-26"/>
      </object_component>
      <object_component id="oc-280">
         <name>.debug_info</name>
         <load_address>0x1aff9</load_address>
         <run_address>0x1aff9</run_address>
         <size>0x440</size>
         <input_file_ref idref="fl-27"/>
      </object_component>
      <object_component id="oc-1a3">
         <name>.debug_info</name>
         <load_address>0x1b439</load_address>
         <run_address>0x1b439</run_address>
         <size>0x33fd</size>
         <input_file_ref idref="fl-27"/>
      </object_component>
      <object_component id="oc-a2">
         <name>.debug_info</name>
         <load_address>0x1e836</load_address>
         <run_address>0x1e836</run_address>
         <size>0xf7f</size>
         <input_file_ref idref="fl-28"/>
      </object_component>
      <object_component id="oc-f0">
         <name>.debug_info</name>
         <load_address>0x1f7b5</load_address>
         <run_address>0x1f7b5</run_address>
         <size>0x144</size>
         <input_file_ref idref="fl-28"/>
      </object_component>
      <object_component id="oc-2b">
         <name>.debug_info</name>
         <load_address>0x1f8f9</load_address>
         <run_address>0x1f8f9</run_address>
         <size>0x1d8e</size>
         <input_file_ref idref="fl-28"/>
      </object_component>
      <object_component id="oc-19c">
         <name>.debug_info</name>
         <load_address>0x21687</load_address>
         <run_address>0x21687</run_address>
         <size>0x133</size>
         <input_file_ref idref="fl-28"/>
      </object_component>
      <object_component id="oc-d7">
         <name>.debug_info</name>
         <load_address>0x217ba</load_address>
         <run_address>0x217ba</run_address>
         <size>0x172</size>
         <input_file_ref idref="fl-e3"/>
      </object_component>
      <object_component id="oc-de">
         <name>.debug_info</name>
         <load_address>0x2192c</load_address>
         <run_address>0x2192c</run_address>
         <size>0x183</size>
         <input_file_ref idref="fl-e4"/>
      </object_component>
      <object_component id="oc-2d5">
         <name>.debug_info</name>
         <load_address>0x21aaf</load_address>
         <run_address>0x21aaf</run_address>
         <size>0x290</size>
         <input_file_ref idref="fl-e5"/>
      </object_component>
      <object_component id="oc-277">
         <name>.debug_info</name>
         <load_address>0x21d3f</load_address>
         <run_address>0x21d3f</run_address>
         <size>0x182</size>
         <input_file_ref idref="fl-e5"/>
      </object_component>
      <object_component id="oc-27d">
         <name>.debug_info</name>
         <load_address>0x21ec1</load_address>
         <run_address>0x21ec1</run_address>
         <size>0x183</size>
         <input_file_ref idref="fl-e5"/>
      </object_component>
      <object_component id="oc-2b8">
         <name>.debug_info</name>
         <load_address>0x22044</load_address>
         <run_address>0x22044</run_address>
         <size>0x2af</size>
         <input_file_ref idref="fl-e6"/>
      </object_component>
      <object_component id="oc-262">
         <name>.debug_info</name>
         <load_address>0x222f3</load_address>
         <run_address>0x222f3</run_address>
         <size>0x248</size>
         <input_file_ref idref="fl-e6"/>
      </object_component>
      <object_component id="oc-28a">
         <name>.debug_info</name>
         <load_address>0x2253b</load_address>
         <run_address>0x2253b</run_address>
         <size>0x46</size>
         <input_file_ref idref="fl-e6"/>
      </object_component>
      <object_component id="oc-1b8">
         <name>.debug_info</name>
         <load_address>0x22581</load_address>
         <run_address>0x22581</run_address>
         <size>0x39</size>
         <input_file_ref idref="fl-e6"/>
      </object_component>
      <object_component id="oc-1bd">
         <name>.debug_info</name>
         <load_address>0x225ba</load_address>
         <run_address>0x225ba</run_address>
         <size>0x2cb</size>
         <input_file_ref idref="fl-e7"/>
      </object_component>
      <object_component id="oc-bb">
         <name>.debug_info</name>
         <load_address>0x22885</load_address>
         <run_address>0x22885</run_address>
         <size>0x24e</size>
         <input_file_ref idref="fl-e7"/>
      </object_component>
      <object_component id="oc-339">
         <name>.debug_info</name>
         <load_address>0x22ad3</load_address>
         <run_address>0x22ad3</run_address>
         <size>0x2f8</size>
         <input_file_ref idref="fl-e8"/>
      </object_component>
      <object_component id="oc-301">
         <name>.debug_info</name>
         <load_address>0x22dcb</load_address>
         <run_address>0x22dcb</run_address>
         <size>0x132</size>
         <input_file_ref idref="fl-e8"/>
      </object_component>
      <object_component id="oc-2b5">
         <name>.debug_info</name>
         <load_address>0x22efd</load_address>
         <run_address>0x22efd</run_address>
         <size>0x4ad</size>
         <input_file_ref idref="fl-e8"/>
      </object_component>
      <object_component id="oc-2d3">
         <name>.debug_info</name>
         <load_address>0x233aa</load_address>
         <run_address>0x233aa</run_address>
         <size>0x367</size>
         <input_file_ref idref="fl-e9"/>
      </object_component>
      <object_component id="oc-26e">
         <name>.debug_info</name>
         <load_address>0x23711</load_address>
         <run_address>0x23711</run_address>
         <size>0x79c</size>
         <input_file_ref idref="fl-e9"/>
      </object_component>
      <object_component id="oc-2d1">
         <name>.debug_info</name>
         <load_address>0x23ead</load_address>
         <run_address>0x23ead</run_address>
         <size>0x367</size>
         <input_file_ref idref="fl-ea"/>
      </object_component>
      <object_component id="oc-269">
         <name>.debug_info</name>
         <load_address>0x24214</load_address>
         <run_address>0x24214</run_address>
         <size>0x797</size>
         <input_file_ref idref="fl-ea"/>
      </object_component>
      <object_component id="oc-c6">
         <name>.debug_info</name>
         <load_address>0x249ab</load_address>
         <run_address>0x249ab</run_address>
         <size>0x14d</size>
         <input_file_ref idref="fl-eb"/>
      </object_component>
      <object_component id="oc-e6">
         <name>.debug_info</name>
         <load_address>0x24af8</load_address>
         <run_address>0x24af8</run_address>
         <size>0x129</size>
         <input_file_ref idref="fl-ec"/>
      </object_component>
      <object_component id="oc-e1">
         <name>.debug_info</name>
         <load_address>0x24c21</load_address>
         <run_address>0x24c21</run_address>
         <size>0x12b</size>
         <input_file_ref idref="fl-ec"/>
      </object_component>
      <object_component id="oc-d1">
         <name>.debug_info</name>
         <load_address>0x24d4c</load_address>
         <run_address>0x24d4c</run_address>
         <size>0x13b</size>
         <input_file_ref idref="fl-ed"/>
      </object_component>
      <object_component id="oc-c2">
         <name>.debug_info</name>
         <load_address>0x24e87</load_address>
         <run_address>0x24e87</run_address>
         <size>0x13b</size>
         <input_file_ref idref="fl-ee"/>
      </object_component>
      <object_component id="oc-2bb">
         <name>.debug_info</name>
         <load_address>0x24fc2</load_address>
         <run_address>0x24fc2</run_address>
         <size>0x12f</size>
         <input_file_ref idref="fl-ef"/>
      </object_component>
      <object_component id="oc-b3">
         <name>.debug_info</name>
         <load_address>0x250f1</load_address>
         <run_address>0x250f1</run_address>
         <size>0x13f</size>
         <input_file_ref idref="fl-f0"/>
      </object_component>
      <object_component id="oc-a7">
         <name>.debug_info</name>
         <load_address>0x25230</load_address>
         <run_address>0x25230</run_address>
         <size>0x12d</size>
         <input_file_ref idref="fl-f1"/>
      </object_component>
      <object_component id="oc-cd">
         <name>.debug_info</name>
         <load_address>0x2535d</load_address>
         <run_address>0x2535d</run_address>
         <size>0x12d</size>
         <input_file_ref idref="fl-f2"/>
      </object_component>
      <object_component id="oc-eb">
         <name>.debug_info</name>
         <load_address>0x2548a</load_address>
         <run_address>0x2548a</run_address>
         <size>0x12f</size>
         <input_file_ref idref="fl-f3"/>
      </object_component>
      <object_component id="oc-122">
         <name>.debug_info</name>
         <load_address>0x255b9</load_address>
         <run_address>0x255b9</run_address>
         <size>0x2d5</size>
         <input_file_ref idref="fl-f5"/>
      </object_component>
      <object_component id="oc-54">
         <name>.debug_info</name>
         <load_address>0x2588e</load_address>
         <run_address>0x2588e</run_address>
         <size>0x1b6</size>
         <input_file_ref idref="fl-f5"/>
      </object_component>
      <object_component id="oc-11d">
         <name>.debug_info</name>
         <load_address>0x25a44</load_address>
         <run_address>0x25a44</run_address>
         <size>0x46</size>
         <input_file_ref idref="fl-f5"/>
      </object_component>
      <object_component id="oc-1d5">
         <name>.debug_info</name>
         <load_address>0x25a8a</load_address>
         <run_address>0x25a8a</run_address>
         <size>0x2c</size>
         <input_file_ref idref="fl-f5"/>
      </object_component>
      <object_component id="oc-49">
         <name>.debug_info</name>
         <load_address>0x25ab6</load_address>
         <run_address>0x25ab6</run_address>
         <size>0x2a9</size>
         <input_file_ref idref="fl-f6"/>
      </object_component>
      <object_component id="oc-1a">
         <name>.debug_info</name>
         <load_address>0x25d5f</load_address>
         <run_address>0x25d5f</run_address>
         <size>0x1eb</size>
         <input_file_ref idref="fl-f6"/>
      </object_component>
      <object_component id="oc-44">
         <name>.debug_info</name>
         <load_address>0x25f4a</load_address>
         <run_address>0x25f4a</run_address>
         <size>0x46</size>
         <input_file_ref idref="fl-f6"/>
      </object_component>
      <object_component id="oc-115">
         <name>.debug_info</name>
         <load_address>0x25f90</load_address>
         <run_address>0x25f90</run_address>
         <size>0x2c</size>
         <input_file_ref idref="fl-f6"/>
      </object_component>
      <object_component id="oc-113">
         <name>.debug_info</name>
         <load_address>0x25fbc</load_address>
         <run_address>0x25fbc</run_address>
         <size>0x29f</size>
         <input_file_ref idref="fl-f7"/>
      </object_component>
      <object_component id="oc-15">
         <name>.debug_info</name>
         <load_address>0x2625b</load_address>
         <run_address>0x2625b</run_address>
         <size>0x251</size>
         <input_file_ref idref="fl-f7"/>
      </object_component>
      <object_component id="oc-34">
         <name>.debug_info</name>
         <load_address>0x264ac</load_address>
         <run_address>0x264ac</run_address>
         <size>0x60</size>
         <input_file_ref idref="fl-f7"/>
      </object_component>
      <object_component id="oc-1ce">
         <name>.debug_info</name>
         <load_address>0x2650c</load_address>
         <run_address>0x2650c</run_address>
         <size>0x46</size>
         <input_file_ref idref="fl-f7"/>
      </object_component>
      <object_component id="oc-10e">
         <name>.debug_info</name>
         <load_address>0x26552</load_address>
         <run_address>0x26552</run_address>
         <size>0x39</size>
         <input_file_ref idref="fl-f7"/>
      </object_component>
      <object_component id="oc-319">
         <name>.debug_info</name>
         <load_address>0x2658b</load_address>
         <run_address>0x2658b</run_address>
         <size>0x3ab</size>
         <input_file_ref idref="fl-f8"/>
      </object_component>
      <object_component id="oc-316">
         <name>.debug_info</name>
         <load_address>0x26936</load_address>
         <run_address>0x26936</run_address>
         <size>0x13b</size>
         <input_file_ref idref="fl-f8"/>
      </object_component>
      <object_component id="oc-2c8">
         <name>.debug_info</name>
         <load_address>0x26a71</load_address>
         <run_address>0x26a71</run_address>
         <size>0x730</size>
         <input_file_ref idref="fl-f8"/>
      </object_component>
      <object_component id="oc-34b">
         <name>.debug_info</name>
         <load_address>0x271a1</load_address>
         <run_address>0x271a1</run_address>
         <size>0x39</size>
         <input_file_ref idref="fl-f8"/>
      </object_component>
      <object_component id="oc-31b">
         <name>.debug_info</name>
         <load_address>0x271da</load_address>
         <run_address>0x271da</run_address>
         <size>0x2c</size>
         <input_file_ref idref="fl-f8"/>
      </object_component>
      <object_component id="oc-22">
         <name>.debug_info</name>
         <load_address>0x27206</load_address>
         <run_address>0x27206</run_address>
         <size>0x10c</size>
         <input_file_ref idref="fl-f9"/>
      </object_component>
      <object_component id="oc-5e">
         <name>.debug_info</name>
         <load_address>0x27312</load_address>
         <run_address>0x27312</run_address>
         <size>0x1aa</size>
         <input_file_ref idref="fl-f9"/>
      </object_component>
      <object_component id="oc-289">
         <name>.debug_info</name>
         <load_address>0x274bc</load_address>
         <run_address>0x274bc</run_address>
         <size>0x28a</size>
         <input_file_ref idref="fl-fa"/>
      </object_component>
      <object_component id="oc-286">
         <name>.debug_info</name>
         <load_address>0x27746</load_address>
         <run_address>0x27746</run_address>
         <size>0x10f</size>
         <input_file_ref idref="fl-fa"/>
      </object_component>
      <object_component id="oc-1b5">
         <name>.debug_info</name>
         <load_address>0x27855</load_address>
         <run_address>0x27855</run_address>
         <size>0x14f</size>
         <input_file_ref idref="fl-fa"/>
      </object_component>
      <object_component id="oc-321">
         <name>.debug_info</name>
         <load_address>0x279a4</load_address>
         <run_address>0x279a4</run_address>
         <size>0x28e</size>
         <input_file_ref idref="fl-fb"/>
      </object_component>
      <object_component id="oc-2cb">
         <name>.debug_info</name>
         <load_address>0x27c32</load_address>
         <run_address>0x27c32</run_address>
         <size>0x328</size>
         <input_file_ref idref="fl-fb"/>
      </object_component>
      <object_component id="oc-308">
         <name>.debug_info</name>
         <load_address>0x27f5a</load_address>
         <run_address>0x27f5a</run_address>
         <size>0x293</size>
         <input_file_ref idref="fl-fc"/>
      </object_component>
      <object_component id="oc-2c0">
         <name>.debug_info</name>
         <load_address>0x281ed</load_address>
         <run_address>0x281ed</run_address>
         <size>0x381</size>
         <input_file_ref idref="fl-fc"/>
      </object_component>
      <object_component id="oc-346">
         <name>.debug_info</name>
         <load_address>0x2856e</load_address>
         <run_address>0x2856e</run_address>
         <size>0x290</size>
         <input_file_ref idref="fl-fd"/>
      </object_component>
      <object_component id="oc-313">
         <name>.debug_info</name>
         <load_address>0x287fe</load_address>
         <run_address>0x287fe</run_address>
         <size>0x22b</size>
         <input_file_ref idref="fl-fd"/>
      </object_component>
      <object_component id="oc-344">
         <name>.debug_info</name>
         <load_address>0x28a29</load_address>
         <run_address>0x28a29</run_address>
         <size>0x2fe</size>
         <input_file_ref idref="fl-fe"/>
      </object_component>
      <object_component id="oc-30c">
         <name>.debug_info</name>
         <load_address>0x28d27</load_address>
         <run_address>0x28d27</run_address>
         <size>0x226</size>
         <input_file_ref idref="fl-fe"/>
      </object_component>
      <object_component id="oc-124">
         <name>.debug_info</name>
         <load_address>0x28f4d</load_address>
         <run_address>0x28f4d</run_address>
         <size>0x148</size>
         <input_file_ref idref="fl-100"/>
      </object_component>
      <object_component id="oc-3f">
         <name>.debug_info</name>
         <load_address>0x29095</load_address>
         <run_address>0x29095</run_address>
         <size>0x11a</size>
         <input_file_ref idref="fl-101"/>
      </object_component>
      <object_component id="oc-29c">
         <name>.debug_info</name>
         <load_address>0x291af</load_address>
         <run_address>0x291af</run_address>
         <size>0x4b4</size>
         <input_file_ref idref="fl-102"/>
      </object_component>
      <object_component id="oc-1ec">
         <name>.debug_info</name>
         <load_address>0x29663</load_address>
         <run_address>0x29663</run_address>
         <size>0x1a7</size>
         <input_file_ref idref="fl-102"/>
      </object_component>
      <object_component id="oc-2ef">
         <name>.debug_info</name>
         <load_address>0x2980a</load_address>
         <run_address>0x2980a</run_address>
         <size>0x39</size>
         <input_file_ref idref="fl-102"/>
      </object_component>
      <object_component id="oc-32b">
         <name>.debug_info</name>
         <load_address>0x29843</load_address>
         <run_address>0x29843</run_address>
         <size>0x39</size>
         <input_file_ref idref="fl-102"/>
      </object_component>
      <object_component id="oc-2f4">
         <name>.debug_info</name>
         <load_address>0x2987c</load_address>
         <run_address>0x2987c</run_address>
         <size>0x39</size>
         <input_file_ref idref="fl-102"/>
      </object_component>
      <object_component id="oc-2f9">
         <name>.debug_info</name>
         <load_address>0x298b5</load_address>
         <run_address>0x298b5</run_address>
         <size>0xcd</size>
         <input_file_ref idref="fl-102"/>
      </object_component>
      <object_component id="oc-12a">
         <name>.debug_info</name>
         <load_address>0x29982</load_address>
         <run_address>0x29982</run_address>
         <size>0x154</size>
         <input_file_ref idref="fl-103"/>
      </object_component>
      <object_component id="oc-1e0">
         <name>.debug_info</name>
         <load_address>0x29ad6</load_address>
         <run_address>0x29ad6</run_address>
         <size>0x123</size>
         <input_file_ref idref="fl-105"/>
      </object_component>
      <object_component id="oc-340">
         <name>.debug_info</name>
         <load_address>0x29bf9</load_address>
         <run_address>0x29bf9</run_address>
         <size>0x162</size>
         <input_file_ref idref="fl-108"/>
      </object_component>
      <object_component id="oc-386">
         <name>.debug_info</name>
         <load_address>0x29d5b</load_address>
         <run_address>0x29d5b</run_address>
         <size>0x9b</size>
      </object_component>
      <object_component id="oc-fe">
         <name>.debug_line</name>
         <load_address>0x0</load_address>
         <run_address>0x0</run_address>
         <size>0x42</size>
         <input_file_ref idref="fl-2"/>
      </object_component>
      <object_component id="oc-31">
         <name>.debug_line</name>
         <load_address>0x42</load_address>
         <run_address>0x42</run_address>
         <size>0x42</size>
         <input_file_ref idref="fl-2"/>
      </object_component>
      <object_component id="oc-29">
         <name>.debug_line</name>
         <load_address>0x84</load_address>
         <run_address>0x84</run_address>
         <size>0xa2</size>
         <input_file_ref idref="fl-2"/>
      </object_component>
      <object_component id="oc-10c">
         <name>.debug_line</name>
         <load_address>0x126</load_address>
         <run_address>0x126</run_address>
         <size>0x60</size>
         <input_file_ref idref="fl-2"/>
      </object_component>
      <object_component id="oc-107">
         <name>.debug_line</name>
         <load_address>0x186</load_address>
         <run_address>0x186</run_address>
         <size>0x6f</size>
         <input_file_ref idref="fl-2"/>
      </object_component>
      <object_component id="oc-195">
         <name>.debug_line</name>
         <load_address>0x1f5</load_address>
         <run_address>0x1f5</run_address>
         <size>0x54</size>
         <input_file_ref idref="fl-2"/>
      </object_component>
      <object_component id="oc-3c">
         <name>.debug_line</name>
         <load_address>0x249</load_address>
         <run_address>0x249</run_address>
         <size>0x20</size>
         <input_file_ref idref="fl-2"/>
      </object_component>
      <object_component id="oc-102">
         <name>.debug_line</name>
         <load_address>0x269</load_address>
         <run_address>0x269</run_address>
         <size>0x63</size>
         <input_file_ref idref="fl-2"/>
      </object_component>
      <object_component id="oc-1cc">
         <name>.debug_line</name>
         <load_address>0x2cc</load_address>
         <run_address>0x2cc</run_address>
         <size>0x73</size>
         <input_file_ref idref="fl-2"/>
      </object_component>
      <object_component id="oc-152">
         <name>.debug_line</name>
         <load_address>0x33f</load_address>
         <run_address>0x33f</run_address>
         <size>0x6f</size>
         <input_file_ref idref="fl-2"/>
      </object_component>
      <object_component id="oc-fb">
         <name>.debug_line</name>
         <load_address>0x3ae</load_address>
         <run_address>0x3ae</run_address>
         <size>0x70</size>
         <input_file_ref idref="fl-2"/>
      </object_component>
      <object_component id="oc-23c">
         <name>.debug_line</name>
         <load_address>0x41e</load_address>
         <run_address>0x41e</run_address>
         <size>0x5f</size>
         <input_file_ref idref="fl-3"/>
      </object_component>
      <object_component id="oc-23a">
         <name>.debug_line</name>
         <load_address>0x47d</load_address>
         <run_address>0x47d</run_address>
         <size>0x36</size>
         <input_file_ref idref="fl-3"/>
      </object_component>
      <object_component id="oc-88">
         <name>.debug_line</name>
         <load_address>0x4b3</load_address>
         <run_address>0x4b3</run_address>
         <size>0x601</size>
         <input_file_ref idref="fl-3"/>
      </object_component>
      <object_component id="oc-f6">
         <name>.debug_line</name>
         <load_address>0xab4</load_address>
         <run_address>0xab4</run_address>
         <size>0x20</size>
         <input_file_ref idref="fl-3"/>
      </object_component>
      <object_component id="oc-141">
         <name>.debug_line</name>
         <load_address>0xad4</load_address>
         <run_address>0xad4</run_address>
         <size>0xd9</size>
         <input_file_ref idref="fl-7"/>
      </object_component>
      <object_component id="oc-232">
         <name>.debug_line</name>
         <load_address>0xbad</load_address>
         <run_address>0xbad</run_address>
         <size>0x5f</size>
         <input_file_ref idref="fl-10"/>
      </object_component>
      <object_component id="oc-22c">
         <name>.debug_line</name>
         <load_address>0xc0c</load_address>
         <run_address>0xc0c</run_address>
         <size>0x37</size>
         <input_file_ref idref="fl-10"/>
      </object_component>
      <object_component id="oc-22e">
         <name>.debug_line</name>
         <load_address>0xc43</load_address>
         <run_address>0xc43</run_address>
         <size>0x37</size>
         <input_file_ref idref="fl-10"/>
      </object_component>
      <object_component id="oc-230">
         <name>.debug_line</name>
         <load_address>0xc7a</load_address>
         <run_address>0xc7a</run_address>
         <size>0x37</size>
         <input_file_ref idref="fl-10"/>
      </object_component>
      <object_component id="oc-79">
         <name>.debug_line</name>
         <load_address>0xcb1</load_address>
         <run_address>0xcb1</run_address>
         <size>0x632</size>
         <input_file_ref idref="fl-10"/>
      </object_component>
      <object_component id="oc-254">
         <name>.debug_line</name>
         <load_address>0x12e3</load_address>
         <run_address>0x12e3</run_address>
         <size>0x59</size>
         <input_file_ref idref="fl-13"/>
      </object_component>
      <object_component id="oc-248">
         <name>.debug_line</name>
         <load_address>0x133c</load_address>
         <run_address>0x133c</run_address>
         <size>0x3c</size>
         <input_file_ref idref="fl-13"/>
      </object_component>
      <object_component id="oc-24a">
         <name>.debug_line</name>
         <load_address>0x1378</load_address>
         <run_address>0x1378</run_address>
         <size>0x3c</size>
         <input_file_ref idref="fl-13"/>
      </object_component>
      <object_component id="oc-24c">
         <name>.debug_line</name>
         <load_address>0x13b4</load_address>
         <run_address>0x13b4</run_address>
         <size>0x3c</size>
         <input_file_ref idref="fl-13"/>
      </object_component>
      <object_component id="oc-24e">
         <name>.debug_line</name>
         <load_address>0x13f0</load_address>
         <run_address>0x13f0</run_address>
         <size>0x3c</size>
         <input_file_ref idref="fl-13"/>
      </object_component>
      <object_component id="oc-250">
[...]
         <value>0x3cc1</value>
         <object_component_ref idref="oc-1a8"/>
      </symbol>
      <symbol id="sm-831">
         <name>fuzzyficacaoEOSP</name>
         <value>0xccd</value>
         <object_component_ref idref="oc-1a8"/>
      </symbol>
      <symbol id="sm-832">
         <name>verificaAtivacaoSP</name>
         <value>0x999</value>
         <object_component_ref idref="oc-1a8"/>
      </symbol>
      <symbol id="sm-833">
         <name>calculaFuzzyNot</name>
         <value>0xc71</value>
         <object_component_ref idref="oc-1a8"/>
      </symbol>
      <symbol id="sm-834">
         <name>Exec_SM_ControladorFuzzy_Transicao</name>
         <value>0x2fb</value>
         <object_component_ref idref="oc-1a8"/>
      </symbol>
      <symbol id="sm-835">
         <name>aplicaRegrasEDefuzzificacaoEO</name>
         <value>0x10b9</value>
         <object_component_ref idref="oc-1a8"/>
      </symbol>
      <symbol id="sm-836">
         <name>calculaFISSeguirVetor</name>
         <value>0xbc1</value>
         <object_component_ref idref="oc-1a8"/>
      </symbol>
      <symbol id="sm-837">
         <name>fuzzificacaoSeguirVetor</name>
         <value>0x2b09</value>
         <object_component_ref idref="oc-1a8"/>
      </symbol>
      <symbol id="sm-838">
         <name>evaluateMin</name>
         <value>0x3d51</value>
         <object_component_ref idref="oc-1a8"/>
      </symbol>
      <symbol id="sm-839">
         <name>calculaFISEO</name>
         <value>0xb8b</value>
         <object_component_ref idref="oc-1a8"/>
      </symbol>
      <symbol id="sm-83a">
         <name>definirSentidoDeContorno</name>
         <value>0x845</value>
         <object_component_ref idref="oc-1a8"/>
      </symbol>
      <symbol id="sm-83b">
         <name>Init_SM_Controlador_Fuzzy</name>
         <value>0x297</value>
         <object_component_ref idref="oc-1a8"/>
      </symbol>
      <symbol id="sm-91c">
         <name>encontraMenoresDistanciasSeguirParede</name>
         <value>0x4c5d</value>
         <object_component_ref idref="oc-1a2"/>
      </symbol>
      <symbol id="sm-91d">
         <name>verificaSeguirParedeEsquerdaDireita</name>
         <value>0x4f6d</value>
         <object_component_ref idref="oc-1a2"/>
      </symbol>
      <symbol id="sm-91e">
         <name>normalizaVetor</name>
         <value>0x4bc1</value>
         <object_component_ref idref="oc-1a2"/>
      </symbol>
      <symbol id="sm-91f">
         <name>ExecutarSupervisorHibrido</name>
         <value>0x4693</value>
         <object_component_ref idref="oc-1a2"/>
      </symbol>
      <symbol id="sm-920">
         <name>resetController</name>
         <value>0x4b2f</value>
         <object_component_ref idref="oc-1a2"/>
      </symbol>
      <symbol id="sm-921">
         <name>norm</name>
         <value>0x4b63</value>
         <object_component_ref idref="oc-1a2"/>
      </symbol>
      <symbol id="sm-922">
         <name>obstaculoEstaPresente</name>
         <value>0x540f</value>
         <object_component_ref idref="oc-1a2"/>
      </symbol>
      <symbol id="sm-923">
         <name>checkEventProgressMade</name>
         <value>0x46f5</value>
         <object_component_ref idref="oc-1a2"/>
      </symbol>
      <symbol id="sm-924">
         <name>calculaVetorGoToGoal</name>
         <value>0x4ce1</value>
         <object_component_ref idref="oc-1a2"/>
      </symbol>
      <symbol id="sm-925">
         <name>converterRadPorSecParaPorcPWM</name>
         <value>0x58d9</value>
         <object_component_ref idref="oc-1a2"/>
      </symbol>
      <symbol id="sm-926">
         <name>checkEventObstacleCleared</name>
         <value>0x4a81</value>
         <object_component_ref idref="oc-1a2"/>
      </symbol>
      <symbol id="sm-927">
         <name>checkEventSlidingLeft</name>
         <value>0x47ad</value>
         <object_component_ref idref="oc-1a2"/>
      </symbol>
      <symbol id="sm-928">
         <name>calculaParametrosReutilizaveis</name>
         <value>0x4c15</value>
         <object_component_ref idref="oc-1a2"/>
      </symbol>
      <symbol id="sm-929">
         <name>uniToDiff</name>
         <value>0x57c9</value>
         <object_component_ref idref="oc-1a2"/>
      </symbol>
      <symbol id="sm-92a">
         <name>checkEventAtObstacle</name>
         <value>0x4abb</value>
         <object_component_ref idref="oc-1a2"/>
      </symbol>
      <symbol id="sm-92b">
         <name>calculaVetorAvoidObstacles</name>
         <value>0x4d35</value>
         <object_component_ref idref="oc-1a2"/>
      </symbol>
      <symbol id="sm-92c">
         <name>checkEventSlidingRight</name>
         <value>0x4921</value>
         <object_component_ref idref="oc-1a2"/>
      </symbol>
      <symbol id="sm-92d">
         <name>Exec_SM_ControladorHibrido_Controlador</name>
         <value>0x467b</value>
         <object_component_ref idref="oc-1a2"/>
      </symbol>
      <symbol id="sm-92e">
         <name>calculaVetorFollowWall</name>
         <value>0x501d</value>
         <object_component_ref idref="oc-1a2"/>
      </symbol>
      <symbol id="sm-92f">
         <name>Init_SM_Controlador_Hibrido</name>
         <value>0x456f</value>
         <object_component_ref idref="oc-1a2"/>
      </symbol>
      <symbol id="sm-930">
         <name>checkEventAtGoal</name>
         <value>0x46bd</value>
         <object_component_ref idref="oc-1a2"/>
      </symbol>
      <symbol id="sm-931">
         <name>diffToUni</name>
         <value>0x5865</value>
         <object_component_ref idref="oc-1a2"/>
      </symbol>
      <symbol id="sm-932">
         <name>unicicloParaAcionamentoDiferencialPriorizandoOmega</name>
         <value>0x547d</value>
         <object_component_ref idref="oc-1a2"/>
      </symbol>
      <symbol id="sm-933">
         <name>checkEventUnsafe</name>
         <value>0x4af5</value>
         <object_component_ref idref="oc-1a2"/>
      </symbol>
      <symbol id="sm-934">
         <name>Exec_SM_ControladorHibrido_Transicao</name>
         <value>0x462d</value>
         <object_component_ref idref="oc-1a2"/>
      </symbol>
      <symbol id="sm-a53">
         <name>JubileuData</name>
         <value>0x20000270</value>
      </symbol>
      <symbol id="sm-a54">
         <name>StateMachineComm</name>
         <value>0x20000728</value>
      </symbol>
      <symbol id="sm-a55">
         <name>retornoADC</name>
         <value>0x200008e4</value>
      </symbol>
      <symbol id="sm-a56">
         <name>ui32SysClkFreq</name>
         <value>0x20000930</value>
      </symbol>
      <symbol id="sm-a57">
         <name>ui32Period</name>
         <value>0x2000092c</value>
      </symbol>
      <symbol id="sm-a58">
         <name>ui32Load</name>
         <value>0x20000924</value>
      </symbol>
      <symbol id="sm-a59">
         <name>ui32PWMClock</name>
         <value>0x20000928</value>
      </symbol>
      <symbol id="sm-a5a">
         <name>calcularDistanciasSensores</name>
         <value>0x68ad</value>
         <object_component_ref idref="oc-2a"/>
      </symbol>
      <symbol id="sm-a5b">
         <name>InicializaStructRobo</name>
         <value>0x5ec9</value>
         <object_component_ref idref="oc-2a"/>
      </symbol>
      <symbol id="sm-a5c">
         <name>UART3IntHandler</name>
         <value>0x6afd</value>
         <object_component_ref idref="oc-2a"/>
      </symbol>
      <symbol id="sm-a5d">
         <name>ADC1SS1IntHandler</name>
         <value>0x6ba9</value>
         <object_component_ref idref="oc-2a"/>
      </symbol>
      <symbol id="sm-a5e">
         <name>HallEncoder_Esq</name>
         <value>0x20000b38</value>
         <object_component_ref idref="oc-ef"/>
      </symbol>
      <symbol id="sm-a5f">
         <name>IntAsChar</name>
         <value>0x613b</value>
         <object_component_ref idref="oc-2a"/>
      </symbol>
      <symbol id="sm-a60">
         <name>DistanciasSensoresParaString</name>
         <value>0x6581</value>
         <object_component_ref idref="oc-2a"/>
      </symbol>
      <symbol id="sm-a61">
         <name>main</name>
         <value>0x596d</value>
         <object_component_ref idref="oc-2a"/>
      </symbol>
      <symbol id="sm-a62">
         <name>IsNumber</name>
         <value>0x60db</value>
         <object_component_ref idref="oc-2a"/>
      </symbol>
      <symbol id="sm-a63">
         <name>CoordenadaParaString</name>
         <value>0x6379</value>
         <object_component_ref idref="oc-2a"/>
      </symbol>
      <symbol id="sm-a64">
         <name>countControllerExec</name>
         <value>0x20000b3c</value>
         <object_component_ref idref="oc-ef"/>
      </symbol>
      <symbol id="sm-a65">
         <name>UpdateOdometry</name>
         <value>0x617d</value>
         <object_component_ref idref="oc-2a"/>
      </symbol>
      <symbol id="sm-a66">
         <name>ADC0SS1IntHandler</name>
         <value>0x6b6f</value>
         <object_component_ref idref="oc-2a"/>
      </symbol>
      <symbol id="sm-a67">
         <name>GPIO_H_IntHandler</name>
         <value>0x6abd</value>
         <object_component_ref idref="oc-2a"/>
      </symbol>
      <symbol id="sm-a68">
         <name>HallEncoder_Dir</name>
         <value>0x20000b39</value>
         <object_component_ref idref="oc-ef"/>
      </symbol>
      <symbol id="sm-a69">
         <name>CharAsFloat</name>
         <value>0x6121</value>
         <object_component_ref idref="oc-2a"/>
      </symbol>
      <symbol id="sm-a6a">
         <name>AcionarMotor</name>
         <value>0x66f5</value>
         <object_component_ref idref="oc-2a"/>
      </symbol>
      <symbol id="sm-a6b">
         <name>PreparaStringEstado</name>
         <value>0x6095</value>
         <object_component_ref idref="oc-2a"/>
      </symbol>
      <symbol id="sm-a6c">
         <name>Timer0IntHandler</name>
         <value>0x6a41</value>
         <object_component_ref idref="oc-2a"/>
      </symbol>
      <symbol id="sm-a6d">
         <name>GPIO_M_IntHandler</name>
         <value>0x6a7d</value>
         <object_component_ref idref="oc-2a"/>
      </symbol>
      <symbol id="sm-a82">
         <name>cosf</name>
         <value>0xcf91</value>
         <object_component_ref idref="oc-d4"/>
      </symbol>
      <symbol id="sm-a94">
         <name>sinf</name>
         <value>0xd045</value>
         <object_component_ref idref="oc-da"/>
      </symbol>
      <symbol id="sm-ab7">
         <name>fmin</name>
         <value>0xcdf1</value>
         <object_component_ref idref="oc-273"/>
      </symbol>
      <symbol id="sm-ab8">
         <name>fmax</name>
         <value>0xcec5</value>
         <object_component_ref idref="oc-279"/>
      </symbol>
      <symbol id="sm-ab9">
         <name>fmaxl</name>
         <value>0xcec5</value>
         <object_component_ref idref="oc-279"/>
      </symbol>
      <symbol id="sm-aba">
         <name>fminl</name>
         <value>0xcdf1</value>
         <object_component_ref idref="oc-273"/>
      </symbol>
      <symbol id="sm-afc">
         <name>atan2</name>
         <value>0xc115</value>
         <object_component_ref idref="oc-261"/>
      </symbol>
      <symbol id="sm-afd">
         <name>atan2l</name>
         <value>0xc115</value>
         <object_component_ref idref="oc-261"/>
      </symbol>
      <symbol id="sm-b1f">
         <name>sqrtl</name>
         <value>0xc785</value>
         <object_component_ref idref="oc-ba"/>
      </symbol>
      <symbol id="sm-b20">
         <name>sqrt</name>
         <value>0xc785</value>
         <object_component_ref idref="oc-ba"/>
      </symbol>
      <symbol id="sm-b56">
         <name>atanl</name>
         <value>0xbe29</value>
         <object_component_ref idref="oc-2b1"/>
      </symbol>
      <symbol id="sm-b57">
         <name>atan</name>
         <value>0xbe29</value>
         <object_component_ref idref="oc-2b1"/>
      </symbol>
      <symbol id="sm-ba8">
         <name>cosl</name>
         <value>0xaa9d</value>
         <object_component_ref idref="oc-26d"/>
      </symbol>
      <symbol id="sm-ba9">
         <name>cos</name>
         <value>0xaa9d</value>
         <object_component_ref idref="oc-26d"/>
      </symbol>
      <symbol id="sm-bf5">
         <name>sin</name>
         <value>0xb079</value>
         <object_component_ref idref="oc-267"/>
      </symbol>
      <symbol id="sm-bf6">
         <name>sinl</name>
         <value>0xb079</value>
         <object_component_ref idref="oc-267"/>
      </symbol>
      <symbol id="sm-c0d">
         <name>__aeabi_dsub</name>
         <value>0xc2ed</value>
         <object_component_ref idref="oc-c5"/>
      </symbol>
      <symbol id="sm-c0e">
         <name>__aeabi_dadd</name>
         <value>0xc2f7</value>
         <object_component_ref idref="oc-c5"/>
      </symbol>
      <symbol id="sm-c30">
         <name>__aeabi_cdcmpeq</name>
         <value>0xd185</value>
         <object_component_ref idref="oc-e5"/>
      </symbol>
      <symbol id="sm-c31">
         <name>__aeabi_cdcmple</name>
         <value>0xd185</value>
         <object_component_ref idref="oc-e5"/>
      </symbol>
      <symbol id="sm-c32">
         <name>__aeabi_cdrcmple</name>
         <value>0xd20b</value>
         <object_component_ref idref="oc-e0"/>
      </symbol>
      <symbol id="sm-c46">
         <name>__aeabi_ddiv</name>
         <value>0xc8dd</value>
         <object_component_ref idref="oc-cf"/>
      </symbol>
      <symbol id="sm-c51">
         <name>__aeabi_dmul</name>
         <value>0xcb25</value>
         <object_component_ref idref="oc-c0"/>
      </symbol>
      <symbol id="sm-c5b">
         <name>__aeabi_d2iz</name>
         <value>0xd3e1</value>
         <object_component_ref idref="oc-2b9"/>
      </symbol>
      <symbol id="sm-c67">
         <name>__aeabi_d2f</name>
         <value>0xd30b</value>
         <object_component_ref idref="oc-b0"/>
      </symbol>
      <symbol id="sm-c72">
         <name>__aeabi_f2d</name>
         <value>0xd4ab</value>
         <object_component_ref idref="oc-a5"/>
      </symbol>
      <symbol id="sm-c7c">
         <name>__aeabi_i2d</name>
         <value>0xd519</value>
         <object_component_ref idref="oc-ca"/>
      </symbol>
      <symbol id="sm-c86">
         <name>__aeabi_ui2d</name>
         <value>0xd547</value>
         <object_component_ref idref="oc-ea"/>
      </symbol>
      <symbol id="sm-c9e">
         <name>__TI_zero_init</name>
         <value>0xd58f</value>
         <object_component_ref idref="oc-50"/>
      </symbol>
      <symbol id="sm-cb5">
         <name>__TI_decompress_none</name>
         <value>0xd581</value>
         <object_component_ref idref="oc-18"/>
      </symbol>
      <symbol id="sm-cd8">
         <name>__TI_decompress_lzss</name>
         <value>0xd379</value>
         <object_component_ref idref="oc-12"/>
      </symbol>
      <symbol id="sm-d48">
         <name>__kernel_rem_pio2</name>
         <value>0x8fd9</value>
         <object_component_ref idref="oc-2c4"/>
      </symbol>
      <symbol id="sm-d5b">
         <name>__stack</name>
         <value>0x20000938</value>
         <object_component_ref idref="oc-21"/>
      </symbol>
      <symbol id="sm-d5c">
         <name>_c_int00_noargs</name>
         <value>0xd4e5</value>
         <object_component_ref idref="oc-5c"/>
      </symbol>
      <symbol id="sm-d72">
         <name>__aeabi_errno_addr</name>
         <value>0xd5a9</value>
         <object_component_ref idref="oc-1b1"/>
      </symbol>
      <symbol id="sm-d73">
         <name>errno</name>
         <value>0x20000b40</value>
         <object_component_ref idref="oc-285"/>
      </symbol>
      <symbol id="sm-d89">
         <name>__kernel_cos</name>
         <value>0xc619</value>
         <object_component_ref idref="oc-2ca"/>
      </symbol>
      <symbol id="sm-da0">
         <name>__kernel_sin</name>
         <value>0xc4a5</value>
         <object_component_ref idref="oc-2be"/>
      </symbol>
      <symbol id="sm-dbd">
         <name>floorl</name>
         <value>0xcc21</value>
         <object_component_ref idref="oc-30f"/>
      </symbol>
      <symbol id="sm-dbe">
         <name>floor</name>
         <value>0xcc21</value>
         <object_component_ref idref="oc-30f"/>
      </symbol>
      <symbol id="sm-ddb">
         <name>scalbn</name>
         <value>0xca15</value>
         <object_component_ref idref="oc-309"/>
      </symbol>
      <symbol id="sm-ddc">
         <name>scalbnl</name>
         <value>0xca15</value>
         <object_component_ref idref="oc-309"/>
      </symbol>
      <symbol id="sm-ddd">
         <name>ldexpl</name>
         <value>0xca15</value>
         <object_component_ref idref="oc-309"/>
      </symbol>
      <symbol id="sm-dde">
         <name>ldexp</name>
         <value>0xca15</value>
         <object_component_ref idref="oc-309"/>
      </symbol>
      <symbol id="sm-dee">
         <name>__aeabi_memset</name>
         <value>0xd293</value>
         <object_component_ref idref="oc-123"/>
      </symbol>
      <symbol id="sm-def">
         <name>memset</name>
         <value>0xd299</value>
         <object_component_ref idref="oc-123"/>
      </symbol>
      <symbol id="sm-df0">
         <name>__aeabi_memset8</name>
         <value>0xd293</value>
         <object_component_ref idref="oc-123"/>
      </symbol>
      <symbol id="sm-df1">
         <name>__aeabi_memset4</name>
         <value>0xd293</value>
         <object_component_ref idref="oc-123"/>
      </symbol>
      <symbol id="sm-df2">
         <name>__aeabi_memclr8</name>
         <value>0xd291</value>
         <object_component_ref idref="oc-123"/>
      </symbol>
      <symbol id="sm-df3">
         <name>__aeabi_memclr4</name>
         <value>0xd291</value>
         <object_component_ref idref="oc-123"/>
      </symbol>
      <symbol id="sm-df4">
         <name>__aeabi_memclr</name>
         <value>0xd291</value>
         <object_component_ref idref="oc-123"/>
      </symbol>
      <symbol id="sm-e0f">
         <name>memcpy</name>
         <value>0xd0e9</value>
         <object_component_ref idref="oc-3e"/>
      </symbol>
      <symbol id="sm-e10">
         <name>__aeabi_memcpy</name>
         <value>0xd0e9</value>
         <object_component_ref idref="oc-3e"/>
      </symbol>
      <symbol id="sm-e11">
         <name>__aeabi_memcpy8</name>
         <value>0xd0e9</value>
         <object_component_ref idref="oc-3e"/>
      </symbol>
      <symbol id="sm-e12">
         <name>__aeabi_memcpy4</name>
         <value>0xd0e9</value>
         <object_component_ref idref="oc-3e"/>
      </symbol>
      <symbol id="sm-e3a">
         <name>__TI_auto_init_nobinit_nopinit</name>
         <value>0xd429</value>
         <object_component_ref idref="oc-1ea"/>
      </symbol>
      <symbol id="sm-e44">
         <name>_system_pre_init</name>
         <value>0xd5b7</value>
         <object_component_ref idref="oc-129"/>
      </symbol>
      <symbol id="sm-e50">
         <name>C$$EXIT</name>
         <value>0xd5bb</value>
         <object_component_ref idref="oc-1de"/>
      </symbol>
      <symbol id="sm-e51">
         <name>abort</name>
         <value>0xd5bb</value>
         <object_component_ref idref="oc-1de"/>
      </symbol>
      <symbol id="sm-e5d">
         <name>copysign</name>
         <value>0xd567</value>
         <object_component_ref idref="oc-33d"/>
      </symbol>
      <symbol id="sm-e5e">
         <name>copysignl</name>
         <value>0xd567</value>
         <object_component_ref idref="oc-33d"/>
      </symbol>
      <symbol id="sm-e5f">
         <name>__TI_static_base__</name>
         <value>0x0</value>
      </symbol>
      <symbol id="sm-e62">
         <name>__mpu_init</name>
         <value>0x0</value>
      </symbol>
      <symbol id="sm-e63">
         <name>_system_post_cinit</name>
         <value>0x0</value>
      </symbol>
   </symbol_table>
   <title>Link successful</title>
</link_info>
